Component: ARM Compiler 5.06 update 1 (build 61) Tool: armlink [4d35a8]

==============================================================================

Section Cross References

    QuaternionEKF.o(i.IMU_QuaternionEKF_F_Linearization_P_Fading) refers to QuaternionEKF.o(i.invSqrt) for invSqrt
    QuaternionEKF.o(i.IMU_QuaternionEKF_F_Linearization_P_Fading) refers to QuaternionEKF.o(.bss) for .bss
    QuaternionEKF.o(i.IMU_QuaternionEKF_Init) refers to kalman_filter.o(i.Kalman_Filter_Init) for Kalman_Filter_Init
    QuaternionEKF.o(i.IMU_QuaternionEKF_Init) refers to arm_mat_init_f32.o(.text) for arm_mat_init_f32
    QuaternionEKF.o(i.IMU_QuaternionEKF_Init) refers to memcpya.o(.text) for __aeabi_memcpy4
    QuaternionEKF.o(i.IMU_QuaternionEKF_Init) refers to QuaternionEKF.o(.bss) for .bss
    QuaternionEKF.o(i.IMU_QuaternionEKF_Init) refers to QuaternionEKF.o(i.IMU_QuaternionEKF_Observe) for IMU_QuaternionEKF_Observe
    QuaternionEKF.o(i.IMU_QuaternionEKF_Init) refers to QuaternionEKF.o(i.IMU_QuaternionEKF_F_Linearization_P_Fading) for IMU_QuaternionEKF_F_Linearization_P_Fading
    QuaternionEKF.o(i.IMU_QuaternionEKF_Init) refers to QuaternionEKF.o(i.IMU_QuaternionEKF_SetH) for IMU_QuaternionEKF_SetH
    QuaternionEKF.o(i.IMU_QuaternionEKF_Init) refers to QuaternionEKF.o(i.IMU_QuaternionEKF_xhatUpdate) for IMU_QuaternionEKF_xhatUpdate
    QuaternionEKF.o(i.IMU_QuaternionEKF_Init) refers to QuaternionEKF.o(.constdata) for .constdata
    QuaternionEKF.o(i.IMU_QuaternionEKF_Init) refers to QuaternionEKF.o(.data) for .data
    QuaternionEKF.o(i.IMU_QuaternionEKF_Observe) refers to memcpya.o(.text) for __aeabi_memcpy4
    QuaternionEKF.o(i.IMU_QuaternionEKF_Observe) refers to QuaternionEKF.o(.data) for .data
    QuaternionEKF.o(i.IMU_QuaternionEKF_Observe) refers to QuaternionEKF.o(.bss) for .bss
    QuaternionEKF.o(i.IMU_QuaternionEKF_SetH) refers to memseta.o(.text) for __aeabi_memclr4
    QuaternionEKF.o(i.IMU_QuaternionEKF_SetH) refers to QuaternionEKF.o(.data) for .data
    QuaternionEKF.o(i.IMU_QuaternionEKF_SetH) refers to kalman_filter.o(.data) for sizeof_float
    QuaternionEKF.o(i.IMU_QuaternionEKF_Update) refers to QuaternionEKF.o(i.IMU_QuaternionEKF_Init) for IMU_QuaternionEKF_Init
    QuaternionEKF.o(i.IMU_QuaternionEKF_Update) refers to memcpya.o(.text) for __aeabi_memcpy4
    QuaternionEKF.o(i.IMU_QuaternionEKF_Update) refers to QuaternionEKF.o(i.invSqrt) for invSqrt
    QuaternionEKF.o(i.IMU_QuaternionEKF_Update) refers to kalman_filter.o(i.Kalman_Filter_Update) for Kalman_Filter_Update
    QuaternionEKF.o(i.IMU_QuaternionEKF_Update) refers to atan2f.o(i.__hardfp_atan2f) for __hardfp_atan2f
    QuaternionEKF.o(i.IMU_QuaternionEKF_Update) refers to asinf.o(i.__hardfp_asinf) for __hardfp_asinf
    QuaternionEKF.o(i.IMU_QuaternionEKF_Update) refers to QuaternionEKF.o(.bss) for .bss
    QuaternionEKF.o(i.IMU_QuaternionEKF_Update) refers to QuaternionEKF.o(.data) for .data
    QuaternionEKF.o(i.IMU_QuaternionEKF_Update) refers to QuaternionEKF.o(.constdata) for .constdata
    QuaternionEKF.o(i.IMU_QuaternionEKF_xhatUpdate) refers to arm_mat_trans_f32.o(.text) for arm_mat_trans_f32
    QuaternionEKF.o(i.IMU_QuaternionEKF_xhatUpdate) refers to arm_mat_mult_f32.o(.text) for arm_mat_mult_f32
    QuaternionEKF.o(i.IMU_QuaternionEKF_xhatUpdate) refers to arm_mat_add_f32.o(.text) for arm_mat_add_f32
    QuaternionEKF.o(i.IMU_QuaternionEKF_xhatUpdate) refers to arm_mat_inverse_f32.o(.text) for arm_mat_inverse_f32
    QuaternionEKF.o(i.IMU_QuaternionEKF_xhatUpdate) refers to acosf.o(i.__hardfp_acosf) for __hardfp_acosf
    QuaternionEKF.o(i.IMU_QuaternionEKF_xhatUpdate) refers to arm_mat_sub_f32.o(.text) for arm_mat_sub_f32
    QuaternionEKF.o(i.IMU_QuaternionEKF_xhatUpdate) refers to memcpya.o(.text) for __aeabi_memcpy4
    QuaternionEKF.o(i.IMU_QuaternionEKF_xhatUpdate) refers to QuaternionEKF.o(.data) for .data
    QuaternionEKF.o(i.IMU_QuaternionEKF_xhatUpdate) refers to QuaternionEKF.o(.bss) for .bss
    QuaternionEKF.o(i.IMU_QuaternionEKF_xhatUpdate) refers to kalman_filter.o(.data) for sizeof_float
    BMI088Middleware.o(i.BMI088_ACCEL_NS_H) refers to stm32f4xx_hal_gpio.o(i.HAL_GPIO_WritePin) for HAL_GPIO_WritePin
    BMI088Middleware.o(i.BMI088_ACCEL_NS_L) refers to stm32f4xx_hal_gpio.o(i.HAL_GPIO_WritePin) for HAL_GPIO_WritePin
    BMI088Middleware.o(i.BMI088_GYRO_NS_H) refers to stm32f4xx_hal_gpio.o(i.HAL_GPIO_WritePin) for HAL_GPIO_WritePin
    BMI088Middleware.o(i.BMI088_GYRO_NS_L) refers to stm32f4xx_hal_gpio.o(i.HAL_GPIO_WritePin) for HAL_GPIO_WritePin
    BMI088Middleware.o(i.BMI088_delay_ms) refers to cmsis_os.o(i.osDelay) for osDelay
    BMI088Middleware.o(i.BMI088_delay_us) refers to bsp_delay.o(i.delay_us) for delay_us
    BMI088Middleware.o(i.BMI088_read_write_byte) refers to stm32f4xx_hal_spi.o(i.HAL_SPI_TransmitReceive) for HAL_SPI_TransmitReceive
    BMI088Middleware.o(i.BMI088_read_write_byte) refers to spi.o(.bss) for hspi1
[...]
    accel_fliter_3                           0x2000749c   Data          12  INS_task.o(.bss)
    .bss                                     0x20007578   Section      296  Shoot_task.o(.bss)
    STACK                                    0x200076a0   Section     8192  startup_stm32f407xx.o(STACK)

    Global Symbols

    Symbol Name                              Value     Ov Type        Size  Object(Section)

    BuildAttributes$$THM_ISAv4$E$P$D$K$B$S$7EM$VFPi3$EXTD16$VFPS$VFMA$PE$A:L22UL41UL21$X:L11$S22US41US21$IEEE1$IW$USESV6$~STKCKD$USESV7$~SHL$OTIME$ROPI$IEEEX$EBA8$MICROLIB$REQ8$PRES8$EABIv2 0x00000000   Number         0  anon$$obj.o ABSOLUTE
    __ARM_use_no_argv                        0x00000000   Number         0  main.o ABSOLUTE
    __cpp_initialize__aeabi_                  - Undefined Weak Reference
    __cxa_finalize                            - Undefined Weak Reference
    _clock_init                               - Undefined Weak Reference
    _microlib_exit                            - Undefined Weak Reference
    __Vectors_Size                           0x00000188   Number         0  startup_stm32f407xx.o ABSOLUTE
    __Vectors                                0x08000000   Data           4  startup_stm32f407xx.o(RESET)
    __Vectors_End                            0x08000188   Data           0  startup_stm32f407xx.o(RESET)
    __main                                   0x08000189   Thumb Code     0  entry.o(.ARM.Collect$$$$00000000)
    _main_stk                                0x08000189   Thumb Code     0  entry2.o(.ARM.Collect$$$$00000001)
    _main_scatterload                        0x0800018d   Thumb Code     0  entry5.o(.ARM.Collect$$$$00000004)
    __main_after_scatterload                 0x08000191   Thumb Code     0  entry5.o(.ARM.Collect$$$$00000004)
    _main_clock                              0x08000191   Thumb Code     0  entry7b.o(.ARM.Collect$$$$00000008)
    _main_cpp_init                           0x08000191   Thumb Code     0  entry8b.o(.ARM.Collect$$$$0000000A)
    _main_init                               0x08000191   Thumb Code     0  entry9a.o(.ARM.Collect$$$$0000000B)
    __rt_final_cpp                           0x08000199   Thumb Code     0  entry10a.o(.ARM.Collect$$$$0000000D)
    __rt_final_exit                          0x08000199   Thumb Code     0  entry11a.o(.ARM.Collect$$$$0000000F)
    SVC_Handler                              0x0800019d   Thumb Code    28  port.o(.emb_text)
    __asm___6_port_c_39a90d8d__prvStartFirstTask 0x080001bd   Thumb Code    36  port.o(.emb_text)
    __asm___6_port_c_39a90d8d__prvEnableVFP  0x080001e5   Thumb Code    16  port.o(.emb_text)
    PendSV_Handler                           0x080001f9   Thumb Code    88  port.o(.emb_text)
    vPortGetIPSR                             0x08000255   Thumb Code     6  port.o(.emb_text)
    Reset_Handler                            0x0800025d   Thumb Code     8  startup_stm32f407xx.o(.text)
    ADC_IRQHandler                           0x08000277   Thumb Code     0  startup_stm32f407xx.o(.text)
    CAN1_RX1_IRQHandler                      0x08000277   Thumb Code     0  startup_stm32f407xx.o(.text)
    CAN1_SCE_IRQHandler                      0x08000277   Thumb Code     0  startup_stm32f407xx.o(.text)
    CAN2_RX1_IRQHandler                      0x08000277   Thumb Code     0  startup_stm32f407xx.o(.text)
    CAN2_SCE_IRQHandler                      0x08000277   Thumb Code     0  startup_stm32f407xx.o(.text)
    DCMI_IRQHandler                          0x08000277   Thumb Code     0  startup_stm32f407xx.o(.text)
    DMA1_Stream0_IRQHandler                  0x08000277   Thumb Code     0  startup_stm32f407xx.o(.text)
    DMA1_Stream2_IRQHandler                  0x08000277   Thumb Code     0  startup_stm32f407xx.o(.text)
    DMA1_Stream4_IRQHandler                  0x08000277   Thumb Code     0  startup_stm32f407xx.o(.text)
    DMA1_Stream5_IRQHandler                  0x08000277   Thumb Code     0  startup_stm32f407xx.o(.text)
    DMA1_Stream6_IRQHandler                  0x08000277   Thumb Code     0  startup_stm32f407xx.o(.text)
    DMA1_Stream7_IRQHandler                  0x08000277   Thumb Code     0  startup_stm32f407xx.o(.text)
    DMA2_Stream0_IRQHandler                  0x08000277   Thumb Code     0  startup_stm32f407xx.o(.text)
    DMA2_Stream3_IRQHandler                  0x08000277   Thumb Code     0  startup_stm32f407xx.o(.text)
    DMA2_Stream4_IRQHandler                  0x08000277   Thumb Code     0  startup_stm32f407xx.o(.text)
    ETH_IRQHandler                           0x08000277   Thumb Code     0  startup_stm32f407xx.o(.text)
    ETH_WKUP_IRQHandler                      0x08000277   Thumb Code     0  startup_stm32f407xx.o(.text)
    EXTI15_10_IRQHandler                     0x08000277   Thumb Code     0  startup_stm32f407xx.o(.text)
    EXTI1_IRQHandler                         0x08000277   Thumb Code     0  startup_stm32f407xx.o(.text)
    EXTI2_IRQHandler                         0x08000277   Thumb Code     0  startup_stm32f407xx.o(.text)
    FLASH_IRQHandler                         0x08000277   Thumb Code     0  startup_stm32f407xx.o(.text)
    FMC_IRQHandler                           0x08000277   Thumb Code     0  startup_stm32f407xx.o(.text)
    FPU_IRQHandler                           0x08000277   Thumb Code     0  startup_stm32f407xx.o(.text)
    HASH_RNG_IRQHandler                      0x08000277   Thumb Code     0  startup_stm32f407xx.o(.text)
    I2C1_ER_IRQHandler                       0x08000277   Thumb Code     0  startup_stm32f407xx.o(.text)
    I2C1_EV_IRQHandler                       0x08000277   Thumb Code     0  startup_stm32f407xx.o(.text)
    I2C2_ER_IRQHandler                       0x08000277   Thumb Code     0  startup_stm32f407xx.o(.text)
    I2C2_EV_IRQHandler                       0x08000277   Thumb Code     0  startup_stm32f407xx.o(.text)
    I2C3_ER_IRQHandler                       0x08000277   Thumb Code     0  startup_stm32f407xx.o(.text)
    I2C3_EV_IRQHandler                       0x08000277   Thumb Code     0  startup_stm32f407xx.o(.text)
    OTG_FS_IRQHandler                        0x08000277   Thumb Code     0  startup_stm32f407xx.o(.text)
    OTG_FS_WKUP_IRQHandler                   0x08000277   Thumb Code     0  startup_stm32f407xx.o(.text)
    OTG_HS_EP1_IN_IRQHandler                 0x08000277   Thumb Code     0  startup_stm32f407xx.o(.text)
    OTG_HS_EP1_OUT_IRQHandler                0x08000277   Thumb Code     0  startup_stm32f407xx.o(.text)
    OTG_HS_IRQHandler                        0x08000277   Thumb Code     0  startup_stm32f407xx.o(.text)
    OTG_HS_WKUP_IRQHandler                   0x08000277   Thumb Code     0  startup_stm32f407xx.o(.text)
    PVD_IRQHandler                           0x08000277   Thumb Code     0  startup_stm32f407xx.o(.text)
    RCC_IRQHandler                           0x08000277   Thumb Code     0  startup_stm32f407xx.o(.text)
    RTC_Alarm_IRQHandler                     0x08000277   Thumb Code     0  startup_stm32f407xx.o(.text)
    RTC_WKUP_IRQHandler                      0x08000277   Thumb Code     0  startup_stm32f407xx.o(.text)
    SDIO_IRQHandler                          0x08000277   Thumb Code     0  startup_stm32f407xx.o(.text)
    SPI2_IRQHandler                          0x08000277   Thumb Code     0  startup_stm32f407xx.o(.text)
    SPI3_IRQHandler                          0x08000277   Thumb Code     0  startup_stm32f407xx.o(.text)
    TAMP_STAMP_IRQHandler                    0x08000277   Thumb Code     0  startup_stm32f407xx.o(.text)
    TIM1_CC_IRQHandler                       0x08000277   Thumb Code     0  startup_stm32f407xx.o(.text)
    TIM1_TRG_COM_TIM11_IRQHandler            0x08000277   Thumb Code     0  startup_stm32f407xx.o(.text)
    TIM2_IRQHandler                          0x08000277   Thumb Code     0  startup_stm32f407xx.o(.text)
    TIM4_IRQHandler                          0x08000277   Thumb Code     0  startup_stm32f407xx.o(.text)
    TIM5_IRQHandler                          0x08000277   Thumb Code     0  startup_stm32f407xx.o(.text)
    TIM6_DAC_IRQHandler                      0x08000277   Thumb Code     0  startup_stm32f407xx.o(.text)
    TIM7_IRQHandler                          0x08000277   Thumb Code     0  startup_stm32f407xx.o(.text)
    TIM8_CC_IRQHandler                       0x08000277   Thumb Code     0  startup_stm32f407xx.o(.text)
    TIM8_TRG_COM_TIM14_IRQHandler            0x08000277   Thumb Code     0  startup_stm32f407xx.o(.text)
    UART4_IRQHandler                         0x08000277   Thumb Code     0  startup_stm32f407xx.o(.text)
    UART5_IRQHandler                         0x08000277   Thumb Code     0  startup_stm32f407xx.o(.text)
    USART2_IRQHandler                        0x08000277   Thumb Code     0  startup_stm32f407xx.o(.text)
    WWDG_IRQHandler                          0x08000277   Thumb Code     0  startup_stm32f407xx.o(.text)
    __aeabi_uldivmod                         0x08000281   Thumb Code    98  uldiv.o(.text)
    __aeabi_memcpy                           0x080002e3   Thumb Code    36  memcpya.o(.text)
    __aeabi_memcpy4                          0x080002e3   Thumb Code     0  memcpya.o(.text)
    __aeabi_memcpy8                          0x080002e3   Thumb Code     0  memcpya.o(.text)
    __aeabi_memset                           0x08000307   Thumb Code    14  memseta.o(.text)
    __aeabi_memset4                          0x08000307   Thumb Code     0  memseta.o(.text)
    __aeabi_memset8                          0x08000307   Thumb Code     0  memseta.o(.text)
    __aeabi_memclr                           0x08000315   Thumb Code     4  memseta.o(.text)
    __aeabi_memclr4                          0x08000315   Thumb Code     0  memseta.o(.text)
    __aeabi_memclr8                          0x08000315   Thumb Code     0  memseta.o(.text)
    memset                                   0x08000319   Thumb Code    18  memseta.o(.text)
    strlen                                   0x0800032b   Thumb Code    14  strlen.o(.text)
    __aeabi_dadd                             0x08000339   Thumb Code   322  dadd.o(.text)
    __aeabi_dsub                             0x0800047b   Thumb Code     6  dadd.o(.text)
    __aeabi_drsub                            0x08000481   Thumb Code     6  dadd.o(.text)
    __aeabi_dmul                             0x08000487   Thumb Code   228  dmul.o(.text)
    __aeabi_ddiv                             0x0800056b   Thumb Code   222  ddiv.o(.text)
    __aeabi_i2d                              0x08000649   Thumb Code    34  dflti.o(.text)
    __aeabi_f2d                              0x0800066b   Thumb Code    38  f2d.o(.text)
    __aeabi_d2f                              0x08000691   Thumb Code    56  d2f.o(.text)
    __aeabi_llsl                             0x080006c9   Thumb Code    30  llshl.o(.text)
    _ll_shift_l                              0x080006c9   Thumb Code     0  llshl.o(.text)
    __aeabi_llsr                             0x080006e7   Thumb Code    32  llushr.o(.text)
    _ll_ushift_r                             0x080006e7   Thumb Code     0  llushr.o(.text)
    __aeabi_lasr                             0x08000707   Thumb Code    36  llsshr.o(.text)
    _ll_sshift_r                             0x08000707   Thumb Code     0  llsshr.o(.text)
    __I$use$fp                               0x0800072b   Thumb Code     0  iusefp.o(.text)
    _float_round                             0x0800072b   Thumb Code    18  fepilogue.o(.text)
    _float_epilogue                          0x0800073d   Thumb Code    92  fepilogue.o(.text)
    _double_round                            0x08000799   Thumb Code    30  depilogue.o(.text)
    _double_epilogue                         0x080007b7   Thumb Code   156  depilogue.o(.text)
    __scatterload                            0x08000855   Thumb Code    28  init.o(.text)
    __scatterload_rt2                        0x08000855   Thumb Code     0  init.o(.text)
    __decompress                             0x08000879   Thumb Code     0  __dczerorl2.o(.text)
    __decompress1                            0x08000879   Thumb Code    86  __dczerorl2.o(.text)
    AHRS_init                                0x080008d1   Thumb Code    26  INS_task.o(i.AHRS_init)
    BMI088_ACCEL_NS_H                        0x080008f1   Thumb Code    10  BMI088Middleware.o(i.BMI088_ACCEL_NS_H)
    BMI088_ACCEL_NS_L                        0x08000901   Thumb Code    10  BMI088Middleware.o(i.BMI088_ACCEL_NS_L)
    BMI088_GPIO_init                         0x08000911   Thumb Code     2  BMI088Middleware.o(i.BMI088_GPIO_init)
    BMI088_GYRO_NS_H                         0x08000915   Thumb Code    10  BMI088Middleware.o(i.BMI088_GYRO_NS_H)
    BMI088_GYRO_NS_L                         0x08000925   Thumb Code    10  BMI088Middleware.o(i.BMI088_GYRO_NS_L)
    BMI088_accel_read_over                   0x08000935   Thumb Code   120  BMI088driver.o(i.BMI088_accel_read_over)
    BMI088_com_init                          0x080009b5   Thumb Code     2  BMI088Middleware.o(i.BMI088_com_init)
    BMI088_delay_ms                          0x080009b7   Thumb Code     4  BMI088Middleware.o(i.BMI088_delay_ms)
    BMI088_delay_us                          0x080009bb   Thumb Code     4  BMI088Middleware.o(i.BMI088_delay_us)
    BMI088_gyro_read_over                    0x080009c1   Thumb Code    92  BMI088driver.o(i.BMI088_gyro_read_over)
    BMI088_init                              0x08000a21   Thumb Code    46  BMI088driver.o(i.BMI088_init)
    BMI088_read                              0x08000a51   Thumb Code   340  BMI088driver.o(i.BMI088_read)
    BMI088_read_write_byte                   0x08000be5   Thumb Code    28  BMI088Middleware.o(i.BMI088_read_write_byte)
    BMI088_temperature_read_over             0x08000c05   Thumb Code    46  BMI088driver.o(i.BMI088_temperature_read_over)
    BusFault_Handler                         0x08000c45   Thumb Code     2  stm32f4xx_it.o(i.BusFault_Handler)
    CAN1_Init                                0x08000c49   Thumb Code    56  drv_can.o(i.CAN1_Init)
    CAN1_RX0_IRQHandler                      0x08000c85   Thumb Code     6  stm32f4xx_it.o(i.CAN1_RX0_IRQHandler)
    CAN1_TX_IRQHandler                       0x08000c91   Thumb Code     6  stm32f4xx_it.o(i.CAN1_TX_IRQHandler)
    CAN2_Init                                0x08000c9d   Thumb Code    56  drv_can.o(i.CAN2_Init)
    CAN2_RX0_IRQHandler                      0x08000cd9   Thumb Code     6  stm32f4xx_it.o(i.CAN2_RX0_IRQHandler)
    CAN2_TX_IRQHandler                       0x08000ce5   Thumb Code     6  stm32f4xx_it.o(i.CAN2_TX_IRQHandler)
    DMA1_Stream1_IRQHandler                  0x08000cf1   Thumb Code     6  stm32f4xx_it.o(i.DMA1_Stream1_IRQHandler)
    DMA1_Stream3_IRQHandler                  0x08000cfd   Thumb Code     6  stm32f4xx_it.o(i.DMA1_Stream3_IRQHandler)
    DMA2_Stream1_IRQHandler                  0x08000d09   Thumb Code     6  stm32f4xx_it.o(i.DMA2_Stream1_IRQHandler)
    DMA2_Stream2_IRQHandler                  0x08000d15   Thumb Code   142  INS_task.o(i.DMA2_Stream2_IRQHandler)
    DMA2_Stream5_IRQHandler                  0x08000db9   Thumb Code     6  stm32f4xx_it.o(i.DMA2_Stream5_IRQHandler)
    DMA2_Stream6_IRQHandler                  0x08000dc5   Thumb Code     6  stm32f4xx_it.o(i.DMA2_Stream6_IRQHandler)
    DMA2_Stream7_IRQHandler                  0x08000dd1   Thumb Code     6  stm32f4xx_it.o(i.DMA2_Stream7_IRQHandler)
    DRV_USART3_IRQHandler                    0x0800109d   Thumb Code    20  drv_usart.o(i.DRV_USART3_IRQHandler)
    DRV_USART6_IRQHandler                    0x080010b1   Thumb Code    20  drv_usart.o(i.DRV_USART6_IRQHandler)
    DebugMon_Handler                         0x080010c5   Thumb Code     2  stm32f4xx_it.o(i.DebugMon_Handler)
    EXTI0_IRQHandler                         0x080010c7   Thumb Code     6  stm32f4xx_it.o(i.EXTI0_IRQHandler)
    EXTI3_IRQHandler                         0x080010cd   Thumb Code     6  stm32f4xx_it.o(i.EXTI3_IRQHandler)
    EXTI4_IRQHandler                         0x080010d3   Thumb Code     6  stm32f4xx_it.o(i.EXTI4_IRQHandler)
    EXTI9_5_IRQHandler                       0x080010d9   Thumb Code    32  stm32f4xx_it.o(i.EXTI9_5_IRQHandler)
    Error_Handler                            0x080010f9   Thumb Code     4  main.o(i.Error_Handler)
    Get_CRC16_Check_Sum                      0x080010fd   Thumb Code    38  CRC.o(i.Get_CRC16_Check_Sum)
    Get_CRC8_Check_Sum                       0x08001129   Thumb Code    24  CRC.o(i.Get_CRC8_Check_Sum)
    Gimbal_task                              0x080011c9   Thumb Code    28  Gimbal_task.o(i.Gimbal_task)
    HAL_CAN_ActivateNotification             0x080011e5   Thumb Code    36  stm32f4xx_hal_can.o(i.HAL_CAN_ActivateNotification)
    HAL_CAN_AddTxMessage                     0x08001209   Thumb Code   200  stm32f4xx_hal_can.o(i.HAL_CAN_AddTxMessage)
    HAL_CAN_ConfigFilter                     0x080012d1   Thumb Code   262  stm32f4xx_hal_can.o(i.HAL_CAN_ConfigFilter)
    HAL_CAN_ErrorCallback                    0x080013dd   Thumb Code     2  stm32f4xx_hal_can.o(i.HAL_CAN_ErrorCallback)
    HAL_CAN_GetRxMessage                     0x080013df   Thumb Code   232  stm32f4xx_hal_can.o(i.HAL_CAN_GetRxMessage)
    HAL_CAN_IRQHandler                       0x080014c7   Thumb Code   508  stm32f4xx_hal_can.o(i.HAL_CAN_IRQHandler)
    HAL_CAN_Init                             0x080016c3   Thumb Code   282  stm32f4xx_hal_can.o(i.HAL_CAN_Init)
    HAL_CAN_MspInit                          0x080017dd   Thumb Code   258  can.o(i.HAL_CAN_MspInit)
    HAL_CAN_RxFifo0FullCallback              0x080018f9   Thumb Code     2  stm32f4xx_hal_can.o(i.HAL_CAN_RxFifo0FullCallback)
    HAL_CAN_RxFifo0MsgPendingCallback        0x080018fd   Thumb Code   362  drv_can.o(i.HAL_CAN_RxFifo0MsgPendingCallback)
    HAL_CAN_RxFifo1FullCallback              0x08001a85   Thumb Code     2  stm32f4xx_hal_can.o(i.HAL_CAN_RxFifo1FullCallback)
    HAL_CAN_RxFifo1MsgPendingCallback        0x08001a87   Thumb Code     2  stm32f4xx_hal_can.o(i.HAL_CAN_RxFifo1MsgPendingCallback)
    HAL_CAN_SleepCallback                    0x08001a89   Thumb Code     2  stm32f4xx_hal_can.o(i.HAL_CAN_SleepCallback)
    HAL_CAN_Start                            0x08001a8d   Thumb Code    88  stm32f4xx_hal_can.o(i.HAL_CAN_Start)
    HAL_CAN_TxMailbox0AbortCallback          0x08001ae5   Thumb Code     2  stm32f4xx_hal_can.o(i.HAL_CAN_TxMailbox0AbortCallback)
    HAL_CAN_TxMailbox0CompleteCallback       0x08001ae7   Thumb Code     2  stm32f4xx_hal_can.o(i.HAL_CAN_TxMailbox0CompleteCallback)
    HAL_CAN_TxMailbox1AbortCallback          0x08001ae9   Thumb Code     2  stm32f4xx_hal_can.o(i.HAL_CAN_TxMailbox1AbortCallback)
    HAL_CAN_TxMailbox1CompleteCallback       0x08001aeb   Thumb Code     2  stm32f4xx_hal_can.o(i.HAL_CAN_TxMailbox1CompleteCallback)
    HAL_CAN_TxMailbox2AbortCallback          0x08001aed   Thumb Code     2  stm32f4xx_hal_can.o(i.HAL_CAN_TxMailbox2AbortCallback)
    HAL_CAN_TxMailbox2CompleteCallback       0x08001aef   Thumb Code     2  stm32f4xx_hal_can.o(i.HAL_CAN_TxMailbox2CompleteCallback)
    HAL_CAN_WakeUpFromRxMsgCallback          0x08001af1   Thumb Code     2  stm32f4xx_hal_can.o(i.HAL_CAN_WakeUpFromRxMsgCallback)
    HAL_DMA_Abort                            0x08001af3   Thumb Code   146  stm32f4xx_hal_dma.o(i.HAL_DMA_Abort)
    HAL_DMA_Abort_IT                         0x08001b85   Thumb Code    36  stm32f4xx_hal_dma.o(i.HAL_DMA_Abort_IT)
    HAL_DMA_IRQHandler                       0x08001ba9   Thumb Code   412  stm32f4xx_hal_dma.o(i.HAL_DMA_IRQHandler)
    HAL_DMA_Init                             0x08001d49   Thumb Code   206  stm32f4xx_hal_dma.o(i.HAL_DMA_Init)
    HAL_GPIO_EXTI_Callback                   0x08001e1d   Thumb Code    98  INS_task.o(i.HAL_GPIO_EXTI_Callback)
    HAL_GPIO_EXTI_IRQHandler                 0x08001e89   Thumb Code    18  stm32f4xx_hal_gpio.o(i.HAL_GPIO_EXTI_IRQHandler)
    HAL_GPIO_Init                            0x08001ea1   Thumb Code   450  stm32f4xx_hal_gpio.o(i.HAL_GPIO_Init)
    HAL_GPIO_WritePin                        0x08002091   Thumb Code    10  stm32f4xx_hal_gpio.o(i.HAL_GPIO_WritePin)
    HAL_GetTick                              0x0800209d   Thumb Code     6  stm32f4xx_hal.o(i.HAL_GetTick)
    HAL_I2C_Init                             0x080020a9   Thumb Code   376  stm32f4xx_hal_i2c.o(i.HAL_I2C_Init)
    HAL_I2C_MspInit                          0x08002231   Thumb Code   130  i2c.o(i.HAL_I2C_MspInit)
    HAL_IncTick                              0x080022c5   Thumb Code    12  stm32f4xx_hal.o(i.HAL_IncTick)
    HAL_Init                                 0x080022d5   Thumb Code    48  stm32f4xx_hal.o(i.HAL_Init)
    HAL_InitTick                             0x08002309   Thumb Code   132  stm32f4xx_hal_timebase_tim.o(i.HAL_InitTick)
    HAL_MspInit                              0x080023a1   Thumb Code    52  stm32f4xx_hal_msp.o(i.HAL_MspInit)
    HAL_NVIC_EnableIRQ                       0x080023d9   Thumb Code    26  stm32f4xx_hal_cortex.o(i.HAL_NVIC_EnableIRQ)
    HAL_NVIC_SetPriority                     0x080023f5   Thumb Code    60  stm32f4xx_hal_cortex.o(i.HAL_NVIC_SetPriority)
    HAL_NVIC_SetPriorityGrouping             0x08002435   Thumb Code    26  stm32f4xx_hal_cortex.o(i.HAL_NVIC_SetPriorityGrouping)
    HAL_RCC_ClockConfig                      0x08002459   Thumb Code   288  stm32f4xx_hal_rcc.o(i.HAL_RCC_ClockConfig)
    HAL_RCC_GetClockConfig                   0x0800258d   Thumb Code    54  stm32f4xx_hal_rcc.o(i.HAL_RCC_GetClockConfig)
    HAL_RCC_GetPCLK1Freq                     0x080025cd   Thumb Code    20  stm32f4xx_hal_rcc.o(i.HAL_RCC_GetPCLK1Freq)
    HAL_RCC_GetPCLK2Freq                     0x080025ed   Thumb Code    20  stm32f4xx_hal_rcc.o(i.HAL_RCC_GetPCLK2Freq)
    HAL_RCC_GetSysClockFreq                  0x0800260d   Thumb Code    88  stm32f4xx_hal_rcc.o(i.HAL_RCC_GetSysClockFreq)
    HAL_RCC_OscConfig                        0x08002671   Thumb Code   856  stm32f4xx_hal_rcc.o(i.HAL_RCC_OscConfig)
    HAL_SPI_ErrorCallback                    0x080029dd   Thumb Code     2  stm32f4xx_hal_spi.o(i.HAL_SPI_ErrorCallback)
    HAL_SPI_IRQHandler                       0x080029e1   Thumb Code   246  stm32f4xx_hal_spi.o(i.HAL_SPI_IRQHandler)
    HAL_SPI_Init                             0x08002add   Thumb Code   188  stm32f4xx_hal_spi.o(i.HAL_SPI_Init)
    HAL_SPI_MspInit                          0x08002b99   Thumb Code   242  spi.o(i.HAL_SPI_MspInit)
    HAL_SPI_TransmitReceive                  0x08002ca5   Thumb Code   482  stm32f4xx_hal_spi.o(i.HAL_SPI_TransmitReceive)
    HAL_TIMEx_BreakCallback                  0x08002e87   Thumb Code     2  stm32f4xx_hal_tim_ex.o(i.HAL_TIMEx_BreakCallback)
    HAL_TIMEx_CommutCallback                 0x08002e89   Thumb Code     2  stm32f4xx_hal_tim_ex.o(i.HAL_TIMEx_CommutCallback)
    HAL_TIMEx_ConfigBreakDeadTime            0x08002e8b   Thumb Code    84  stm32f4xx_hal_tim_ex.o(i.HAL_TIMEx_ConfigBreakDeadTime)
    HAL_TIMEx_MasterConfigSynchronization    0x08002ee1   Thumb Code   116  stm32f4xx_hal_tim_ex.o(i.HAL_TIMEx_MasterConfigSynchronization)
    HAL_TIM_Base_Init                        0x08002f71   Thumb Code    90  stm32f4xx_hal_tim.o(i.HAL_TIM_Base_Init)
    HAL_TIM_Base_MspInit                     0x08002fcd   Thumb Code   204  tim.o(i.HAL_TIM_Base_MspInit)
    HAL_TIM_Base_Start_IT                    0x080030ad   Thumb Code   100  stm32f4xx_hal_tim.o(i.HAL_TIM_Base_Start_IT)
    HAL_TIM_ConfigClockSource                0x0800312d   Thumb Code   220  stm32f4xx_hal_tim.o(i.HAL_TIM_ConfigClockSource)
    HAL_TIM_IC_CaptureCallback               0x08003209   Thumb Code     2  stm32f4xx_hal_tim.o(i.HAL_TIM_IC_CaptureCallback)
    HAL_TIM_IRQHandler                       0x0800320b   Thumb Code   358  stm32f4xx_hal_tim.o(i.HAL_TIM_IRQHandler)
    HAL_TIM_MspPostInit                      0x08003371   Thumb Code   108  tim.o(i.HAL_TIM_MspPostInit)
    HAL_TIM_OC_DelayElapsedCallback          0x080033f1   Thumb Code     2  stm32f4xx_hal_tim.o(i.HAL_TIM_OC_DelayElapsedCallback)
    HAL_TIM_PWM_ConfigChannel                0x080033f3   Thumb Code   204  stm32f4xx_hal_tim.o(i.HAL_TIM_PWM_ConfigChannel)
    HAL_TIM_PWM_Init                         0x080034bf   Thumb Code    90  stm32f4xx_hal_tim.o(i.HAL_TIM_PWM_Init)
    HAL_TIM_PWM_MspInit                      0x08003519   Thumb Code     2  stm32f4xx_hal_tim.o(i.HAL_TIM_PWM_MspInit)
    HAL_TIM_PWM_PulseFinishedCallback        0x0800351b   Thumb Code     2  stm32f4xx_hal_tim.o(i.HAL_TIM_PWM_PulseFinishedCallback)
    HAL_TIM_PWM_Start                        0x0800351d   Thumb Code   172  stm32f4xx_hal_tim.o(i.HAL_TIM_PWM_Start)
    HAL_TIM_PeriodElapsedCallback            0x080035e5   Thumb Code    14  main.o(i.HAL_TIM_PeriodElapsedCallback)
    HAL_TIM_TriggerCallback                  0x080035f9   Thumb Code     2  stm32f4xx_hal_tim.o(i.HAL_TIM_TriggerCallback)
    HAL_UARTEx_RxEventCallback               0x080035fb   Thumb Code     2  stm32f4xx_hal_uart.o(i.HAL_UARTEx_RxEventCallback)
    HAL_UART_ErrorCallback                   0x080035fd   Thumb Code     2  stm32f4xx_hal_uart.o(i.HAL_UART_ErrorCallback)
    HAL_UART_IRQHandler                      0x08003601   Thumb Code   610  stm32f4xx_hal_uart.o(i.HAL_UART_IRQHandler)
    HAL_UART_Init                            0x08003869   Thumb Code    98  stm32f4xx_hal_uart.o(i.HAL_UART_Init)
    HAL_UART_MspInit                         0x080038cd   Thumb Code   668  usart.o(i.HAL_UART_MspInit)
    HAL_UART_RxCpltCallback                  0x08003b99   Thumb Code     2  stm32f4xx_hal_uart.o(i.HAL_UART_RxCpltCallback)
    HAL_UART_TxCpltCallback                  0x08003b9b   Thumb Code     2  stm32f4xx_hal_uart.o(i.HAL_UART_TxCpltCallback)
    HardFault_Handler                        0x08003b9d   Thumb Code     2  stm32f4xx_it.o(i.HardFault_Handler)
    INS_gyrooffset_calculate                 0x08003ba1   Thumb Code   168  INS_task.o(i.INS_gyrooffset_calculate)
    INS_task                                 0x08003c55   Thumb Code   476  INS_task.o(i.INS_task)
    JUDGE_Receive                            0x08003e55   Thumb Code   414  judge.o(i.JUDGE_Receive)
    MX_CAN1_Init                             0x08003ff9   Thumb Code    60  can.o(i.MX_CAN1_Init)
    MX_CAN2_Init                             0x0800403d   Thumb Code    60  can.o(i.MX_CAN2_Init)
    MX_DMA_Init                              0x08004081   Thumb Code   168  dma.o(i.MX_DMA_Init)
    MX_FREERTOS_Init                         0x0800412d   Thumb Code   118  freertos.o(i.MX_FREERTOS_Init)
    MX_GPIO_Init                             0x080041ad   Thumb Code   516  gpio.o(i.MX_GPIO_Init)
    MX_I2C3_Init                             0x080043d1   Thumb Code    50  i2c.o(i.MX_I2C3_Init)
    MX_SPI1_Init                             0x08004411   Thumb Code    64  spi.o(i.MX_SPI1_Init)
    MX_TIM10_Init                            0x08004459   Thumb Code    92  tim.o(i.MX_TIM10_Init)
    MX_TIM1_Init                             0x080044bd   Thumb Code   196  tim.o(i.MX_TIM1_Init)
    MX_TIM2_Init                             0x08004589   Thumb Code    96  tim.o(i.MX_TIM2_Init)
    MX_TIM8_Init                             0x080045ed   Thumb Code    94  tim.o(i.MX_TIM8_Init)
    MX_TIM9_Init                             0x08004655   Thumb Code    68  tim.o(i.MX_TIM9_Init)
    MX_USART1_UART_Init                      0x080046a1   Thumb Code    48  usart.o(i.MX_USART1_UART_Init)
    MX_USART3_UART_Init                      0x080046d9   Thumb Code    48  usart.o(i.MX_USART3_UART_Init)
    MX_USART6_UART_Init                      0x08004711   Thumb Code    48  usart.o(i.MX_USART6_UART_Init)
    MahonyAHRSupdateIMU                      0x08004749   Thumb Code   466  INS_task.o(i.MahonyAHRSupdateIMU)
    MemManage_Handler                        0x0800492d   Thumb Code     2  stm32f4xx_it.o(i.MemManage_Handler)
    NMI_Handler                              0x0800492f   Thumb Code     2  stm32f4xx_it.o(i.NMI_Handler)
    PID_calc                                 0x08004931   Thumb Code   292  pid_imu.o(i.PID_calc)
    PID_init                                 0x08004a59   Thumb Code    88  pid_imu.o(i.PID_init)
    SPI1_DMA_enable                          0x08004bc1   Thumb Code   196  bsp_spi.o(i.SPI1_DMA_enable)
    SPI1_DMA_init                            0x08004c95   Thumb Code   216  bsp_spi.o(i.SPI1_DMA_init)
    SPI1_IRQHandler                          0x08004d85   Thumb Code     6  stm32f4xx_it.o(i.SPI1_IRQHandler)
    Shoot_task                               0x08004eb1   Thumb Code    16  Shoot_task.o(i.Shoot_task)
    StartDefaultTask                         0x08004f5d   Thumb Code     8  freertos.o(i.StartDefaultTask)
    SysTick_Handler                          0x08004f65   Thumb Code    38  port.o(i.SysTick_Handler)
    SystemClock_Config                       0x08004f91   Thumb Code   140  main.o(i.SystemClock_Config)
    SystemInit                               0x08005025   Thumb Code    22  system_stm32f4xx.o(i.SystemInit)
    TIM1_BRK_TIM9_IRQHandler                 0x08005041   Thumb Code    18  stm32f4xx_it.o(i.TIM1_BRK_TIM9_IRQHandler)
    TIM1_UP_TIM10_IRQHandler                 0x0800505d   Thumb Code    18  stm32f4xx_it.o(i.TIM1_UP_TIM10_IRQHandler)
    TIM3_IRQHandler                          0x08005079   Thumb Code     6  stm32f4xx_it.o(i.TIM3_IRQHandler)
    TIM8_BRK_TIM12_IRQHandler                0x08005085   Thumb Code     6  stm32f4xx_it.o(i.TIM8_BRK_TIM12_IRQHandler)
    TIM8_UP_TIM13_IRQHandler                 0x08005091   Thumb Code     6  stm32f4xx_it.o(i.TIM8_UP_TIM13_IRQHandler)
    TIM_Base_SetConfig                       0x0800509d   Thumb Code   156  stm32f4xx_hal_tim.o(i.TIM_Base_SetConfig)
    TIM_CCxChannelCmd                        0x08005165   Thumb Code    26  stm32f4xx_hal_tim.o(i.TIM_CCxChannelCmd)
    TIM_ETR_SetConfig                        0x0800517f   Thumb Code    20  stm32f4xx_hal_tim.o(i.TIM_ETR_SetConfig)
    TIM_OC2_SetConfig                        0x08005205   Thumb Code    98  stm32f4xx_hal_tim.o(i.TIM_OC2_SetConfig)
    USART1_IRQHandler                        0x08005599   Thumb Code     6  stm32f4xx_it.o(i.USART1_IRQHandler)
    USART3_IRQHandler                        0x080055a5   Thumb Code    18  stm32f4xx_it.o(i.USART3_IRQHandler)
    USART3_Init                              0x080055bd   Thumb Code    52  drv_usart.o(i.USART3_Init)
    USART3_rxDataHandler                     0x080055f9   Thumb Code   250  rc_potocal.o(i.USART3_rxDataHandler)
    USART6_IRQHandler                        0x080056fd   Thumb Code    18  stm32f4xx_it.o(i.USART6_IRQHandler)
    USART6_Init                              0x08005715   Thumb Code    52  drv_usart.o(i.USART6_Init)
    Update_data                              0x080057cd   Thumb Code    52  judge.o(i.Update_data)
    UsageFault_Handler                       0x08005809   Thumb Code     2  stm32f4xx_it.o(i.UsageFault_Handler)
    Verify_CRC16_Check_Sum                   0x0800580d   Thumb Code    54  CRC.o(i.Verify_CRC16_Check_Sum)
    Verify_CRC8_Check_Sum                    0x08005849   Thumb Code    38  CRC.o(i.Verify_CRC8_Check_Sum)
    __ARM_fpclassifyf                        0x0800586f   Thumb Code    38  fpclassifyf.o(i.__ARM_fpclassifyf)
    __hardfp_asinf                           0x080058b5   Thumb Code   258  asinf.o(i.__hardfp_asinf)
    __hardfp_atan2f                          0x080059e1   Thumb Code   502  atan2f.o(i.__hardfp_atan2f)
    __mathlib_flt_infnan                     0x08005c31   Thumb Code     6  funder.o(i.__mathlib_flt_infnan)
    __mathlib_flt_infnan2                    0x08005c37   Thumb Code     6  funder.o(i.__mathlib_flt_infnan2)
    __mathlib_flt_invalid                    0x08005c3d   Thumb Code    10  funder.o(i.__mathlib_flt_invalid)
    __mathlib_flt_underflow                  0x08005c4d   Thumb Code    10  funder.o(i.__mathlib_flt_underflow)
    __scatterload_copy                       0x08005c5d   Thumb Code    14  handlers.o(i.__scatterload_copy)
    __scatterload_null                       0x08005c6b   Thumb Code     2  handlers.o(i.__scatterload_null)
    __scatterload_zeroinit                   0x08005c6d   Thumb Code    14  handlers.o(i.__scatterload_zeroinit)
    __set_errno                              0x08005c7d   Thumb Code     6  errno.o(i.__set_errno)
    bmi088_accel_init                        0x08005c89   Thumb Code   292  BMI088driver.o(i.bmi088_accel_init)
    bmi088_accel_self_test                   0x08005db1   Thumb Code   714  BMI088driver.o(i.bmi088_accel_self_test)
    bmi088_gyro_init                         0x08006085   Thumb Code   214  BMI088driver.o(i.bmi088_gyro_init)
    bmi088_gyro_self_test                    0x08006161   Thumb Code   202  BMI088driver.o(i.bmi088_gyro_self_test)
    can_remote                               0x0800622d   Thumb Code    32  drv_can.o(i.can_remote)
    delay_init                               0x08006251   Thumb Code    26  bsp_delay.o(i.delay_init)
    delay_us                                 0x08006279   Thumb Code    48  bsp_delay.o(i.delay_us)
    exchange_task                            0x080063b1   Thumb Code    12  exchange.o(i.exchange_task)
    get_angle                                0x080063bd   Thumb Code   234  INS_task.o(i.get_angle)
    gimbal_Pitch_PID_cal                     0x080064b1   Thumb Code   202  pid.o(i.gimbal_Pitch_PID_cal)
    imu_pwm_set                              0x08006799   Thumb Code     8  bsp_imu_pwm.o(i.imu_pwm_set)
    invSqrt                                  0x08006821   Thumb Code    40  INS_task.o(i.invSqrt)
    main                                     0x0800684d   Thumb Code   126  main.o(i.main)
    osDelay                                  0x08006939   Thumb Code    14  cmsis_os.o(i.osDelay)
    osKernelStart                            0x08006947   Thumb Code    10  cmsis_os.o(i.osKernelStart)
    osThreadCreate                           0x08006951   Thumb Code    84  cmsis_os.o(i.osThreadCreate)
    pcTaskGetName                            0x080069a5   Thumb Code    28  tasks.o(i.pcTaskGetName)
    pid_calc                                 0x080069c5   Thumb Code   168  pid.o(i.pid_calc)
    pid_init                                 0x08006a6d   Thumb Code    86  pid.o(i.pid_init)
    process_MotorInfo                        0x08006ac9   Thumb Code    24  drv_can.o(i.process_MotorInfo)
    pvPortMalloc                             0x080072e1   Thumb Code   216  heap_4.o(i.pvPortMalloc)
    pxPortInitialiseStack                    0x080073bd   Thumb Code    40  port.o(i.pxPortInitialiseStack)
    set_curruent                             0x080073e9   Thumb Code    86  drv_can.o(i.set_curruent)
    sqrtf                                    0x0800743f   Thumb Code    62  sqrtf_full.o(i.sqrtf)
    ulTaskNotifyTake                         0x08007519   Thumb Code    96  tasks.o(i.ulTaskNotifyTake)
    uxListRemove                             0x08007581   Thumb Code    38  list.o(i.uxListRemove)
    vApplicationGetIdleTaskMemory            0x080075a9   Thumb Code    16  freertos.o(i.vApplicationGetIdleTaskMemory)
    vApplicationGetTimerTaskMemory           0x080075bd   Thumb Code    18  freertos.o(i.vApplicationGetTimerTaskMemory)
    vListInitialise                          0x080075d5   Thumb Code    22  list.o(i.vListInitialise)
    vListInitialiseItem                      0x080075eb   Thumb Code     6  list.o(i.vListInitialiseItem)
    vListInsert                              0x080075f1   Thumb Code    48  list.o(i.vListInsert)
    vListInsertEnd                           0x08007621   Thumb Code    24  list.o(i.vListInsertEnd)
    vPortEnterCritical                       0x08007639   Thumb Code    54  port.o(i.vPortEnterCritical)
    vPortExitCritical                        0x08007679   Thumb Code    34  port.o(i.vPortExitCritical)
    vPortFree                                0x080076a1   Thumb Code    94  heap_4.o(i.vPortFree)
    vPortSetupTimerInterrupt                 0x08007705   Thumb Code    32  port.o(i.vPortSetupTimerInterrupt)
    vPortValidateInterruptPriority           0x08007729   Thumb Code    74  port.o(i.vPortValidateInterruptPriority)
    vQueueAddToRegistry                      0x0800777d   Thumb Code    34  queue.o(i.vQueueAddToRegistry)
    vQueueWaitForMessageRestricted           0x080077a5   Thumb Code    68  queue.o(i.vQueueWaitForMessageRestricted)
    vTaskDelay                               0x080077e9   Thumb Code    66  tasks.o(i.vTaskDelay)
    vTaskInternalSetTimeOutState             0x08007835   Thumb Code    12  tasks.o(i.vTaskInternalSetTimeOutState)
    vTaskMissedYield                         0x08007845   Thumb Code     8  tasks.o(i.vTaskMissedYield)
    vTaskNotifyGiveFromISR                   0x08007851   Thumb Code   172  tasks.o(i.vTaskNotifyGiveFromISR)
    vTaskPlaceOnEventList                    0x08007905   Thumb Code    44  tasks.o(i.vTaskPlaceOnEventList)
    vTaskPlaceOnEventListRestricted          0x08007935   Thumb Code    52  tasks.o(i.vTaskPlaceOnEventListRestricted)
    vTaskStartScheduler                      0x0800796d   Thumb Code   118  tasks.o(i.vTaskStartScheduler)
    vTaskSuspendAll                          0x080079f5   Thumb Code    10  tasks.o(i.vTaskSuspendAll)
    vTaskSwitchContext                       0x08007a05   Thumb Code    82  tasks.o(i.vTaskSwitchContext)
    xPortStartScheduler                      0x08007a61   Thumb Code   222  port.o(i.xPortStartScheduler)
    xQueueGenericCreateStatic                0x08007b55   Thumb Code   102  queue.o(i.xQueueGenericCreateStatic)
    xQueueGenericReset                       0x08007bbd   Thumb Code   132  queue.o(i.xQueueGenericReset)
    xQueueGenericSend                        0x08007c45   Thumb Code   346  queue.o(i.xQueueGenericSend)
    xQueueGenericSendFromISR                 0x08007da5   Thumb Code   190  queue.o(i.xQueueGenericSendFromISR)
    xQueueReceive                            0x08007e65   Thumb Code   308  queue.o(i.xQueueReceive)
    xTaskCheckForTimeOut                     0x08007f9d   Thumb Code   132  tasks.o(i.xTaskCheckForTimeOut)
    xTaskCreate                              0x08008025   Thumb Code    90  tasks.o(i.xTaskCreate)
    xTaskCreateStatic                        0x0800807f   Thumb Code    86  tasks.o(i.xTaskCreateStatic)
    xTaskGetHandle                           0x080080d5   Thumb Code   124  tasks.o(i.xTaskGetHandle)
    xTaskGetSchedulerState                   0x08008159   Thumb Code    22  tasks.o(i.xTaskGetSchedulerState)
    xTaskGetTickCount                        0x08008175   Thumb Code     6  tasks.o(i.xTaskGetTickCount)
    xTaskIncrementTick                       0x08008181   Thumb Code   194  tasks.o(i.xTaskIncrementTick)
    xTaskPriorityDisinherit                  0x0800824d   Thumb Code   144  tasks.o(i.xTaskPriorityDisinherit)
    xTaskRemoveFromEventList                 0x080082e5   Thumb Code   108  tasks.o(i.xTaskRemoveFromEventList)
    xTaskResumeAll                           0x08008359   Thumb Code   182  tasks.o(i.xTaskResumeAll)
    xTimerCreateTimerTask                    0x0800841d   Thumb Code    78  timers.o(i.xTimerCreateTimerTask)
    xTimerGenericCommand                     0x0800847d   Thumb Code    98  timers.o(i.xTimerGenericCommand)
    AHBPrescTable                            0x0800858c   Data          16  system_stm32f4xx.o(.constdata)
    APBPrescTable                            0x0800859c   Data           8  system_stm32f4xx.o(.constdata)
    CRC8_TAB                                 0x080085a4   Data         256  CRC.o(.constdata)
    wCRC_Table                               0x080086a4   Data         512  CRC.o(.constdata)
    Region$$Table$$Base                      0x080088ec   Number         0  anon$$obj.o(Region$$Table)
    Region$$Table$$Limit                     0x0800890c   Number         0  anon$$obj.o(Region$$Table)
    cn1                                      0x20000000   Data           1  BMI088driver.o(.data)
    BMI088_ACCEL_SEN                         0x20000004   Data           4  BMI088driver.o(.data)
    BMI088_GYRO_SEN                          0x20000008   Data           4  BMI088driver.o(.data)
    uwTickFreq                               0x20000030   Data           1  stm32f4xx_hal.o(.data)
    uwTickPrio                               0x20000034   Data           4  stm32f4xx_hal.o(.data)
    uwTick                                   0x20000038   Data           4  stm32f4xx_hal.o(.data)
    pxCurrentTCB                             0x20000068   Data           4  tasks.o(.data)
    Gimbal_taskHandle                        0x200000bc   Data           4  freertos.o(.data)
    shoot_taskHandle                         0x200000c0   Data           4  freertos.o(.data)
    imuTaskHandle                            0x200000c4   Data           4  freertos.o(.data)
    exchangeTaskHandle                       0x200000c8   Data           4  freertos.o(.data)
    defaultTaskHandle                        0x200000cc   Data           4  freertos.o(.data)
    SystemCoreClock                          0x200000d0   Data           4  system_stm32f4xx.o(.data)
    CRC_INIT                                 0x200000d4   Data           2  CRC.o(.data)
    judge_receive_length                     0x200000e0   Data           1  drv_usart.o(.data)
    Hero_level                               0x200000e4   Data           1  judge.o(.data)
    Hero_id                                  0x200000e5   Data           1  judge.o(.data)
    Hero_42mm_speed_limit                    0x200000e6   Data           2  judge.o(.data)
    Hero_chassis_power_limit                 0x200000e8   Data           2  judge.o(.data)
    newpower                                 0x200000ec   Data           4  judge.o(.data)
    Hero_42mm_speed                          0x200000f0   Data           4  judge.o(.data)
    press_left                               0x200000f4   Data           1  rc_potocal.o(.data)
    press_right                              0x200000f5   Data           1  rc_potocal.o(.data)
    w_flag                                   0x200000f6   Data           2  rc_potocal.o(.data)
    s_flag                                   0x200000f8   Data           2  rc_potocal.o(.data)
    a_flag                                   0x200000fa   Data           2  rc_potocal.o(.data)
    d_flag                                   0x200000fc   Data           2  rc_potocal.o(.data)
    q_flag                                   0x200000fe   Data           2  rc_potocal.o(.data)
    e_flag                                   0x20000100   Data           2  rc_potocal.o(.data)
    shift_flag                               0x20000102   Data           2  rc_potocal.o(.data)
    ctrl_flag                                0x20000104   Data           2  rc_potocal.o(.data)
    r_flag                                   0x20000106   Data           2  rc_potocal.o(.data)
    f_flag                                   0x20000108   Data           2  rc_potocal.o(.data)
    g_flag                                   0x2000010a   Data           2  rc_potocal.o(.data)
    z_flag                                   0x2000010c   Data           2  rc_potocal.o(.data)
    x_flag                                   0x2000010e   Data           2  rc_potocal.o(.data)
    c_flag                                   0x20000110   Data           2  rc_potocal.o(.data)
    v_flag                                   0x20000112   Data           2  rc_potocal.o(.data)
    b_flag                                   0x20000114   Data           2  rc_potocal.o(.data)
    gyro_update_flag                         0x20000118   Data           1  INS_task.o(.data)
    accel_update_flag                        0x20000119   Data           1  INS_task.o(.data)
    accel_temp_update_flag                   0x2000011a   Data           1  INS_task.o(.data)
    imu_start_dma_flag                       0x2000011b   Data           1  INS_task.o(.data)
    accel_temp_dma_tx_buf                    0x2000011e   Data           4  INS_task.o(.data)
    twoKp                                    0x20000124   Data           4  INS_task.o(.data)
    twoKi                                    0x20000128   Data           4  INS_task.o(.data)
    integralFBx                              0x2000012c   Data           4  INS_task.o(.data)
    integralFBy                              0x20000130   Data           4  INS_task.o(.data)
    integralFBz                              0x20000134   Data           4  INS_task.o(.data)
    accel_temp_dma_rx_buf                    0x20000140   Data           4  INS_task.o(.data)
    gyro_dma_tx_buf                          0x20000144   Data           8  INS_task.o(.data)
    gyro_dma_rx_buf                          0x2000014c   Data           8  INS_task.o(.data)
    accel_dma_tx_buf                         0x20000154   Data           9  INS_task.o(.data)
    gyro_scale_factor                        0x20000160   Data          36  INS_task.o(.data)
    accel_scale_factor                       0x20000184   Data          36  INS_task.o(.data)
    INS_angle_send                           0x200001a8   Data           6  exchange.o(.data)
    ins_buf                                  0x200001ae   Data           8  exchange.o(.data)
    xQueueRegistry                           0x200061bc   Data          64  queue.o(.bss)
    hcan1                                    0x200063fc   Data          40  can.o(.bss)
    hcan2                                    0x20006424   Data          40  can.o(.bss)
    hi2c3                                    0x20006af4   Data          84  i2c.o(.bss)
    hspi1                                    0x20006b48   Data          88  spi.o(.bss)
    hdma_spi1_rx                             0x20006ba0   Data          96  spi.o(.bss)
    hdma_spi1_tx                             0x20006c00   Data          96  spi.o(.bss)
    htim3                                    0x20006c60   Data          72  stm32f4xx_hal_timebase_tim.o(.bss)
    htim1                                    0x20006ca8   Data          72  tim.o(.bss)
    htim2                                    0x20006cf0   Data          72  tim.o(.bss)
    htim8                                    0x20006d38   Data          72  tim.o(.bss)
    htim9                                    0x20006d80   Data          72  tim.o(.bss)
    htim10                                   0x20006dc8   Data          72  tim.o(.bss)
    huart1                                   0x20006e10   Data          68  usart.o(.bss)
    huart3                                   0x20006e54   Data          68  usart.o(.bss)
    huart6                                   0x20006e98   Data          68  usart.o(.bss)
    hdma_usart1_rx                           0x20006edc   Data          96  usart.o(.bss)
    hdma_usart1_tx                           0x20006f3c   Data          96  usart.o(.bss)
    hdma_usart3_rx                           0x20006f9c   Data          96  usart.o(.bss)
    hdma_usart3_tx                           0x20006ffc   Data          96  usart.o(.bss)
    hdma_usart6_rx                           0x2000705c   Data          96  usart.o(.bss)
    hdma_usart6_tx                           0x200070bc   Data          96  usart.o(.bss)
    powerdata                                0x2000711c   Data          16  drv_can.o(.bss)
    judge_dma_buffer                         0x2000712c   Data         400  drv_usart.o(.bss)
    usart3_dma_rxbuf                         0x200072bc   Data          48  drv_usart.o(.bss)
    Judge_Hero                               0x200072ec   Data         186  judge.o(.bss)
    powerd                                   0x200073a6   Data          16  judge.o(.bss)
    rc_ctrl                                  0x200073b6   Data          22  rc_potocal.o(.bss)
    gimbal_Pitch                             0x200073cc   Data         184  Gimbal_task.o(.bss)
    INS_gyro                                 0x200074a8   Data          12  INS_task.o(.bss)
    INS_accel                                0x200074b4   Data          12  INS_task.o(.bss)
    INS_mag                                  0x200074c0   Data          12  INS_task.o(.bss)
    INS_quat                                 0x200074cc   Data          16  INS_task.o(.bss)
    INS_angle                                0x200074dc   Data          12  INS_task.o(.bss)
    accel_dma_rx_buf                         0x200074e8   Data           9  INS_task.o(.bss)
    bmi088_real_data                         0x200074f4   Data          36  INS_task.o(.bss)
    accel_offset                             0x20007518   Data          12  INS_task.o(.bss)
    imu_temp_pid                             0x20007524   Data          72  INS_task.o(.bss)
    gyrooffset                               0x2000756c   Data          12  INS_task.o(.bss)
    shooter                                  0x20007578   Data         296  Shoot_task.o(.bss)
    __initial_sp                             0x200096a0   Data           0  startup_stm32f407xx.o(STACK)



==============================================================================

Memory Map of the image

  Image Entry point : 0x08000189

  Load Region LR_IROM1 (Base: 0x08000000, Size: 0x00008ac8, Max: 0x00100000, ABSOLUTE, COMPRESSED[0x0000896c])

    Execution Region ER_IROM1 (Base: 0x08000000, Size: 0x0000890c, Max: 0x00100000, ABSOLUTE)

    Base Addr    Size         Type   Attr      Idx    E Section Name        Object

    0x08000000   0x00000188   Data   RO         7600    RESET               startup_stm32f407xx.o
    0x08000188   0x00000000   Code   RO         7807  * .ARM.Collect$$$$00000000  mc_w.l(entry.o)
    0x08000188   0x00000004   Code   RO         7890    .ARM.Collect$$$$00000001  mc_w.l(entry2.o)
    0x0800018c   0x00000004   Code   RO         7893    .ARM.Collect$$$$00000004  mc_w.l(entry5.o)
    0x08000190   0x00000000   Code   RO         7895    .ARM.Collect$$$$00000008  mc_w.l(entry7b.o)
    0x08000190   0x00000000   Code   RO         7897    .ARM.Collect$$$$0000000A  mc_w.l(entry8b.o)
    0x08000190   0x00000008   Code   RO         7898    .ARM.Collect$$$$0000000B  mc_w.l(entry9a.o)
    0x08000198   0x00000000   Code   RO         7900    .ARM.Collect$$$$0000000D  mc_w.l(entry10a.o)
    0x08000198   0x00000000   Code   RO         7902    .ARM.Collect$$$$0000000F  mc_w.l(entry11a.o)
    0x08000198   0x00000004   Code   RO         7891    .ARM.Collect$$$$00002712  mc_w.l(entry2.o)
    0x0800019c   0x000000be   Code   RO         4840    .emb_text           port.o
    0x0800025a   0x00000002   PAD
    0x0800025c   0x00000024   Code   RO         7601    .text               startup_stm32f407xx.o
    0x08000280   0x00000062   Code   RO         7810    .text               mc_w.l(uldiv.o)
    0x080002e2   0x00000024   Code   RO         7812    .text               mc_w.l(memcpya.o)
    0x08000306   0x00000024   Code   RO         7816    .text               mc_w.l(memseta.o)
    0x0800032a   0x0000000e   Code   RO         7818    .text               mc_w.l(strlen.o)
    0x08000338   0x0000014e   Code   RO         7850    .text               mf_w.l(dadd.o)
    0x08000486   0x000000e4   Code   RO         7852    .text               mf_w.l(dmul.o)
    0x0800056a   0x000000de   Code   RO         7854    .text               mf_w.l(ddiv.o)
    0x08000648   0x00000022   Code   RO         7856    .text               mf_w.l(dflti.o)
    0x0800066a   0x00000026   Code   RO         7858    .text               mf_w.l(f2d.o)
    0x08000690   0x00000038   Code   RO         7860    .text               mf_w.l(d2f.o)
    0x080006c8   0x0000001e   Code   RO         7904    .text               mc_w.l(llshl.o)
    0x080006e6   0x00000020   Code   RO         7906    .text               mc_w.l(llushr.o)
    0x08000706   0x00000024   Code   RO         7908    .text               mc_w.l(llsshr.o)
    0x0800072a   0x00000000   Code   RO         7919    .text               mc_w.l(iusefp.o)
    0x0800072a   0x0000006e   Code   RO         7920    .text               mf_w.l(fepilogue.o)
    0x08000798   0x000000ba   Code   RO         7922    .text               mf_w.l(depilogue.o)
    0x08000852   0x00000002   PAD
    0x08000854   0x00000024   Code   RO         7924    .text               mc_w.l(init.o)
    0x08000878   0x00000056   Code   RO         7934    .text               mc_w.l(__dczerorl2.o)
    0x080008ce   0x00000002   PAD
    0x080008d0   0x00000020   Code   RO         7397    i.AHRS_init         INS_task.o
    0x080008f0   0x00000010   Code   RO          117    i.BMI088_ACCEL_NS_H  BMI088Middleware.o
    0x08000900   0x00000010   Code   RO          118    i.BMI088_ACCEL_NS_L  BMI088Middleware.o
    0x08000910   0x00000002   Code   RO          119    i.BMI088_GPIO_init  BMI088Middleware.o
    0x08000912   0x00000002   PAD
    0x08000914   0x00000010   Code   RO          120    i.BMI088_GYRO_NS_H  BMI088Middleware.o
    0x08000924   0x00000010   Code   RO          121    i.BMI088_GYRO_NS_L  BMI088Middleware.o
    0x08000934   0x00000080   Code   RO          344    i.BMI088_accel_read_over  BMI088driver.o
    0x080009b4   0x00000002   Code   RO          122    i.BMI088_com_init   BMI088Middleware.o
    0x080009b6   0x00000004   Code   RO          123    i.BMI088_delay_ms   BMI088Middleware.o
    0x080009ba   0x00000004   Code   RO          124    i.BMI088_delay_us   BMI088Middleware.o
    0x080009be   0x00000002   PAD
    0x080009c0   0x00000060   Code   RO          345    i.BMI088_gyro_read_over  BMI088driver.o
    0x08000a20   0x0000002e   Code   RO          346    i.BMI088_init       BMI088driver.o
    0x08000a4e   0x00000002   PAD
    0x08000a50   0x00000158   Code   RO          347    i.BMI088_read       BMI088driver.o
    0x08000ba8   0x00000024   Code   RO          350    i.BMI088_read_muli_reg  BMI088driver.o
    0x08000bcc   0x00000016   Code   RO          351    i.BMI088_read_single_reg  BMI088driver.o
    0x08000be2   0x00000002   PAD
    0x08000be4   0x00000020   Code   RO          125    i.BMI088_read_write_byte  BMI088Middleware.o
    0x08000c04   0x0000002e   Code   RO          352    i.BMI088_temperature_read_over  BMI088driver.o
    0x08000c32   0x00000012   Code   RO          353    i.BMI088_write_single_reg  BMI088driver.o
    0x08000c44   0x00000002   Code   RO         6353    i.BusFault_Handler  stm32f4xx_it.o
    0x08000c46   0x00000002   PAD
    0x08000c48   0x0000003c   Code   RO         6981    i.CAN1_Init         drv_can.o
    0x08000c84   0x0000000c   Code   RO         6354    i.CAN1_RX0_IRQHandler  stm32f4xx_it.o
    0x08000c90   0x0000000c   Code   RO         6355    i.CAN1_TX_IRQHandler  stm32f4xx_it.o
    0x08000c9c   0x0000003c   Code   RO         6982    i.CAN2_Init         drv_can.o
    0x08000cd8   0x0000000c   Code   RO         6356    i.CAN2_RX0_IRQHandler  stm32f4xx_it.o
    0x08000ce4   0x0000000c   Code   RO         6357    i.CAN2_TX_IRQHandler  stm32f4xx_it.o
    0x08000cf0   0x0000000c   Code   RO         6358    i.DMA1_Stream1_IRQHandler  stm32f4xx_it.o
    0x08000cfc   0x0000000c   Code   RO         6359    i.DMA1_Stream3_IRQHandler  stm32f4xx_it.o
    0x08000d08   0x0000000c   Code   RO         6360    i.DMA2_Stream1_IRQHandler  stm32f4xx_it.o
    0x08000d14   0x000000a4   Code   RO         7398    i.DMA2_Stream2_IRQHandler  INS_task.o
    0x08000db8   0x0000000c   Code   RO         6361    i.DMA2_Stream5_IRQHandler  stm32f4xx_it.o
    0x08000dc4   0x0000000c   Code   RO         6362    i.DMA2_Stream6_IRQHandler  stm32f4xx_it.o
    0x08000dd0   0x0000000c   Code   RO         6363    i.DMA2_Stream7_IRQHandler  stm32f4xx_it.o
    0x08000ddc   0x00000244   Code   RO         7079    i.DMAEx_MultiBufferStart_NoIT  drv_usart.o
    0x08001020   0x00000028   Code   RO         1332    i.DMA_CalcBaseAndBitshift  stm32f4xx_hal_dma.o
    0x08001048   0x00000054   Code   RO         1333    i.DMA_CheckFifoParam  stm32f4xx_hal_dma.o
    0x0800109c   0x00000014   Code   RO         7080    i.DRV_USART3_IRQHandler  drv_usart.o
    0x080010b0   0x00000014   Code   RO         7081    i.DRV_USART6_IRQHandler  drv_usart.o
    0x080010c4   0x00000002   Code   RO         6364    i.DebugMon_Handler  stm32f4xx_it.o
    0x080010c6   0x00000006   Code   RO         6365    i.EXTI0_IRQHandler  stm32f4xx_it.o
    0x080010cc   0x00000006   Code   RO         6366    i.EXTI3_IRQHandler  stm32f4xx_it.o
    0x080010d2   0x00000006   Code   RO         6367    i.EXTI4_IRQHandler  stm32f4xx_it.o
    0x080010d8   0x00000020   Code   RO         6368    i.EXTI9_5_IRQHandler  stm32f4xx_it.o
    0x080010f8   0x00000004   Code   RO         6085    i.Error_Handler     main.o
    0x080010fc   0x0000002c   Code   RO         6723    i.Get_CRC16_Check_Sum  CRC.o
    0x08001128   0x0000001c   Code   RO         6724    i.Get_CRC8_Check_Sum  CRC.o
    0x08001144   0x00000084   Code   RO         7242    i.Gimbal_loop_Init  Gimbal_task.o
    0x080011c8   0x0000001c   Code   RO         7243    i.Gimbal_task       Gimbal_task.o
    0x080011e4   0x00000024   Code   RO          964    i.HAL_CAN_ActivateNotification  stm32f4xx_hal_can.o
    0x08001208   0x000000c8   Code   RO          965    i.HAL_CAN_AddTxMessage  stm32f4xx_hal_can.o
    0x080012d0   0x0000010c   Code   RO          966    i.HAL_CAN_ConfigFilter  stm32f4xx_hal_can.o
    0x080013dc   0x00000002   Code   RO          969    i.HAL_CAN_ErrorCallback  stm32f4xx_hal_can.o
    0x080013de   0x000000e8   Code   RO          972    i.HAL_CAN_GetRxMessage  stm32f4xx_hal_can.o
    0x080014c6   0x000001fc   Code   RO          976    i.HAL_CAN_IRQHandler  stm32f4xx_hal_can.o
    0x080016c2   0x0000011a   Code   RO          977    i.HAL_CAN_Init      stm32f4xx_hal_can.o
    0x080017dc   0x0000011c   Code   RO         5742    i.HAL_CAN_MspInit   can.o
    0x080018f8   0x00000002   Code   RO          984    i.HAL_CAN_RxFifo0FullCallback  stm32f4xx_hal_can.o
    0x080018fa   0x00000002   PAD
    0x080018fc   0x00000188   Code   RO         6983    i.HAL_CAN_RxFifo0MsgPendingCallback  drv_can.o
    0x08001a84   0x00000002   Code   RO          986    i.HAL_CAN_RxFifo1FullCallback  stm32f4xx_hal_can.o
    0x08001a86   0x00000002   Code   RO          987    i.HAL_CAN_RxFifo1MsgPendingCallback  stm32f4xx_hal_can.o
    0x08001a88   0x00000002   Code   RO          988    i.HAL_CAN_SleepCallback  stm32f4xx_hal_can.o
    0x08001a8a   0x00000002   PAD
    0x08001a8c   0x00000058   Code   RO          989    i.HAL_CAN_Start     stm32f4xx_hal_can.o
    0x08001ae4   0x00000002   Code   RO          991    i.HAL_CAN_TxMailbox0AbortCallback  stm32f4xx_hal_can.o
    0x08001ae6   0x00000002   Code   RO          992    i.HAL_CAN_TxMailbox0CompleteCallback  stm32f4xx_hal_can.o
    0x08001ae8   0x00000002   Code   RO          993    i.HAL_CAN_TxMailbox1AbortCallback  stm32f4xx_hal_can.o
    0x08001aea   0x00000002   Code   RO          994    i.HAL_CAN_TxMailbox1CompleteCallback  stm32f4xx_hal_can.o
    0x08001aec   0x00000002   Code   RO          995    i.HAL_CAN_TxMailbox2AbortCallback  stm32f4xx_hal_can.o
    0x08001aee   0x00000002   Code   RO          996    i.HAL_CAN_TxMailbox2CompleteCallback  stm32f4xx_hal_can.o
    0x08001af0   0x00000002   Code   RO          998    i.HAL_CAN_WakeUpFromRxMsgCallback  stm32f4xx_hal_can.o
    0x08001af2   0x00000092   Code   RO         1335    i.HAL_DMA_Abort     stm32f4xx_hal_dma.o
    0x08001b84   0x00000024   Code   RO         1336    i.HAL_DMA_Abort_IT  stm32f4xx_hal_dma.o
    0x08001ba8   0x000001a0   Code   RO         1340    i.HAL_DMA_IRQHandler  stm32f4xx_hal_dma.o
    0x08001d48   0x000000d4   Code   RO         1341    i.HAL_DMA_Init      stm32f4xx_hal_dma.o
    0x08001e1c   0x0000006c   Code   RO         7399    i.HAL_GPIO_EXTI_Callback  INS_task.o
    0x08001e88   0x00000018   Code   RO         1749    i.HAL_GPIO_EXTI_IRQHandler  stm32f4xx_hal_gpio.o
    0x08001ea0   0x000001f0   Code   RO         1750    i.HAL_GPIO_Init     stm32f4xx_hal_gpio.o
    0x08002090   0x0000000a   Code   RO         1754    i.HAL_GPIO_WritePin  stm32f4xx_hal_gpio.o
    0x0800209a   0x00000002   PAD
    0x0800209c   0x0000000c   Code   RO          790    i.HAL_GetTick       stm32f4xx_hal.o
    0x080020a8   0x00000188   Code   RO         1824    i.HAL_I2C_Init      stm32f4xx_hal_i2c.o
    0x08002230   0x00000094   Code   RO         6044    i.HAL_I2C_MspInit   i2c.o
    0x080022c4   0x00000010   Code   RO          796    i.HAL_IncTick       stm32f4xx_hal.o
    0x080022d4   0x00000034   Code   RO          797    i.HAL_Init          stm32f4xx_hal.o
    0x08002308   0x00000098   Code   RO         6314    i.HAL_InitTick      stm32f4xx_hal_timebase_tim.o
    0x080023a0   0x00000038   Code   RO         6290    i.HAL_MspInit       stm32f4xx_hal_msp.o
    0x080023d8   0x0000001a   Code   RO         1202    i.HAL_NVIC_EnableIRQ  stm32f4xx_hal_cortex.o
    0x080023f2   0x00000002   PAD
    0x080023f4   0x00000040   Code   RO         1208    i.HAL_NVIC_SetPriority  stm32f4xx_hal_cortex.o
    0x08002434   0x00000024   Code   RO         1209    i.HAL_NVIC_SetPriorityGrouping  stm32f4xx_hal_cortex.o
    0x08002458   0x00000134   Code   RO         2438    i.HAL_RCC_ClockConfig  stm32f4xx_hal_rcc.o
    0x0800258c   0x00000040   Code   RO         2442    i.HAL_RCC_GetClockConfig  stm32f4xx_hal_rcc.o
    0x080025cc   0x00000020   Code   RO         2445    i.HAL_RCC_GetPCLK1Freq  stm32f4xx_hal_rcc.o
    0x080025ec   0x00000020   Code   RO         2446    i.HAL_RCC_GetPCLK2Freq  stm32f4xx_hal_rcc.o
    0x0800260c   0x00000064   Code   RO         2447    i.HAL_RCC_GetSysClockFreq  stm32f4xx_hal_rcc.o
    0x08002670   0x0000036c   Code   RO         2450    i.HAL_RCC_OscConfig  stm32f4xx_hal_rcc.o
    0x080029dc   0x00000002   Code   RO         2600    i.HAL_SPI_ErrorCallback  stm32f4xx_hal_spi.o
    0x080029de   0x00000002   PAD
    0x080029e0   0x000000fc   Code   RO         2603    i.HAL_SPI_IRQHandler  stm32f4xx_hal_spi.o
    0x08002adc   0x000000bc   Code   RO         2604    i.HAL_SPI_Init      stm32f4xx_hal_spi.o
    0x08002b98   0x0000010c   Code   RO         6249    i.HAL_SPI_MspInit   spi.o
    0x08002ca4   0x000001e2   Code   RO         2613    i.HAL_SPI_TransmitReceive  stm32f4xx_hal_spi.o
    0x08002e86   0x00000002   Code   RO         3621    i.HAL_TIMEx_BreakCallback  stm32f4xx_hal_tim_ex.o
    0x08002e88   0x00000002   Code   RO         3622    i.HAL_TIMEx_CommutCallback  stm32f4xx_hal_tim_ex.o
    0x08002e8a   0x00000054   Code   RO         3624    i.HAL_TIMEx_ConfigBreakDeadTime  stm32f4xx_hal_tim_ex.o
    0x08002ede   0x00000002   PAD
    0x08002ee0   0x00000090   Code   RO         3640    i.HAL_TIMEx_MasterConfigSynchronization  stm32f4xx_hal_tim_ex.o
    0x08002f70   0x0000005a   Code   RO         2917    i.HAL_TIM_Base_Init  stm32f4xx_hal_tim.o
    0x08002fca   0x00000002   PAD
    0x08002fcc   0x000000e0   Code   RO         6588    i.HAL_TIM_Base_MspInit  tim.o
    0x080030ac   0x00000080   Code   RO         2922    i.HAL_TIM_Base_Start_IT  stm32f4xx_hal_tim.o
    0x0800312c   0x000000dc   Code   RO         2926    i.HAL_TIM_ConfigClockSource  stm32f4xx_hal_tim.o
    0x08003208   0x00000002   Code   RO         2951    i.HAL_TIM_IC_CaptureCallback  stm32f4xx_hal_tim.o
    0x0800320a   0x00000166   Code   RO         2965    i.HAL_TIM_IRQHandler  stm32f4xx_hal_tim.o
    0x08003370   0x00000080   Code   RO         6589    i.HAL_TIM_MspPostInit  tim.o
    0x080033f0   0x00000002   Code   RO         2968    i.HAL_TIM_OC_DelayElapsedCallback  stm32f4xx_hal_tim.o
    0x080033f2   0x000000cc   Code   RO         2989    i.HAL_TIM_PWM_ConfigChannel  stm32f4xx_hal_tim.o
    0x080034be   0x0000005a   Code   RO         2992    i.HAL_TIM_PWM_Init  stm32f4xx_hal_tim.o
    0x08003518   0x00000002   Code   RO         2994    i.HAL_TIM_PWM_MspInit  stm32f4xx_hal_tim.o
    0x0800351a   0x00000002   Code   RO         2995    i.HAL_TIM_PWM_PulseFinishedCallback  stm32f4xx_hal_tim.o
    0x0800351c   0x000000c8   Code   RO         2997    i.HAL_TIM_PWM_Start  stm32f4xx_hal_tim.o
    0x080035e4   0x00000014   Code   RO         6086    i.HAL_TIM_PeriodElapsedCallback  main.o
    0x080035f8   0x00000002   Code   RO         3008    i.HAL_TIM_TriggerCallback  stm32f4xx_hal_tim.o
    0x080035fa   0x00000002   Code   RO         3899    i.HAL_UARTEx_RxEventCallback  stm32f4xx_hal_uart.o
    0x080035fc   0x00000002   Code   RO         3913    i.HAL_UART_ErrorCallback  stm32f4xx_hal_uart.o
    0x080035fe   0x00000002   PAD
    0x08003600   0x00000268   Code   RO         3916    i.HAL_UART_IRQHandler  stm32f4xx_hal_uart.o
    0x08003868   0x00000062   Code   RO         3917    i.HAL_UART_Init     stm32f4xx_hal_uart.o
    0x080038ca   0x00000002   PAD
    0x080038cc   0x000002cc   Code   RO         6664    i.HAL_UART_MspInit  usart.o
    0x08003b98   0x00000002   Code   RO         3923    i.HAL_UART_RxCpltCallback  stm32f4xx_hal_uart.o
    0x08003b9a   0x00000002   Code   RO         3928    i.HAL_UART_TxCpltCallback  stm32f4xx_hal_uart.o
    0x08003b9c   0x00000002   Code   RO         6369    i.HardFault_Handler  stm32f4xx_it.o
    0x08003b9e   0x00000002   PAD
    0x08003ba0   0x000000b4   Code   RO         7400    i.INS_gyrooffset_calculate  INS_task.o
    0x08003c54   0x00000200   Code   RO         7401    i.INS_task          INS_task.o
    0x08003e54   0x000001a4   Code   RO         7153    i.JUDGE_Receive     judge.o
    0x08003ff8   0x00000044   Code   RO         5743    i.MX_CAN1_Init      can.o
    0x0800403c   0x00000044   Code   RO         5744    i.MX_CAN2_Init      can.o
    0x08004080   0x000000ac   Code   RO         5794    i.MX_DMA_Init       dma.o
    0x0800412c   0x00000080   Code   RO         5930    i.MX_FREERTOS_Init  freertos.o
    0x080041ac   0x00000224   Code   RO         6019    i.MX_GPIO_Init      gpio.o
    0x080043d0   0x00000040   Code   RO         6045    i.MX_I2C3_Init      i2c.o
    0x08004410   0x00000048   Code   RO         6250    i.MX_SPI1_Init      spi.o
    0x08004458   0x00000064   Code   RO         6590    i.MX_TIM10_Init     tim.o
    0x080044bc   0x000000cc   Code   RO         6591    i.MX_TIM1_Init      tim.o
    0x08004588   0x00000064   Code   RO         6592    i.MX_TIM2_Init      tim.o
    0x080045ec   0x00000068   Code   RO         6593    i.MX_TIM8_Init      tim.o
    0x08004654   0x0000004c   Code   RO         6594    i.MX_TIM9_Init      tim.o
    0x080046a0   0x00000038   Code   RO         6665    i.MX_USART1_UART_Init  usart.o
    0x080046d8   0x00000038   Code   RO         6666    i.MX_USART3_UART_Init  usart.o
    0x08004710   0x00000038   Code   RO         6667    i.MX_USART6_UART_Init  usart.o
    0x08004748   0x000001e4   Code   RO         7402    i.MahonyAHRSupdateIMU  INS_task.o
    0x0800492c   0x00000002   Code   RO         6370    i.MemManage_Handler  stm32f4xx_it.o
    0x0800492e   0x00000002   Code   RO         6371    i.NMI_Handler       stm32f4xx_it.o
    0x08004930   0x00000128   Code   RO         6827    i.PID_calc          pid_imu.o
    0x08004a58   0x0000005c   Code   RO         6830    i.PID_init          pid_imu.o
    0x08004ab4   0x0000010c   Code   RO         7244    i.RC_Pitch_control  Gimbal_task.o
    0x08004bc0   0x000000d4   Code   RO         6947    i.SPI1_DMA_enable   bsp_spi.o
    0x08004c94   0x000000f0   Code   RO         6948    i.SPI1_DMA_init     bsp_spi.o
    0x08004d84   0x0000000c   Code   RO         6372    i.SPI1_IRQHandler   stm32f4xx_it.o
    0x08004d90   0x00000010   Code   RO         2631    i.SPI_DMAAbortOnError  stm32f4xx_hal_spi.o
    0x08004da0   0x00000058   Code   RO         2642    i.SPI_EndRxTxTransaction  stm32f4xx_hal_spi.o
    0x08004df8   0x000000b8   Code   RO         2647    i.SPI_WaitFlagStateUntilTimeout  stm32f4xx_hal_spi.o
    0x08004eb0   0x00000010   Code   RO         7520    i.Shoot_task        Shoot_task.o
    0x08004ec0   0x0000009c   Code   RO         7521    i.Shooter_Inint     Shoot_task.o
    0x08004f5c   0x00000008   Code   RO         5931    i.StartDefaultTask  freertos.o
    0x08004f64   0x0000002c   Code   RO         4841    i.SysTick_Handler   port.o
    0x08004f90   0x00000094   Code   RO         6087    i.SystemClock_Config  main.o
    0x08005024   0x0000001c   Code   RO         6550    i.SystemInit        system_stm32f4xx.o
    0x08005040   0x0000001c   Code   RO         6373    i.TIM1_BRK_TIM9_IRQHandler  stm32f4xx_it.o
    0x0800505c   0x0000001c   Code   RO         6374    i.TIM1_UP_TIM10_IRQHandler  stm32f4xx_it.o
    0x08005078   0x0000000c   Code   RO         6375    i.TIM3_IRQHandler   stm32f4xx_it.o
    0x08005084   0x0000000c   Code   RO         6376    i.TIM8_BRK_TIM12_IRQHandler  stm32f4xx_it.o
    0x08005090   0x0000000c   Code   RO         6377    i.TIM8_UP_TIM13_IRQHandler  stm32f4xx_it.o
    0x0800509c   0x000000c8   Code   RO         3010    i.TIM_Base_SetConfig  stm32f4xx_hal_tim.o
    0x08005164   0x0000001a   Code   RO         3011    i.TIM_CCxChannelCmd  stm32f4xx_hal_tim.o
    0x0800517e   0x00000014   Code   RO         3021    i.TIM_ETR_SetConfig  stm32f4xx_hal_tim.o
    0x08005192   0x00000010   Code   RO         3022    i.TIM_ITRx_SetConfig  stm32f4xx_hal_tim.o
    0x080051a2   0x00000002   PAD
    0x080051a4   0x00000060   Code   RO         3023    i.TIM_OC1_SetConfig  stm32f4xx_hal_tim.o
    0x08005204   0x0000006c   Code   RO         3024    i.TIM_OC2_SetConfig  stm32f4xx_hal_tim.o
    0x08005270   0x00000068   Code   RO         3025    i.TIM_OC3_SetConfig  stm32f4xx_hal_tim.o
    0x080052d8   0x00000050   Code   RO         3026    i.TIM_OC4_SetConfig  stm32f4xx_hal_tim.o
    0x08005328   0x00000022   Code   RO         3028    i.TIM_TI1_ConfigInputStage  stm32f4xx_hal_tim.o
    0x0800534a   0x00000024   Code   RO         3030    i.TIM_TI2_ConfigInputStage  stm32f4xx_hal_tim.o
    0x0800536e   0x00000010   Code   RO         3930    i.UART_DMAAbortOnError  stm32f4xx_hal_uart.o
    0x0800537e   0x0000004e   Code   RO         3940    i.UART_EndRxTransfer  stm32f4xx_hal_uart.o
    0x080053cc   0x000000c0   Code   RO         3942    i.UART_Receive_IT   stm32f4xx_hal_uart.o
    0x0800548c   0x0000010c   Code   RO         3943    i.UART_SetConfig    stm32f4xx_hal_uart.o
    0x08005598   0x0000000c   Code   RO         6378    i.USART1_IRQHandler  stm32f4xx_it.o
    0x080055a4   0x00000018   Code   RO         6379    i.USART3_IRQHandler  stm32f4xx_it.o
    0x080055bc   0x0000003c   Code   RO         7082    i.USART3_Init       drv_usart.o
    0x080055f8   0x00000104   Code   RO         7203    i.USART3_rxDataHandler  rc_potocal.o
    0x080056fc   0x00000018   Code   RO         6380    i.USART6_IRQHandler  stm32f4xx_it.o
    0x08005714   0x0000003c   Code   RO         7083    i.USART6_Init       drv_usart.o
    0x08005750   0x0000007c   Code   RO         7566    i.Up_send_to_down   exchange.o
    0x080057cc   0x0000003c   Code   RO         7154    i.Update_data       judge.o
    0x08005808   0x00000002   Code   RO         6381    i.UsageFault_Handler  stm32f4xx_it.o
    0x0800580a   0x00000002   PAD
    0x0800580c   0x0000003c   Code   RO         6725    i.Verify_CRC16_Check_Sum  CRC.o
    0x08005848   0x00000026   Code   RO         6726    i.Verify_CRC8_Check_Sum  CRC.o
    0x0800586e   0x00000026   Code   RO         7862    i.__ARM_fpclassifyf  m_wm.l(fpclassifyf.o)
    0x08005894   0x00000020   Code   RO         1215    i.__NVIC_SetPriority  stm32f4xx_hal_cortex.o
    0x080058b4   0x0000012c   Code   RO         7783    i.__hardfp_asinf    m_wm.l(asinf.o)
    0x080059e0   0x00000250   Code   RO         7795    i.__hardfp_atan2f   m_wm.l(atan2f.o)
    0x08005c30   0x00000006   Code   RO         7865    i.__mathlib_flt_infnan  m_wm.l(funder.o)
    0x08005c36   0x00000006   Code   RO         7866    i.__mathlib_flt_infnan2  m_wm.l(funder.o)
    0x08005c3c   0x00000010   Code   RO         7867    i.__mathlib_flt_invalid  m_wm.l(funder.o)
    0x08005c4c   0x00000010   Code   RO         7870    i.__mathlib_flt_underflow  m_wm.l(funder.o)
    0x08005c5c   0x0000000e   Code   RO         7928    i.__scatterload_copy  mc_w.l(handlers.o)
    0x08005c6a   0x00000002   Code   RO         7929    i.__scatterload_null  mc_w.l(handlers.o)
    0x08005c6c   0x0000000e   Code   RO         7930    i.__scatterload_zeroinit  mc_w.l(handlers.o)
    0x08005c7a   0x00000002   PAD
    0x08005c7c   0x0000000c   Code   RO         7914    i.__set_errno       mc_w.l(errno.o)
    0x08005c88   0x00000128   Code   RO          354    i.bmi088_accel_init  BMI088driver.o
    0x08005db0   0x000002d4   Code   RO          355    i.bmi088_accel_self_test  BMI088driver.o
    0x08006084   0x000000dc   Code   RO          356    i.bmi088_gyro_init  BMI088driver.o
    0x08006160   0x000000ca   Code   RO          357    i.bmi088_gyro_self_test  BMI088driver.o
    0x0800622a   0x00000002   PAD
    0x0800622c   0x00000024   Code   RO         6984    i.can_remote        drv_can.o
    0x08006250   0x00000028   Code   RO         6878    i.delay_init        bsp_delay.o
    0x08006278   0x00000034   Code   RO         6880    i.delay_us          bsp_delay.o
    0x080062ac   0x00000070   Code   RO         7522    i.dial_control      Shoot_task.o
    0x0800631c   0x0000004c   Code   RO         7084    i.dma_m0_rxcplt_callback  drv_usart.o
    0x08006368   0x00000048   Code   RO         7085    i.dma_m1_rxcplt_callback  drv_usart.o
    0x080063b0   0x0000000c   Code   RO         7567    i.exchange_task     exchange.o
    0x080063bc   0x000000f4   Code   RO         7405    i.get_angle         INS_task.o
    0x080064b0   0x000000d8   Code   RO         6782    i.gimbal_Pitch_PID_cal  pid.o
    0x08006588   0x00000070   Code   RO         7245    i.gimbal_current_give  Gimbal_task.o
    0x080065f8   0x000000a4   Code   RO         7407    i.imu_cali_slove    INS_task.o
    0x0800669c   0x000000fc   Code   RO         7408    i.imu_cmd_spi_dma   INS_task.o
    0x08006798   0x0000000c   Code   RO         6919    i.imu_pwm_set       bsp_imu_pwm.o
    0x080067a4   0x0000007c   Code   RO         7409    i.imu_temp_control  INS_task.o
    0x08006820   0x0000002c   Code   RO         7410    i.invSqrt           INS_task.o
    0x0800684c   0x00000088   Code   RO         6088    i.main              main.o
    0x080068d4   0x0000000c   Code   RO         4247    i.makeFreeRtosPriority  cmsis_os.o
    0x080068e0   0x00000058   Code   RO         7523    i.model_choice      Shoot_task.o
    0x08006938   0x0000000e   Code   RO         4249    i.osDelay           cmsis_os.o
    0x08006946   0x0000000a   Code   RO         4252    i.osKernelStart     cmsis_os.o
    0x08006950   0x00000054   Code   RO         4286    i.osThreadCreate    cmsis_os.o
    0x080069a4   0x00000020   Code   RO         5248    i.pcTaskGetName     tasks.o
    0x080069c4   0x000000a8   Code   RO         6784    i.pid_calc          pid.o
    0x08006a6c   0x0000005c   Code   RO         6785    i.pid_init          pid.o
    0x08006ac8   0x00000018   Code   RO         6985    i.process_MotorInfo  drv_can.o
    0x08006ae0   0x00000078   Code   RO         5249    i.prvAddCurrentTaskToDelayedList  tasks.o
    0x08006b58   0x000000d0   Code   RO         5250    i.prvAddNewTaskToReadyList  tasks.o
    0x08006c28   0x00000058   Code   RO         5597    i.prvCheckForValidListAndQueue  timers.o
    0x08006c80   0x00000026   Code   RO         4918    i.prvCopyDataFromQueue  queue.o
    0x08006ca6   0x0000006c   Code   RO         4919    i.prvCopyDataToQueue  queue.o
    0x08006d12   0x00000034   Code   RO         5251    i.prvDeleteTCB      tasks.o
    0x08006d46   0x00000002   PAD
    0x08006d48   0x0000004c   Code   RO         4773    i.prvHeapInit       heap_4.o
    0x08006d94   0x00000060   Code   RO         5252    i.prvIdleTask       tasks.o
    0x08006df4   0x00000016   Code   RO         4921    i.prvInitialiseNewQueue  queue.o
    0x08006e0a   0x00000002   PAD
    0x08006e0c   0x000000b4   Code   RO         5253    i.prvInitialiseNewTask  tasks.o
    0x08006ec0   0x0000004c   Code   RO         4774    i.prvInsertBlockIntoFreeList  heap_4.o
    0x08006f0c   0x00000038   Code   RO         5599    i.prvInsertTimerInActiveList  timers.o
    0x08006f44   0x0000001c   Code   RO         4922    i.prvIsQueueEmpty   queue.o
    0x08006f60   0x000000fc   Code   RO         5600    i.prvProcessReceivedCommands  timers.o
    0x0800705c   0x000000c0   Code   RO         5601    i.prvProcessTimerOrBlockTask  timers.o
    0x0800711c   0x00000020   Code   RO         5254    i.prvResetNextTaskUnblockTime  tasks.o
    0x0800713c   0x00000028   Code   RO         5602    i.prvSampleTimeNow  timers.o
    0x08007164   0x00000058   Code   RO         5255    i.prvSearchForNameWithinSingleList  tasks.o
    0x080071bc   0x0000006c   Code   RO         5603    i.prvSwitchTimerLists  timers.o
    0x08007228   0x00000028   Code   RO         4842    i.prvTaskExitError  port.o
    0x08007250   0x00000024   Code   RO         5604    i.prvTimerTask      timers.o
    0x08007274   0x0000006a   Code   RO         4923    i.prvUnlockQueue    queue.o
    0x080072de   0x00000002   PAD
    0x080072e0   0x000000dc   Code   RO         4775    i.pvPortMalloc      heap_4.o
    0x080073bc   0x0000002c   Code   RO         4843    i.pxPortInitialiseStack  port.o
    0x080073e8   0x00000056   Code   RO         6986    i.set_curruent      drv_can.o
    0x0800743e   0x0000003e   Code   RO         7880    i.sqrtf             m_wm.l(sqrtf_full.o)
    0x0800747c   0x0000009c   Code   RO         7086    i.uart_rx_idle_callback  drv_usart.o
    0x08007518   0x00000068   Code   RO         5258    i.ulTaskNotifyTake  tasks.o
    0x08007580   0x00000026   Code   RO         4737    i.uxListRemove      list.o
    0x080075a6   0x00000002   PAD
    0x080075a8   0x00000014   Code   RO         5932    i.vApplicationGetIdleTaskMemory  freertos.o
    0x080075bc   0x00000018   Code   RO         5933    i.vApplicationGetTimerTaskMemory  freertos.o
    0x080075d4   0x00000016   Code   RO         4738    i.vListInitialise   list.o
    0x080075ea   0x00000006   Code   RO         4739    i.vListInitialiseItem  list.o
    0x080075f0   0x00000030   Code   RO         4740    i.vListInsert       list.o
    0x08007620   0x00000018   Code   RO         4741    i.vListInsertEnd    list.o
    0x08007638   0x00000040   Code   RO         4845    i.vPortEnterCritical  port.o
    0x08007678   0x00000028   Code   RO         4846    i.vPortExitCritical  port.o
    0x080076a0   0x00000064   Code   RO         4776    i.vPortFree         heap_4.o
    0x08007704   0x00000024   Code   RO         4847    i.vPortSetupTimerInterrupt  port.o
    0x08007728   0x00000054   Code   RO         4848    i.vPortValidateInterruptPriority  port.o
    0x0800777c   0x00000028   Code   RO         4927    i.vQueueAddToRegistry  queue.o
    0x080077a4   0x00000044   Code   RO         4930    i.vQueueWaitForMessageRestricted  queue.o
    0x080077e8   0x0000004c   Code   RO         5265    i.vTaskDelay        tasks.o
    0x08007834   0x00000010   Code   RO         5269    i.vTaskInternalSetTimeOutState  tasks.o
    0x08007844   0x0000000c   Code   RO         5270    i.vTaskMissedYield  tasks.o
    0x08007850   0x000000b4   Code   RO         5271    i.vTaskNotifyGiveFromISR  tasks.o
    0x08007904   0x00000030   Code   RO         5272    i.vTaskPlaceOnEventList  tasks.o
    0x08007934   0x00000038   Code   RO         5273    i.vTaskPlaceOnEventListRestricted  tasks.o
    0x0800796c   0x00000088   Code   RO         5280    i.vTaskStartScheduler  tasks.o
    0x080079f4   0x00000010   Code   RO         5282    i.vTaskSuspendAll   tasks.o
    0x08007a04   0x0000005c   Code   RO         5283    i.vTaskSwitchContext  tasks.o
    0x08007a60   0x000000f4   Code   RO         4849    i.xPortStartScheduler  port.o
    0x08007b54   0x00000066   Code   RO         4934    i.xQueueGenericCreateStatic  queue.o
    0x08007bba   0x00000002   PAD
    0x08007bbc   0x00000088   Code   RO         4935    i.xQueueGenericReset  queue.o
    0x08007c44   0x00000160   Code   RO         4936    i.xQueueGenericSend  queue.o
    0x08007da4   0x000000be   Code   RO         4937    i.xQueueGenericSendFromISR  queue.o
    0x08007e62   0x00000002   PAD
    0x08007e64   0x00000138   Code   RO         4945    i.xQueueReceive     queue.o
    0x08007f9c   0x00000088   Code   RO         5286    i.xTaskCheckForTimeOut  tasks.o
    0x08008024   0x0000005a   Code   RO         5287    i.xTaskCreate       tasks.o
    0x0800807e   0x00000056   Code   RO         5288    i.xTaskCreateStatic  tasks.o
    0x080080d4   0x00000084   Code   RO         5292    i.xTaskGetHandle    tasks.o
    0x08008158   0x0000001c   Code   RO         5293    i.xTaskGetSchedulerState  tasks.o
    0x08008174   0x0000000c   Code   RO         5294    i.xTaskGetTickCount  tasks.o
    0x08008180   0x000000cc   Code   RO         5296    i.xTaskIncrementTick  tasks.o
    0x0800824c   0x00000098   Code   RO         5299    i.xTaskPriorityDisinherit  tasks.o
    0x080082e4   0x00000074   Code   RO         5301    i.xTaskRemoveFromEventList  tasks.o
    0x08008358   0x000000c4   Code   RO         5302    i.xTaskResumeAll    tasks.o
    0x0800841c   0x00000060   Code   RO         5611    i.xTimerCreateTimerTask  timers.o
    0x0800847c   0x00000068   Code   RO         5612    i.xTimerGenericCommand  timers.o
    0x080084e4   0x00000012   Data   RO          362    .constdata          BMI088driver.o
    0x080084f6   0x00000008   Data   RO         1347    .constdata          stm32f4xx_hal_dma.o
    0x080084fe   0x00000002   PAD
    0x08008500   0x0000008c   Data   RO         5935    .constdata          freertos.o
    0x0800858c   0x00000010   Data   RO         6551    .constdata          system_stm32f4xx.o
    0x0800859c   0x00000008   Data   RO         6552    .constdata          system_stm32f4xx.o
    0x080085a4   0x00000300   Data   RO         6728    .constdata          CRC.o
    0x080088a4   0x0000000c   Data   RO         7412    .constdata          INS_task.o
    0x080088b0   0x0000003c   Data   RO         5936    .conststring        freertos.o
    0x080088ec   0x00000020   Data   RO         7926    Region$$Table       anon$$obj.o


    Execution Region RW_IRAM1 (Base: 0x20000000, Size: 0x000096a0, Max: 0x0001c000, ABSOLUTE, COMPRESSED[0x00000060])

    Base Addr    Size         Type   Attr      Idx    E Section Name        Object

    0x20000000   0x00000030   Data   RW          363    .data               BMI088driver.o
    0x20000030   0x0000000c   Data   RW          804    .data               stm32f4xx_hal.o
    0x2000003c   0x00000020   Data   RW         4782    .data               heap_4.o
    0x2000005c   0x0000000c   Data   RW         4850    .data               port.o
    0x20000068   0x0000003c   Data   RW         5305    .data               tasks.o
    0x200000a4   0x00000014   Data   RW         5620    .data               timers.o
    0x200000b8   0x00000004   Data   RW         5746    .data               can.o
    0x200000bc   0x00000014   Data   RW         5938    .data               freertos.o
    0x200000d0   0x00000004   Data   RW         6553    .data               system_stm32f4xx.o
    0x200000d4   0x00000002   Data   RW         6729    .data               CRC.o
    0x200000d6   0x00000002   PAD
    0x200000d8   0x00000008   Data   RW         6881    .data               bsp_delay.o
    0x200000e0   0x00000001   Data   RW         7088    .data               drv_usart.o
    0x200000e1   0x00000003   PAD
    0x200000e4   0x00000010   Data   RW         7158    .data               judge.o
    0x200000f4   0x00000022   Data   RW         7206    .data               rc_potocal.o
    0x20000116   0x00000002   PAD
    0x20000118   0x00000090   Data   RW         7414    .data               INS_task.o
    0x200001a8   0x0000000e   Data   RW         7568    .data               exchange.o
    0x200001b6   0x00000002   PAD
    0x200001b8   0x00000004   Data   RW         7915    .data               mc_w.l(errno.o)
    0x200001bc   0x00006000   Zero   RW         4781    .bss                heap_4.o
    0x200061bc   0x00000040   Zero   RW         4948    .bss                queue.o
    0x200061fc   0x000000f0   Zero   RW         5304    .bss                tasks.o
    0x200062ec   0x00000110   Zero   RW         5619    .bss                timers.o
    0x200063fc   0x00000050   Zero   RW         5745    .bss                can.o
    0x2000644c   0x000006a8   Zero   RW         5934    .bss                freertos.o
    0x20006af4   0x00000054   Zero   RW         6046    .bss                i2c.o
    0x20006b48   0x00000118   Zero   RW         6251    .bss                spi.o
    0x20006c60   0x00000048   Zero   RW         6317    .bss                stm32f4xx_hal_timebase_tim.o
    0x20006ca8   0x00000168   Zero   RW         6595    .bss                tim.o
    0x20006e10   0x0000030c   Zero   RW         6668    .bss                usart.o
    0x2000711c   0x00000010   Zero   RW         6991    .bss                drv_can.o
    0x2000712c   0x000001c0   Zero   RW         7087    .bss                drv_usart.o
    0x200072ec   0x000000ca   Zero   RW         7155    .bss                judge.o
    0x200073b6   0x00000016   Zero   RW         7204    .bss                rc_potocal.o
    0x200073cc   0x000000b8   Zero   RW         7246    .bss                Gimbal_task.o
    0x20007484   0x000000f4   Zero   RW         7411    .bss                INS_task.o
    0x20007578   0x00000128   Zero   RW         7524    .bss                Shoot_task.o
    0x200076a0   0x00002000   Zero   RW         7598    STACK               startup_stm32f407xx.o


    Execution Region RW_IRAM2 (Base: 0x2001c000, Size: 0x00000000, Max: 0x00004000, ABSOLUTE)

    **** No section assigned to this execution region ****


==============================================================================

Image component sizes


      Code (inc. data)   RO Data    RW Data    ZI Data      Debug   Object Name

       108         28          0          0          0     613916   BMI088Middleware.o
      2178         36         18         48          0      10983   BMI088driver.o
       170         16        768          2          0       3727   CRC.o
       540         90          0          0        184       5053   Gimbal_task.o
      2308        174         12        144        244      12853   INS_task.o
         0          0          0          0          0     564376   QuaternionEKF.o
       372         42          0          0        296       3029   Shoot_task.o
        92         18          0          8          0       1356   bsp_delay.o
        12          4          0          0          0        522   bsp_imu_pwm.o
       452         40          0          0          0       1538   bsp_spi.o
       420         42          0          4         80       2514   can.o
       120          0          0          0          0      23245   cmsis_os.o
         0          0          0          0          0       8956   croutine.o
       172          4          0          0          0     684922   dma.o
       658         42          0          0         16       5177   drv_can.o
      1044         84          0          1        448       6120   drv_usart.o
         0          0          0          0          0      17268   event_groups.o
       136         14          0         14          0       1773   exchange.o
       180         20        200         20       1704      10231   freertos.o
       548         32          0          0          0       1287   gpio.o
       472         24          0         32      24576      22207   heap_4.o
       212         32          0          0         84       1737   i2c.o
       480         24          0         16        202       7450   judge.o
       138          0          0          0          0       3618   list.o
       308         24          0          0          0       2920   main.o
       476         20          0          0          0       2589   pid.o
       388          8          0          0          0       2642   pid_imu.o
       786         82          0         12          0      12409   port.o
      1502         20          0          0         64      17468   queue.o
       260         10          0         34         22       2511   rc_potocal.o
       340         34          0          0        280       1927   spi.o
        36          8        392          0       8192        816   startup_stm32f407xx.o
        80         14          0         12          0       8146   stm32f4xx_hal.o
      1638          6          0          0          0      14499   stm32f4xx_hal_can.o
       158         14          0          0          0      33218   stm32f4xx_hal_cortex.o
       934         16          8          0          0       5695   stm32f4xx_hal_dma.o
       530         52          0          0          0       2867   stm32f4xx_hal_gpio.o
       392         16          0          0          0       3143   stm32f4xx_hal_i2c.o
        56          4          0          0          0        862   stm32f4xx_hal_msp.o
      1412         86          0          0          0       5985   stm32f4xx_hal_rcc.o
      1212         18          0          0          0       7246   stm32f4xx_hal_spi.o
      2020        136          0          0          0      17146   stm32f4xx_hal_tim.o
       232         28          0          0          0       3333   stm32f4xx_hal_tim_ex.o
       152         20          0          0         72       1487   stm32f4xx_hal_timebase_tim.o
      1276         16          0          0          0       8468   stm32f4xx_hal_uart.o
       346        122          0          0          0      13978   stm32f4xx_it.o
        28          6         24          4          0       1167   system_stm32f4xx.o
      2696        188          0         60        240      32193   tasks.o
       936         78          0          0        360       5294   tim.o
       972         80          0         20        272      12747   timers.o
       884         72          0          0        780       3770   usart.o
         0          0          0          0          0     160996   user_lib.o

    ----------------------------------------------------------------------
     30912       1944       1456        440      38116    2399380   Object Totals
         0          0         32          0          0          0   (incl. Generated)
        50          0          2          9          0          0   (incl. Padding)

    ----------------------------------------------------------------------

      Code (inc. data)   RO Data    RW Data    ZI Data      Debug   Library Member Name

       300         42          0          0          0        176   asinf.o
       592         90          0          0          0        184   atan2f.o
        38          0          0          0          0        116   fpclassifyf.o
        44         12          0          0          0        464   funder.o
        62          0          0          0          0        136   sqrtf_full.o
        86          0          0          0          0          0   __dczerorl2.o
         0          0          0          0          0          0   entry.o
         0          0          0          0          0          0   entry10a.o
         0          0          0          0          0          0   entry11a.o
         8          4          0          0          0          0   entry2.o
         4          0          0          0          0          0   entry5.o
         0          0          0          0          0          0   entry7b.o
         0          0          0          0          0          0   entry8b.o
         8          4          0          0          0          0   entry9a.o
        12          6          0          4          0         68   errno.o
        30          0          0          0          0          0   handlers.o
        36          8          0          0          0         68   init.o
         0          0          0          0          0          0   iusefp.o
        30          0          0          0          0         68   llshl.o
        36          0          0          0          0         68   llsshr.o
        32          0          0          0          0         68   llushr.o
        36          0          0          0          0         68   memcpya.o
        36          0          0          0          0        108   memseta.o
        14          0          0          0          0         68   strlen.o
        98          0          0          0          0         92   uldiv.o
        56          0          0          0          0         88   d2f.o
       334          0          0          0          0        148   dadd.o
       222          0          0          0          0        100   ddiv.o
       186          0          0          0          0        176   depilogue.o
        34          0          0          0          0         76   dflti.o
       228          0          0          0          0         96   dmul.o
        38          0          0          0          0         68   f2d.o
       110          0          0          0          0        168   fepilogue.o

    ----------------------------------------------------------------------
      2716        166          0          4          0       2672   Library Totals
         6          0          0          0          0          0   (incl. Padding)

    ----------------------------------------------------------------------

      Code (inc. data)   RO Data    RW Data    ZI Data      Debug   Library Name

      1036        144          0          0          0       1076   m_wm.l
       466         22          0          4          0        676   mc_w.l
      1208          0          0          0          0        920   mf_w.l

    ----------------------------------------------------------------------
      2716        166          0          4          0       2672   Library Totals

    ----------------------------------------------------------------------

==============================================================================


      Code (inc. data)   RO Data    RW Data    ZI Data      Debug   

     33628       2110       1456        444      38116    2373408   Grand Totals
     33628       2110       1456         96      38116    2373408   ELF Image Totals (compressed)
     33628       2110       1456         96          0          0   ROM Totals

==============================================================================

    Total RO  Size (Code + RO Data)                35084 (  34.26kB)
    Total RW  Size (RW Data + ZI Data)             38560 (  37.66kB)
    Total ROM Size (Code + RO Data + RW Data)      35180 (  34.36kB)

==============================================================================

