Component: ARM Compiler 5.06 update 1 (build 61) Tool: armlink [4d35a8]

==============================================================================

Section Cross References

    QuaternionEKF.o(i.IMU_QuaternionEKF_F_Linearization_P_Fading) refers to QuaternionEKF.o(i.invSqrt) for invSqrt
    QuaternionEKF.o(i.IMU_QuaternionEKF_F_Linearization_P_Fading) refers to QuaternionEKF.o(.bss) for .bss
    QuaternionEKF.o(i.IMU_QuaternionEKF_Init) refers to kalman_filter.o(i.Kalman_Filter_Init) for Kalman_Filter_Init
    QuaternionEKF.o(i.IMU_QuaternionEKF_Init) refers to arm_mat_init_f32.o(.text) for arm_mat_init_f32
    QuaternionEKF.o(i.IMU_QuaternionEKF_Init) refers to memcpya.o(.text) for __aeabi_memcpy4
    QuaternionEKF.o(i.IMU_QuaternionEKF_Init) refers to QuaternionEKF.o(.bss) for .bss
    QuaternionEKF.o(i.IMU_QuaternionEKF_Init) refers to QuaternionEKF.o(i.IMU_QuaternionEKF_Observe) for IMU_QuaternionEKF_Observe
    QuaternionEKF.o(i.IMU_QuaternionEKF_Init) refers to QuaternionEKF.o(i.IMU_QuaternionEKF_F_Linearization_P_Fading) for IMU_QuaternionEKF_F_Linearization_P_Fading
    QuaternionEKF.o(i.IMU_QuaternionEKF_Init) refers to QuaternionEKF.o(i.IMU_QuaternionEKF_SetH) for IMU_QuaternionEKF_SetH
    QuaternionEKF.o(i.IMU_QuaternionEKF_Init) refers to QuaternionEKF.o(i.IMU_QuaternionEKF_xhatUpdate) for IMU_QuaternionEKF_xhatUpdate
    QuaternionEKF.o(i.IMU_QuaternionEKF_Init) refers to QuaternionEKF.o(.constdata) for .constdata
    QuaternionEKF.o(i.IMU_QuaternionEKF_Init) refers to QuaternionEKF.o(.data) for .data
    QuaternionEKF.o(i.IMU_QuaternionEKF_Observe) refers to memcpya.o(.text) for __aeabi_memcpy4
    QuaternionEKF.o(i.IMU_QuaternionEKF_Observe) refers to QuaternionEKF.o(.data) for .data
    QuaternionEKF.o(i.IMU_QuaternionEKF_Observe) refers to QuaternionEKF.o(.bss) for .bss
    QuaternionEKF.o(i.IMU_QuaternionEKF_SetH) refers to memseta.o(.text) for __aeabi_memclr4
    QuaternionEKF.o(i.IMU_QuaternionEKF_SetH) refers to QuaternionEKF.o(.data) for .data
    QuaternionEKF.o(i.IMU_QuaternionEKF_SetH) refers to kalman_filter.o(.data) for sizeof_float
    QuaternionEKF.o(i.IMU_QuaternionEKF_Update) refers to QuaternionEKF.o(i.IMU_QuaternionEKF_Init) for IMU_QuaternionEKF_Init
    QuaternionEKF.o(i.IMU_QuaternionEKF_Update) refers to memcpya.o(.text) for __aeabi_memcpy4
    QuaternionEKF.o(i.IMU_QuaternionEKF_Update) refers to QuaternionEKF.o(i.invSqrt) for invSqrt
    QuaternionEKF.o(i.IMU_QuaternionEKF_Update) refers to kalman_filter.o(i.Kalman_Filter_Update) for Kalman_Filter_Update
    QuaternionEKF.o(i.IMU_QuaternionEKF_Update) refers to atan2f.o(i.__hardfp_atan2f) for __hardfp_atan2f
    QuaternionEKF.o(i.IMU_QuaternionEKF_Update) refers to asinf.o(i.__hardfp_asinf) for __hardfp_asinf
    QuaternionEKF.o(i.IMU_QuaternionEKF_Update) refers to QuaternionEKF.o(.bss) for .bss
    QuaternionEKF.o(i.IMU_QuaternionEKF_Update) refers to QuaternionEKF.o(.data) for .data
    QuaternionEKF.o(i.IMU_QuaternionEKF_Update) refers to QuaternionEKF.o(.constdata) for .constdata
    QuaternionEKF.o(i.IMU_QuaternionEKF_xhatUpdate) refers to arm_mat_trans_f32.o(.text) for arm_mat_trans_f32
    QuaternionEKF.o(i.IMU_QuaternionEKF_xhatUpdate) refers to arm_mat_mult_f32.o(.text) for arm_mat_mult_f32
    QuaternionEKF.o(i.IMU_QuaternionEKF_xhatUpdate) refers to arm_mat_add_f32.o(.text) for arm_mat_add_f32
    QuaternionEKF.o(i.IMU_QuaternionEKF_xhatUpdate) refers to arm_mat_inverse_f32.o(.text) for arm_mat_inverse_f32
    QuaternionEKF.o(i.IMU_QuaternionEKF_xhatUpdate) refers to acosf.o(i.__hardfp_acosf) for __hardfp_acosf
    QuaternionEKF.o(i.IMU_QuaternionEKF_xhatUpdate) refers to arm_mat_sub_f32.o(.text) for arm_mat_sub_f32
    QuaternionEKF.o(i.IMU_QuaternionEKF_xhatUpdate) refers to memcpya.o(.text) for __aeabi_memcpy4
    QuaternionEKF.o(i.IMU_QuaternionEKF_xhatUpdate) refers to QuaternionEKF.o(.data) for .data
    QuaternionEKF.o(i.IMU_QuaternionEKF_xhatUpdate) refers to QuaternionEKF.o(.bss) for .bss
    QuaternionEKF.o(i.IMU_QuaternionEKF_xhatUpdate) refers to kalman_filter.o(.data) for sizeof_float
    BMI088Middleware.o(i.BMI088_ACCEL_NS_H) refers to stm32f4xx_hal_gpio.o(i.HAL_GPIO_WritePin) for HAL_GPIO_WritePin
    BMI088Middleware.o(i.BMI088_ACCEL_NS_L) refers to stm32f4xx_hal_gpio.o(i.HAL_GPIO_WritePin) for HAL_GPIO_WritePin
    BMI088Middleware.o(i.BMI088_GYRO_NS_H) refers to stm32f4xx_hal_gpio.o(i.HAL_GPIO_WritePin) for HAL_GPIO_WritePin
    BMI088Middleware.o(i.BMI088_GYRO_NS_L) refers to stm32f4xx_hal_gpio.o(i.HAL_GPIO_WritePin) for HAL_GPIO_WritePin
    BMI088Middleware.o(i.BMI088_delay_ms) refers to cmsis_os.o(i.osDelay) for osDelay
    BMI088Middleware.o(i.BMI088_delay_us) refers to bsp_delay.o(i.delay_us) for delay_us
    BMI088Middleware.o(i.BMI088_read_write_byte) refers to stm32f4xx_hal_spi.o(i.HAL_SPI_TransmitReceive) for HAL_SPI_TransmitReceive
    BMI088Middleware.o(i.BMI088_read_write_byte) refers to spi.o(.bss) for hspi1
[...]
    xTimerStack                              0x200066f8   Data        1024  freertos.o(.bss)
    .bss                                     0x20006af8   Section       84  i2c.o(.bss)
    .bss                                     0x20006b4c   Section      280  spi.o(.bss)
    .bss                                     0x20006c64   Section       72  stm32f4xx_hal_timebase_tim.o(.bss)
    .bss                                     0x20006cac   Section      360  tim.o(.bss)
    .bss                                     0x20006e14   Section      780  usart.o(.bss)
    .bss                                     0x20007120   Section       16  drv_can.o(.bss)
    .bss                                     0x20007130   Section      448  drv_usart.o(.bss)
    .bss                                     0x200072f0   Section      202  judge.o(.bss)
    .bss                                     0x200073ba   Section       22  rc_potocal.o(.bss)
    .bss                                     0x200073d0   Section      184  Gimbal_task.o(.bss)
    .bss                                     0x20007488   Section      244  INS_task.o(.bss)
    accel_fliter_1                           0x20007488   Data          12  INS_task.o(.bss)
    accel_fliter_2                           0x20007494   Data          12  INS_task.o(.bss)
    accel_fliter_3                           0x200074a0   Data          12  INS_task.o(.bss)
    .bss                                     0x2000757c   Section      296  Shoot_task.o(.bss)
    STACK                                    0x200076a8   Section     8192  startup_stm32f407xx.o(STACK)

    Global Symbols

    Symbol Name                              Value     Ov Type        Size  Object(Section)

    BuildAttributes$$THM_ISAv4$E$P$D$K$B$S$7EM$VFPi3$EXTD16$VFPS$VFMA$PE$A:L22UL41UL21$X:L11$S22US41US21$IEEE1$IW$USESV6$~STKCKD$USESV7$~SHL$OTIME$ROPI$IEEEX$EBA8$MICROLIB$REQ8$PRES8$EABIv2 0x00000000   Number         0  anon$$obj.o ABSOLUTE
    __ARM_use_no_argv                        0x00000000   Number         0  main.o ABSOLUTE
    __cpp_initialize__aeabi_                  - Undefined Weak Reference
    __cxa_finalize                            - Undefined Weak Reference
    _clock_init                               - Undefined Weak Reference
    _microlib_exit                            - Undefined Weak Reference
    __Vectors_Size                           0x00000188   Number         0  startup_stm32f407xx.o ABSOLUTE
    __Vectors                                0x08000000   Data           4  startup_stm32f407xx.o(RESET)
    __Vectors_End                            0x08000188   Data           0  startup_stm32f407xx.o(RESET)
    __main                                   0x08000189   Thumb Code     0  entry.o(.ARM.Collect$$$$00000000)
    _main_stk                                0x08000189   Thumb Code     0  entry2.o(.ARM.Collect$$$$00000001)
    _main_scatterload                        0x0800018d   Thumb Code     0  entry5.o(.ARM.Collect$$$$00000004)
    __main_after_scatterload                 0x08000191   Thumb Code     0  entry5.o(.ARM.Collect$$$$00000004)
    _main_clock                              0x08000191   Thumb Code     0  entry7b.o(.ARM.Collect$$$$00000008)
    _main_cpp_init                           0x08000191   Thumb Code     0  entry8b.o(.ARM.Collect$$$$0000000A)
    _main_init                               0x08000191   Thumb Code     0  entry9a.o(.ARM.Collect$$$$0000000B)
    __rt_final_cpp                           0x08000199   Thumb Code     0  entry10a.o(.ARM.Collect$$$$0000000D)
    __rt_final_exit                          0x08000199   Thumb Code     0  entry11a.o(.ARM.Collect$$$$0000000F)
    SVC_Handler                              0x0800019d   Thumb Code    28  port.o(.emb_text)
    __asm___6_port_c_39a90d8d__prvStartFirstTask 0x080001bd   Thumb Code    36  port.o(.emb_text)
    __asm___6_port_c_39a90d8d__prvEnableVFP  0x080001e5   Thumb Code    16  port.o(.emb_text)
    PendSV_Handler                           0x080001f9   Thumb Code    88  port.o(.emb_text)
    vPortGetIPSR                             0x08000255   Thumb Code     6  port.o(.emb_text)
    Reset_Handler                            0x0800025d   Thumb Code     8  startup_stm32f407xx.o(.text)
    ADC_IRQHandler                           0x08000277   Thumb Code     0  startup_stm32f407xx.o(.text)
    CAN1_RX1_IRQHandler                      0x08000277   Thumb Code     0  startup_stm32f407xx.o(.text)
    CAN1_SCE_IRQHandler                      0x08000277   Thumb Code     0  startup_stm32f407xx.o(.text)
    CAN2_RX1_IRQHandler                      0x08000277   Thumb Code     0  startup_stm32f407xx.o(.text)
    CAN2_SCE_IRQHandler                      0x08000277   Thumb Code     0  startup_stm32f407xx.o(.text)
    DCMI_IRQHandler                          0x08000277   Thumb Code     0  startup_stm32f407xx.o(.text)
    DMA1_Stream0_IRQHandler                  0x08000277   Thumb Code     0  startup_stm32f407xx.o(.text)
    DMA1_Stream2_IRQHandler                  0x08000277   Thumb Code     0  startup_stm32f407xx.o(.text)
    DMA1_Stream4_IRQHandler                  0x08000277   Thumb Code     0  startup_stm32f407xx.o(.text)
    DMA1_Stream5_IRQHandler                  0x08000277   Thumb Code     0  startup_stm32f407xx.o(.text)
    DMA1_Stream6_IRQHandler                  0x08000277   Thumb Code     0  startup_stm32f407xx.o(.text)
    DMA1_Stream7_IRQHandler                  0x08000277   Thumb Code     0  startup_stm32f407xx.o(.text)
    DMA2_Stream0_IRQHandler                  0x08000277   Thumb Code     0  startup_stm32f407xx.o(.text)
    DMA2_Stream3_IRQHandler                  0x08000277   Thumb Code     0  startup_stm32f407xx.o(.text)
    DMA2_Stream4_IRQHandler                  0x08000277   Thumb Code     0  startup_stm32f407xx.o(.text)
    ETH_IRQHandler                           0x08000277   Thumb Code     0  startup_stm32f407xx.o(.text)
    ETH_WKUP_IRQHandler                      0x08000277   Thumb Code     0  startup_stm32f407xx.o(.text)
    EXTI15_10_IRQHandler                     0x08000277   Thumb Code     0  startup_stm32f407xx.o(.text)
    EXTI1_IRQHandler                         0x08000277   Thumb Code     0  startup_stm32f407xx.o(.text)
    EXTI2_IRQHandler                         0x08000277   Thumb Code     0  startup_stm32f407xx.o(.text)
    FLASH_IRQHandler                         0x08000277   Thumb Code     0  startup_stm32f407xx.o(.text)
    FMC_IRQHandler                           0x08000277   Thumb Code     0  startup_stm32f407xx.o(.text)
    FPU_IRQHandler                           0x08000277   Thumb Code     0  startup_stm32f407xx.o(.text)
    HASH_RNG_IRQHandler                      0x08000277   Thumb Code     0  startup_stm32f407xx.o(.text)
    I2C1_ER_IRQHandler                       0x08000277   Thumb Code     0  startup_stm32f407xx.o(.text)
    I2C1_EV_IRQHandler                       0x08000277   Thumb Code     0  startup_stm32f407xx.o(.text)
    I2C2_ER_IRQHandler                       0x08000277   Thumb Code     0  startup_stm32f407xx.o(.text)
    I2C2_EV_IRQHandler                       0x08000277   Thumb Code     0  startup_stm32f407xx.o(.text)
    I2C3_ER_IRQHandler                       0x08000277   Thumb Code     0  startup_stm32f407xx.o(.text)
    I2C3_EV_IRQHandler                       0x08000277   Thumb Code     0  startup_stm32f407xx.o(.text)
    OTG_FS_IRQHandler                        0x08000277   Thumb Code     0  startup_stm32f407xx.o(.text)
    OTG_FS_WKUP_IRQHandler                   0x08000277   Thumb Code     0  startup_stm32f407xx.o(.text)
    OTG_HS_EP1_IN_IRQHandler                 0x08000277   Thumb Code     0  startup_stm32f407xx.o(.text)
    OTG_HS_EP1_OUT_IRQHandler                0x08000277   Thumb Code     0  startup_stm32f407xx.o(.text)
    OTG_HS_IRQHandler                        0x08000277   Thumb Code     0  startup_stm32f407xx.o(.text)
    OTG_HS_WKUP_IRQHandler                   0x08000277   Thumb Code     0  startup_stm32f407xx.o(.text)
    PVD_IRQHandler                           0x08000277   Thumb Code     0  startup_stm32f407xx.o(.text)
    RCC_IRQHandler                           0x08000277   Thumb Code     0  startup_stm32f407xx.o(.text)
    RTC_Alarm_IRQHandler                     0x08000277   Thumb Code     0  startup_stm32f407xx.o(.text)
    RTC_WKUP_IRQHandler                      0x08000277   Thumb Code     0  startup_stm32f407xx.o(.text)
    SDIO_IRQHandler                          0x08000277   Thumb Code     0  startup_stm32f407xx.o(.text)
    SPI2_IRQHandler                          0x08000277   Thumb Code     0  startup_stm32f407xx.o(.text)
    SPI3_IRQHandler                          0x08000277   Thumb Code     0  startup_stm32f407xx.o(.text)
    TAMP_STAMP_IRQHandler                    0x08000277   Thumb Code     0  startup_stm32f407xx.o(.text)
    TIM1_CC_IRQHandler                       0x08000277   Thumb Code     0  startup_stm32f407xx.o(.text)
    TIM1_TRG_COM_TIM11_IRQHandler            0x08000277   Thumb Code     0  startup_stm32f407xx.o(.text)
    TIM2_IRQHandler                          0x08000277   Thumb Code     0  startup_stm32f407xx.o(.text)
    TIM4_IRQHandler                          0x08000277   Thumb Code     0  startup_stm32f407xx.o(.text)
    TIM5_IRQHandler                          0x08000277   Thumb Code     0  startup_stm32f407xx.o(.text)
    TIM6_DAC_IRQHandler                      0x08000277   Thumb Code     0  startup_stm32f407xx.o(.text)
    TIM7_IRQHandler                          0x08000277   Thumb Code     0  startup_stm32f407xx.o(.text)
    TIM8_CC_IRQHandler                       0x08000277   Thumb Code     0  startup_stm32f407xx.o(.text)
    TIM8_TRG_COM_TIM14_IRQHandler            0x08000277   Thumb Code     0  startup_stm32f407xx.o(.text)
    UART4_IRQHandler                         0x08000277   Thumb Code     0  startup_stm32f407xx.o(.text)
    UART5_IRQHandler                         0x08000277   Thumb Code     0  startup_stm32f407xx.o(.text)
    USART2_IRQHandler                        0x08000277   Thumb Code     0  startup_stm32f407xx.o(.text)
    WWDG_IRQHandler                          0x08000277   Thumb Code     0  startup_stm32f407xx.o(.text)
    __aeabi_uldivmod                         0x08000281   Thumb Code    98  uldiv.o(.text)
    __aeabi_memcpy                           0x080002e3   Thumb Code    36  memcpya.o(.text)
    __aeabi_memcpy4                          0x080002e3   Thumb Code     0  memcpya.o(.text)
    __aeabi_memcpy8                          0x080002e3   Thumb Code     0  memcpya.o(.text)
    __aeabi_memset                           0x08000307   Thumb Code    14  memseta.o(.text)
    __aeabi_memset4                          0x08000307   Thumb Code     0  memseta.o(.text)
    __aeabi_memset8                          0x08000307   Thumb Code     0  memseta.o(.text)
    __aeabi_memclr                           0x08000315   Thumb Code     4  memseta.o(.text)
    __aeabi_memclr4                          0x08000315   Thumb Code     0  memseta.o(.text)
    __aeabi_memclr8                          0x08000315   Thumb Code     0  memseta.o(.text)
    memset                                   0x08000319   Thumb Code    18  memseta.o(.text)
    strlen                                   0x0800032b   Thumb Code    14  strlen.o(.text)
    __aeabi_dadd                             0x08000339   Thumb Code   322  dadd.o(.text)
    __aeabi_dsub                             0x0800047b   Thumb Code     6  dadd.o(.text)
    __aeabi_drsub                            0x08000481   Thumb Code     6  dadd.o(.text)
    __aeabi_dmul                             0x08000487   Thumb Code   228  dmul.o(.text)
    __aeabi_f2d                              0x0800056b   Thumb Code    38  f2d.o(.text)
    __aeabi_d2f                              0x08000591   Thumb Code    56  d2f.o(.text)
    __aeabi_llsl                             0x080005c9   Thumb Code    30  llshl.o(.text)
    _ll_shift_l                              0x080005c9   Thumb Code     0  llshl.o(.text)
    __aeabi_llsr                             0x080005e7   Thumb Code    32  llushr.o(.text)
    _ll_ushift_r                             0x080005e7   Thumb Code     0  llushr.o(.text)
    __aeabi_lasr                             0x08000607   Thumb Code    36  llsshr.o(.text)
    _ll_sshift_r                             0x08000607   Thumb Code     0  llsshr.o(.text)
    __I$use$fp                               0x0800062b   Thumb Code     0  iusefp.o(.text)
    _float_round                             0x0800062b   Thumb Code    18  fepilogue.o(.text)
    _float_epilogue                          0x0800063d   Thumb Code    92  fepilogue.o(.text)
    _double_round                            0x08000699   Thumb Code    30  depilogue.o(.text)
    _double_epilogue                         0x080006b7   Thumb Code   156  depilogue.o(.text)
    __scatterload                            0x08000755   Thumb Code    28  init.o(.text)
    __scatterload_rt2                        0x08000755   Thumb Code     0  init.o(.text)
    __decompress                             0x08000779   Thumb Code     0  __dczerorl2.o(.text)
    __decompress1                            0x08000779   Thumb Code    86  __dczerorl2.o(.text)
    AHRS_init                                0x080007d1   Thumb Code    26  INS_task.o(i.AHRS_init)
    BMI088_ACCEL_NS_H                        0x080007f1   Thumb Code    10  BMI088Middleware.o(i.BMI088_ACCEL_NS_H)
    BMI088_ACCEL_NS_L                        0x08000801   Thumb Code    10  BMI088Middleware.o(i.BMI088_ACCEL_NS_L)
    BMI088_GPIO_init                         0x08000811   Thumb Code     2  BMI088Middleware.o(i.BMI088_GPIO_init)
    BMI088_GYRO_NS_H                         0x08000815   Thumb Code    10  BMI088Middleware.o(i.BMI088_GYRO_NS_H)
    BMI088_GYRO_NS_L                         0x08000825   Thumb Code    10  BMI088Middleware.o(i.BMI088_GYRO_NS_L)
    BMI088_accel_read_over                   0x08000835   Thumb Code   120  BMI088driver.o(i.BMI088_accel_read_over)
    BMI088_com_init                          0x080008b5   Thumb Code     2  BMI088Middleware.o(i.BMI088_com_init)
    BMI088_delay_ms                          0x080008b7   Thumb Code     4  BMI088Middleware.o(i.BMI088_delay_ms)
    BMI088_delay_us                          0x080008bb   Thumb Code     4  BMI088Middleware.o(i.BMI088_delay_us)
    BMI088_gyro_read_over                    0x080008c1   Thumb Code    92  BMI088driver.o(i.BMI088_gyro_read_over)
    BMI088_init                              0x08000921   Thumb Code    46  BMI088driver.o(i.BMI088_init)
    BMI088_read                              0x08000951   Thumb Code   340  BMI088driver.o(i.BMI088_read)
    BMI088_read_write_byte                   0x08000ae5   Thumb Code    28  BMI088Middleware.o(i.BMI088_read_write_byte)
    BMI088_temperature_read_over             0x08000b05   Thumb Code    46  BMI088driver.o(i.BMI088_temperature_read_over)
    BusFault_Handler                         0x08000b45   Thumb Code     2  stm32f4xx_it.o(i.BusFault_Handler)
    CAN1_Init                                0x08000b49   Thumb Code    56  drv_can.o(i.CAN1_Init)
    CAN1_RX0_IRQHandler                      0x08000b85   Thumb Code     6  stm32f4xx_it.o(i.CAN1_RX0_IRQHandler)
    CAN1_TX_IRQHandler                       0x08000b91   Thumb Code     6  stm32f4xx_it.o(i.CAN1_TX_IRQHandler)
    CAN2_Init                                0x08000b9d   Thumb Code    56  drv_can.o(i.CAN2_Init)
    CAN2_RX0_IRQHandler                      0x08000bd9   Thumb Code     6  stm32f4xx_it.o(i.CAN2_RX0_IRQHandler)
    CAN2_TX_IRQHandler                       0x08000be5   Thumb Code     6  stm32f4xx_it.o(i.CAN2_TX_IRQHandler)
    DMA1_Stream1_IRQHandler                  0x08000bf1   Thumb Code     6  stm32f4xx_it.o(i.DMA1_Stream1_IRQHandler)
    DMA1_Stream3_IRQHandler                  0x08000bfd   Thumb Code     6  stm32f4xx_it.o(i.DMA1_Stream3_IRQHandler)
    DMA2_Stream1_IRQHandler                  0x08000c09   Thumb Code     6  stm32f4xx_it.o(i.DMA2_Stream1_IRQHandler)
    DMA2_Stream2_IRQHandler                  0x08000c15   Thumb Code   142  INS_task.o(i.DMA2_Stream2_IRQHandler)
    DMA2_Stream5_IRQHandler                  0x08000cb9   Thumb Code     6  stm32f4xx_it.o(i.DMA2_Stream5_IRQHandler)
    DMA2_Stream6_IRQHandler                  0x08000cc5   Thumb Code     6  stm32f4xx_it.o(i.DMA2_Stream6_IRQHandler)
    DMA2_Stream7_IRQHandler                  0x08000cd1   Thumb Code     6  stm32f4xx_it.o(i.DMA2_Stream7_IRQHandler)
    DRV_USART3_IRQHandler                    0x08000f9d   Thumb Code    20  drv_usart.o(i.DRV_USART3_IRQHandler)
    DRV_USART6_IRQHandler                    0x08000fb1   Thumb Code    20  drv_usart.o(i.DRV_USART6_IRQHandler)
    DebugMon_Handler                         0x08000fc5   Thumb Code     2  stm32f4xx_it.o(i.DebugMon_Handler)
    EXTI0_IRQHandler                         0x08000fc7   Thumb Code     6  stm32f4xx_it.o(i.EXTI0_IRQHandler)
    EXTI3_IRQHandler                         0x08000fcd   Thumb Code     6  stm32f4xx_it.o(i.EXTI3_IRQHandler)
    EXTI4_IRQHandler                         0x08000fd3   Thumb Code     6  stm32f4xx_it.o(i.EXTI4_IRQHandler)
    EXTI9_5_IRQHandler                       0x08000fd9   Thumb Code    32  stm32f4xx_it.o(i.EXTI9_5_IRQHandler)
    Error_Handler                            0x08000ff9   Thumb Code     4  main.o(i.Error_Handler)
    Get_CRC16_Check_Sum                      0x08000ffd   Thumb Code    38  CRC.o(i.Get_CRC16_Check_Sum)
    Get_CRC8_Check_Sum                       0x08001029   Thumb Code    24  CRC.o(i.Get_CRC8_Check_Sum)
    Gimbal_task                              0x080010bd   Thumb Code    44  Gimbal_task.o(i.Gimbal_task)
    HAL_CAN_ActivateNotification             0x080010f5   Thumb Code    36  stm32f4xx_hal_can.o(i.HAL_CAN_ActivateNotification)
    HAL_CAN_AddTxMessage                     0x08001119   Thumb Code   200  stm32f4xx_hal_can.o(i.HAL_CAN_AddTxMessage)
    HAL_CAN_ConfigFilter                     0x080011e1   Thumb Code   262  stm32f4xx_hal_can.o(i.HAL_CAN_ConfigFilter)
    HAL_CAN_ErrorCallback                    0x080012ed   Thumb Code     2  stm32f4xx_hal_can.o(i.HAL_CAN_ErrorCallback)
    HAL_CAN_GetRxMessage                     0x080012ef   Thumb Code   232  stm32f4xx_hal_can.o(i.HAL_CAN_GetRxMessage)
    HAL_CAN_IRQHandler                       0x080013d7   Thumb Code   508  stm32f4xx_hal_can.o(i.HAL_CAN_IRQHandler)
    HAL_CAN_Init                             0x080015d3   Thumb Code   282  stm32f4xx_hal_can.o(i.HAL_CAN_Init)
    HAL_CAN_MspInit                          0x080016ed   Thumb Code   258  can.o(i.HAL_CAN_MspInit)
    HAL_CAN_RxFifo0FullCallback              0x08001809   Thumb Code     2  stm32f4xx_hal_can.o(i.HAL_CAN_RxFifo0FullCallback)
    HAL_CAN_RxFifo0MsgPendingCallback        0x0800180d   Thumb Code   340  drv_can.o(i.HAL_CAN_RxFifo0MsgPendingCallback)
    HAL_CAN_RxFifo1FullCallback              0x0800197d   Thumb Code     2  stm32f4xx_hal_can.o(i.HAL_CAN_RxFifo1FullCallback)
    HAL_CAN_RxFifo1MsgPendingCallback        0x0800197f   Thumb Code     2  stm32f4xx_hal_can.o(i.HAL_CAN_RxFifo1MsgPendingCallback)
    HAL_CAN_SleepCallback                    0x08001981   Thumb Code     2  stm32f4xx_hal_can.o(i.HAL_CAN_SleepCallback)
    HAL_CAN_Start                            0x08001985   Thumb Code    88  stm32f4xx_hal_can.o(i.HAL_CAN_Start)
    HAL_CAN_TxMailbox0AbortCallback          0x080019dd   Thumb Code     2  stm32f4xx_hal_can.o(i.HAL_CAN_TxMailbox0AbortCallback)
    HAL_CAN_TxMailbox0CompleteCallback       0x080019df   Thumb Code     2  stm32f4xx_hal_can.o(i.HAL_CAN_TxMailbox0CompleteCallback)
    HAL_CAN_TxMailbox1AbortCallback          0x080019e1   Thumb Code     2  stm32f4xx_hal_can.o(i.HAL_CAN_TxMailbox1AbortCallback)
    HAL_CAN_TxMailbox1CompleteCallback       0x080019e3   Thumb Code     2  stm32f4xx_hal_can.o(i.HAL_CAN_TxMailbox1CompleteCallback)
    HAL_CAN_TxMailbox2AbortCallback          0x080019e5   Thumb Code     2  stm32f4xx_hal_can.o(i.HAL_CAN_TxMailbox2AbortCallback)
    HAL_CAN_TxMailbox2CompleteCallback       0x080019e7   Thumb Code     2  stm32f4xx_hal_can.o(i.HAL_CAN_TxMailbox2CompleteCallback)
    HAL_CAN_WakeUpFromRxMsgCallback          0x080019e9   Thumb Code     2  stm32f4xx_hal_can.o(i.HAL_CAN_WakeUpFromRxMsgCallback)
    HAL_DMA_Abort                            0x080019eb   Thumb Code   146  stm32f4xx_hal_dma.o(i.HAL_DMA_Abort)
    HAL_DMA_Abort_IT                         0x08001a7d   Thumb Code    36  stm32f4xx_hal_dma.o(i.HAL_DMA_Abort_IT)
    HAL_DMA_IRQHandler                       0x08001aa1   Thumb Code   412  stm32f4xx_hal_dma.o(i.HAL_DMA_IRQHandler)
    HAL_DMA_Init                             0x08001c41   Thumb Code   206  stm32f4xx_hal_dma.o(i.HAL_DMA_Init)
    HAL_GPIO_EXTI_Callback                   0x08001d15   Thumb Code    98  INS_task.o(i.HAL_GPIO_EXTI_Callback)
    HAL_GPIO_EXTI_IRQHandler                 0x08001d81   Thumb Code    18  stm32f4xx_hal_gpio.o(i.HAL_GPIO_EXTI_IRQHandler)
    HAL_GPIO_Init                            0x08001d99   Thumb Code   450  stm32f4xx_hal_gpio.o(i.HAL_GPIO_Init)
    HAL_GPIO_WritePin                        0x08001f89   Thumb Code    10  stm32f4xx_hal_gpio.o(i.HAL_GPIO_WritePin)
    HAL_GetTick                              0x08001f95   Thumb Code     6  stm32f4xx_hal.o(i.HAL_GetTick)
    HAL_I2C_Init                             0x08001fa1   Thumb Code   376  stm32f4xx_hal_i2c.o(i.HAL_I2C_Init)
    HAL_I2C_MspInit                          0x08002129   Thumb Code   130  i2c.o(i.HAL_I2C_MspInit)
    HAL_IncTick                              0x080021bd   Thumb Code    12  stm32f4xx_hal.o(i.HAL_IncTick)
    HAL_Init                                 0x080021cd   Thumb Code    48  stm32f4xx_hal.o(i.HAL_Init)
    HAL_InitTick                             0x08002201   Thumb Code   132  stm32f4xx_hal_timebase_tim.o(i.HAL_InitTick)
    HAL_MspInit                              0x08002299   Thumb Code    52  stm32f4xx_hal_msp.o(i.HAL_MspInit)
    HAL_NVIC_EnableIRQ                       0x080022d1   Thumb Code    26  stm32f4xx_hal_cortex.o(i.HAL_NVIC_EnableIRQ)
    HAL_NVIC_SetPriority                     0x080022ed   Thumb Code    60  stm32f4xx_hal_cortex.o(i.HAL_NVIC_SetPriority)
    HAL_NVIC_SetPriorityGrouping             0x0800232d   Thumb Code    26  stm32f4xx_hal_cortex.o(i.HAL_NVIC_SetPriorityGrouping)
    HAL_RCC_ClockConfig                      0x08002351   Thumb Code   288  stm32f4xx_hal_rcc.o(i.HAL_RCC_ClockConfig)
    HAL_RCC_GetClockConfig                   0x08002485   Thumb Code    54  stm32f4xx_hal_rcc.o(i.HAL_RCC_GetClockConfig)
    HAL_RCC_GetPCLK1Freq                     0x080024c5   Thumb Code    20  stm32f4xx_hal_rcc.o(i.HAL_RCC_GetPCLK1Freq)
    HAL_RCC_GetPCLK2Freq                     0x080024e5   Thumb Code    20  stm32f4xx_hal_rcc.o(i.HAL_RCC_GetPCLK2Freq)
    HAL_RCC_GetSysClockFreq                  0x08002505   Thumb Code    88  stm32f4xx_hal_rcc.o(i.HAL_RCC_GetSysClockFreq)
    HAL_RCC_OscConfig                        0x08002569   Thumb Code   856  stm32f4xx_hal_rcc.o(i.HAL_RCC_OscConfig)
    HAL_SPI_ErrorCallback                    0x080028d5   Thumb Code     2  stm32f4xx_hal_spi.o(i.HAL_SPI_ErrorCallback)
    HAL_SPI_IRQHandler                       0x080028d9   Thumb Code   246  stm32f4xx_hal_spi.o(i.HAL_SPI_IRQHandler)
    HAL_SPI_Init                             0x080029d5   Thumb Code   188  stm32f4xx_hal_spi.o(i.HAL_SPI_Init)
    HAL_SPI_MspInit                          0x08002a91   Thumb Code   242  spi.o(i.HAL_SPI_MspInit)
    HAL_SPI_TransmitReceive                  0x08002b9d   Thumb Code   482  stm32f4xx_hal_spi.o(i.HAL_SPI_TransmitReceive)
    HAL_TIMEx_BreakCallback                  0x08002d7f   Thumb Code     2  stm32f4xx_hal_tim_ex.o(i.HAL_TIMEx_BreakCallback)
    HAL_TIMEx_CommutCallback                 0x08002d81   Thumb Code     2  stm32f4xx_hal_tim_ex.o(i.HAL_TIMEx_CommutCallback)
    HAL_TIMEx_MasterConfigSynchronization    0x08002d85   Thumb Code   116  stm32f4xx_hal_tim_ex.o(i.HAL_TIMEx_MasterConfigSynchronization)
    HAL_TIM_Base_Init                        0x08002e15   Thumb Code    90  stm32f4xx_hal_tim.o(i.HAL_TIM_Base_Init)
    HAL_TIM_Base_MspInit                     0x08002e71   Thumb Code   204  tim.o(i.HAL_TIM_Base_MspInit)
    HAL_TIM_Base_Start_IT                    0x08002f51   Thumb Code   100  stm32f4xx_hal_tim.o(i.HAL_TIM_Base_Start_IT)
    HAL_TIM_ConfigClockSource                0x08002fd1   Thumb Code   220  stm32f4xx_hal_tim.o(i.HAL_TIM_ConfigClockSource)
    HAL_TIM_IC_CaptureCallback               0x080030ad   Thumb Code     2  stm32f4xx_hal_tim.o(i.HAL_TIM_IC_CaptureCallback)
    HAL_TIM_IRQHandler                       0x080030af   Thumb Code   358  stm32f4xx_hal_tim.o(i.HAL_TIM_IRQHandler)
    HAL_TIM_MspPostInit                      0x08003215   Thumb Code    70  tim.o(i.HAL_TIM_MspPostInit)
    HAL_TIM_OC_DelayElapsedCallback          0x08003269   Thumb Code     2  stm32f4xx_hal_tim.o(i.HAL_TIM_OC_DelayElapsedCallback)
    HAL_TIM_PWM_ConfigChannel                0x0800326b   Thumb Code   204  stm32f4xx_hal_tim.o(i.HAL_TIM_PWM_ConfigChannel)
    HAL_TIM_PWM_Init                         0x08003337   Thumb Code    90  stm32f4xx_hal_tim.o(i.HAL_TIM_PWM_Init)
    HAL_TIM_PWM_MspInit                      0x08003391   Thumb Code     2  stm32f4xx_hal_tim.o(i.HAL_TIM_PWM_MspInit)
    HAL_TIM_PWM_PulseFinishedCallback        0x08003393   Thumb Code     2  stm32f4xx_hal_tim.o(i.HAL_TIM_PWM_PulseFinishedCallback)
    HAL_TIM_PWM_Start                        0x08003395   Thumb Code   172  stm32f4xx_hal_tim.o(i.HAL_TIM_PWM_Start)
    HAL_TIM_PeriodElapsedCallback            0x0800345d   Thumb Code    14  main.o(i.HAL_TIM_PeriodElapsedCallback)
    HAL_TIM_TriggerCallback                  0x08003471   Thumb Code     2  stm32f4xx_hal_tim.o(i.HAL_TIM_TriggerCallback)
    HAL_UARTEx_RxEventCallback               0x08003473   Thumb Code     2  stm32f4xx_hal_uart.o(i.HAL_UARTEx_RxEventCallback)
    HAL_UART_ErrorCallback                   0x08003475   Thumb Code     2  stm32f4xx_hal_uart.o(i.HAL_UART_ErrorCallback)
    HAL_UART_IRQHandler                      0x08003479   Thumb Code   610  stm32f4xx_hal_uart.o(i.HAL_UART_IRQHandler)
    HAL_UART_Init                            0x080036e1   Thumb Code    98  stm32f4xx_hal_uart.o(i.HAL_UART_Init)
    HAL_UART_MspInit                         0x08003745   Thumb Code   668  usart.o(i.HAL_UART_MspInit)
    HAL_UART_RxCpltCallback                  0x08003a11   Thumb Code     2  stm32f4xx_hal_uart.o(i.HAL_UART_RxCpltCallback)
    HAL_UART_TxCpltCallback                  0x08003a13   Thumb Code     2  stm32f4xx_hal_uart.o(i.HAL_UART_TxCpltCallback)
    HardFault_Handler                        0x08003a15   Thumb Code     2  stm32f4xx_it.o(i.HardFault_Handler)
    INS_gyrooffset_calculate                 0x08003a19   Thumb Code   168  INS_task.o(i.INS_gyrooffset_calculate)
    INS_task                                 0x08003acd   Thumb Code   476  INS_task.o(i.INS_task)
    JUDGE_Receive                            0x08003ccd   Thumb Code   414  judge.o(i.JUDGE_Receive)
    MX_CAN1_Init                             0x08003e71   Thumb Code    60  can.o(i.MX_CAN1_Init)
    MX_CAN2_Init                             0x08003eb5   Thumb Code    60  can.o(i.MX_CAN2_Init)
    MX_DMA_Init                              0x08003ef9   Thumb Code   168  dma.o(i.MX_DMA_Init)
    MX_FREERTOS_Init                         0x08003fa5   Thumb Code   118  freertos.o(i.MX_FREERTOS_Init)
    MX_GPIO_Init                             0x08004025   Thumb Code   516  gpio.o(i.MX_GPIO_Init)
    MX_I2C3_Init                             0x08004249   Thumb Code    50  i2c.o(i.MX_I2C3_Init)
    MX_SPI1_Init                             0x08004289   Thumb Code    64  spi.o(i.MX_SPI1_Init)
    MX_TIM10_Init                            0x080042d1   Thumb Code    92  tim.o(i.MX_TIM10_Init)
    MX_TIM1_Init                             0x08004335   Thumb Code    98  tim.o(i.MX_TIM1_Init)
    MX_TIM2_Init                             0x080043a1   Thumb Code    96  tim.o(i.MX_TIM2_Init)
    MX_TIM8_Init                             0x08004405   Thumb Code    94  tim.o(i.MX_TIM8_Init)
    MX_TIM9_Init                             0x0800446d   Thumb Code    68  tim.o(i.MX_TIM9_Init)
    MX_USART1_UART_Init                      0x080044b9   Thumb Code    48  usart.o(i.MX_USART1_UART_Init)
    MX_USART3_UART_Init                      0x080044f1   Thumb Code    48  usart.o(i.MX_USART3_UART_Init)
    MX_USART6_UART_Init                      0x08004529   Thumb Code    48  usart.o(i.MX_USART6_UART_Init)
    MahonyAHRSupdateIMU                      0x08004561   Thumb Code   466  INS_task.o(i.MahonyAHRSupdateIMU)
    MemManage_Handler                        0x08004745   Thumb Code     2  stm32f4xx_it.o(i.MemManage_Handler)
    NMI_Handler                              0x08004747   Thumb Code     2  stm32f4xx_it.o(i.NMI_Handler)
    PID_calc                                 0x08004749   Thumb Code   292  pid_imu.o(i.PID_calc)
    PID_init                                 0x08004871   Thumb Code    88  pid_imu.o(i.PID_init)
    SPI1_DMA_enable                          0x080048cd   Thumb Code   196  bsp_spi.o(i.SPI1_DMA_enable)
    SPI1_DMA_init                            0x080049a1   Thumb Code   216  bsp_spi.o(i.SPI1_DMA_init)
    SPI1_IRQHandler                          0x08004a91   Thumb Code     6  stm32f4xx_it.o(i.SPI1_IRQHandler)
    Shoot_task                               0x08004bbd   Thumb Code    16  Shoot_task.o(i.Shoot_task)
    StartDefaultTask                         0x08004c69   Thumb Code     8  freertos.o(i.StartDefaultTask)
    SysTick_Handler                          0x08004c71   Thumb Code    38  port.o(i.SysTick_Handler)
    SystemClock_Config                       0x08004c9d   Thumb Code   140  main.o(i.SystemClock_Config)
    SystemInit                               0x08004d31   Thumb Code    22  system_stm32f4xx.o(i.SystemInit)
    TIM1_BRK_TIM9_IRQHandler                 0x08004d4d   Thumb Code    18  stm32f4xx_it.o(i.TIM1_BRK_TIM9_IRQHandler)
    TIM1_UP_TIM10_IRQHandler                 0x08004d69   Thumb Code    62  stm32f4xx_it.o(i.TIM1_UP_TIM10_IRQHandler)
    TIM3_IRQHandler                          0x08004db9   Thumb Code     6  stm32f4xx_it.o(i.TIM3_IRQHandler)
    TIM8_BRK_TIM12_IRQHandler                0x08004dc5   Thumb Code     6  stm32f4xx_it.o(i.TIM8_BRK_TIM12_IRQHandler)
    TIM8_UP_TIM13_IRQHandler                 0x08004dd1   Thumb Code     6  stm32f4xx_it.o(i.TIM8_UP_TIM13_IRQHandler)
    TIM_Base_SetConfig                       0x08004ddd   Thumb Code   156  stm32f4xx_hal_tim.o(i.TIM_Base_SetConfig)
    TIM_CCxChannelCmd                        0x08004ea5   Thumb Code    26  stm32f4xx_hal_tim.o(i.TIM_CCxChannelCmd)
    TIM_ETR_SetConfig                        0x08004ebf   Thumb Code    20  stm32f4xx_hal_tim.o(i.TIM_ETR_SetConfig)
    TIM_OC2_SetConfig                        0x08004f45   Thumb Code    98  stm32f4xx_hal_tim.o(i.TIM_OC2_SetConfig)
    USART1_IRQHandler                        0x080052d9   Thumb Code     6  stm32f4xx_it.o(i.USART1_IRQHandler)
    USART3_IRQHandler                        0x080052e5   Thumb Code    18  stm32f4xx_it.o(i.USART3_IRQHandler)
    USART3_Init                              0x080052fd   Thumb Code    52  drv_usart.o(i.USART3_Init)
    USART3_rxDataHandler                     0x08005339   Thumb Code   250  rc_potocal.o(i.USART3_rxDataHandler)
    USART6_IRQHandler                        0x0800543d   Thumb Code    18  stm32f4xx_it.o(i.USART6_IRQHandler)
    USART6_Init                              0x08005455   Thumb Code    52  drv_usart.o(i.USART6_Init)
    Update_data                              0x0800550d   Thumb Code    52  judge.o(i.Update_data)
    UsageFault_Handler                       0x08005549   Thumb Code     2  stm32f4xx_it.o(i.UsageFault_Handler)
    Verify_CRC16_Check_Sum                   0x0800554d   Thumb Code    54  CRC.o(i.Verify_CRC16_Check_Sum)
    Verify_CRC8_Check_Sum                    0x08005589   Thumb Code    38  CRC.o(i.Verify_CRC8_Check_Sum)
    __ARM_fpclassifyf                        0x080055af   Thumb Code    38  fpclassifyf.o(i.__ARM_fpclassifyf)
    __hardfp_asinf                           0x080055f5   Thumb Code   258  asinf.o(i.__hardfp_asinf)
    __hardfp_atan2f                          0x08005721   Thumb Code   502  atan2f.o(i.__hardfp_atan2f)
    __mathlib_flt_infnan                     0x08005971   Thumb Code     6  funder.o(i.__mathlib_flt_infnan)
    __mathlib_flt_infnan2                    0x08005977   Thumb Code     6  funder.o(i.__mathlib_flt_infnan2)
    __mathlib_flt_invalid                    0x0800597d   Thumb Code    10  funder.o(i.__mathlib_flt_invalid)
    __mathlib_flt_underflow                  0x0800598d   Thumb Code    10  funder.o(i.__mathlib_flt_underflow)
    __scatterload_copy                       0x0800599d   Thumb Code    14  handlers.o(i.__scatterload_copy)
    __scatterload_null                       0x080059ab   Thumb Code     2  handlers.o(i.__scatterload_null)
    __scatterload_zeroinit                   0x080059ad   Thumb Code    14  handlers.o(i.__scatterload_zeroinit)
    __set_errno                              0x080059bd   Thumb Code     6  errno.o(i.__set_errno)
    bmi088_accel_init                        0x080059c9   Thumb Code   292  BMI088driver.o(i.bmi088_accel_init)
    bmi088_accel_self_test                   0x08005af1   Thumb Code   714  BMI088driver.o(i.bmi088_accel_self_test)
    bmi088_gyro_init                         0x08005dc5   Thumb Code   214  BMI088driver.o(i.bmi088_gyro_init)
    bmi088_gyro_self_test                    0x08005ea1   Thumb Code   202  BMI088driver.o(i.bmi088_gyro_self_test)
    can_remote                               0x08005f6d   Thumb Code    32  drv_can.o(i.can_remote)
    delay_init                               0x08005f91   Thumb Code    26  bsp_delay.o(i.delay_init)
    delay_us                                 0x08005fb9   Thumb Code    48  bsp_delay.o(i.delay_us)
    exchange_task                            0x08006081   Thumb Code    12  exchange.o(i.exchange_task)
    get_angle                                0x0800608d   Thumb Code   234  INS_task.o(i.get_angle)
    imu_pwm_set                              0x08006321   Thumb Code     8  bsp_imu_pwm.o(i.imu_pwm_set)
    invSqrt                                  0x080063a9   Thumb Code    40  INS_task.o(i.invSqrt)
    main                                     0x080063d5   Thumb Code   118  main.o(i.main)
    osDelay                                  0x080064c5   Thumb Code    14  cmsis_os.o(i.osDelay)
    osKernelStart                            0x080064d3   Thumb Code    10  cmsis_os.o(i.osKernelStart)
    osThreadCreate                           0x080064dd   Thumb Code    84  cmsis_os.o(i.osThreadCreate)
    pcTaskGetName                            0x08006531   Thumb Code    28  tasks.o(i.pcTaskGetName)
    pid_init                                 0x08006551   Thumb Code    86  pid.o(i.pid_init)
    process_MotorInfo                        0x080065ad   Thumb Code    24  drv_can.o(i.process_MotorInfo)
    pvPortMalloc                             0x08006dc5   Thumb Code   216  heap_4.o(i.pvPortMalloc)
    pxPortInitialiseStack                    0x08006ea1   Thumb Code    40  port.o(i.pxPortInitialiseStack)
    sqrtf                                    0x08006ecd   Thumb Code    62  sqrtf_full.o(i.sqrtf)
    ulTaskNotifyTake                         0x08006fa9   Thumb Code    96  tasks.o(i.ulTaskNotifyTake)
    uxListRemove                             0x08007011   Thumb Code    38  list.o(i.uxListRemove)
    vApplicationGetIdleTaskMemory            0x08007039   Thumb Code    16  freertos.o(i.vApplicationGetIdleTaskMemory)
    vApplicationGetTimerTaskMemory           0x0800704d   Thumb Code    18  freertos.o(i.vApplicationGetTimerTaskMemory)
    vListInitialise                          0x08007065   Thumb Code    22  list.o(i.vListInitialise)
    vListInitialiseItem                      0x0800707b   Thumb Code     6  list.o(i.vListInitialiseItem)
    vListInsert                              0x08007081   Thumb Code    48  list.o(i.vListInsert)
    vListInsertEnd                           0x080070b1   Thumb Code    24  list.o(i.vListInsertEnd)
    vPortEnterCritical                       0x080070c9   Thumb Code    54  port.o(i.vPortEnterCritical)
    vPortExitCritical                        0x08007109   Thumb Code    34  port.o(i.vPortExitCritical)
    vPortFree                                0x08007131   Thumb Code    94  heap_4.o(i.vPortFree)
    vPortSetupTimerInterrupt                 0x08007195   Thumb Code    32  port.o(i.vPortSetupTimerInterrupt)
    vPortValidateInterruptPriority           0x080071b9   Thumb Code    74  port.o(i.vPortValidateInterruptPriority)
    vQueueAddToRegistry                      0x0800720d   Thumb Code    34  queue.o(i.vQueueAddToRegistry)
    vQueueWaitForMessageRestricted           0x08007235   Thumb Code    68  queue.o(i.vQueueWaitForMessageRestricted)
    vTaskDelay                               0x08007279   Thumb Code    66  tasks.o(i.vTaskDelay)
    vTaskInternalSetTimeOutState             0x080072c5   Thumb Code    12  tasks.o(i.vTaskInternalSetTimeOutState)
    vTaskMissedYield                         0x080072d5   Thumb Code     8  tasks.o(i.vTaskMissedYield)
    vTaskNotifyGiveFromISR                   0x080072e1   Thumb Code   172  tasks.o(i.vTaskNotifyGiveFromISR)
    vTaskPlaceOnEventList                    0x08007395   Thumb Code    44  tasks.o(i.vTaskPlaceOnEventList)
    vTaskPlaceOnEventListRestricted          0x080073c5   Thumb Code    52  tasks.o(i.vTaskPlaceOnEventListRestricted)
    vTaskStartScheduler                      0x080073fd   Thumb Code   118  tasks.o(i.vTaskStartScheduler)
    vTaskSuspendAll                          0x08007485   Thumb Code    10  tasks.o(i.vTaskSuspendAll)
    vTaskSwitchContext                       0x08007495   Thumb Code    82  tasks.o(i.vTaskSwitchContext)
    xPortStartScheduler                      0x080074f1   Thumb Code   222  port.o(i.xPortStartScheduler)
    xQueueGenericCreateStatic                0x080075e5   Thumb Code   102  queue.o(i.xQueueGenericCreateStatic)
    xQueueGenericReset                       0x0800764d   Thumb Code   132  queue.o(i.xQueueGenericReset)
    xQueueGenericSend                        0x080076d5   Thumb Code   346  queue.o(i.xQueueGenericSend)
    xQueueGenericSendFromISR                 0x08007835   Thumb Code   190  queue.o(i.xQueueGenericSendFromISR)
    xQueueReceive                            0x080078f5   Thumb Code   308  queue.o(i.xQueueReceive)
    xTaskCheckForTimeOut                     0x08007a2d   Thumb Code   132  tasks.o(i.xTaskCheckForTimeOut)
    xTaskCreate                              0x08007ab5   Thumb Code    90  tasks.o(i.xTaskCreate)
    xTaskCreateStatic                        0x08007b0f   Thumb Code    86  tasks.o(i.xTaskCreateStatic)
    xTaskGetHandle                           0x08007b65   Thumb Code   124  tasks.o(i.xTaskGetHandle)
    xTaskGetSchedulerState                   0x08007be9   Thumb Code    22  tasks.o(i.xTaskGetSchedulerState)
    xTaskGetTickCount                        0x08007c05   Thumb Code     6  tasks.o(i.xTaskGetTickCount)
    xTaskIncrementTick                       0x08007c11   Thumb Code   194  tasks.o(i.xTaskIncrementTick)
    xTaskPriorityDisinherit                  0x08007cdd   Thumb Code   144  tasks.o(i.xTaskPriorityDisinherit)
    xTaskRemoveFromEventList                 0x08007d75   Thumb Code   108  tasks.o(i.xTaskRemoveFromEventList)
    xTaskResumeAll                           0x08007de9   Thumb Code   182  tasks.o(i.xTaskResumeAll)
    xTimerCreateTimerTask                    0x08007ead   Thumb Code    78  timers.o(i.xTimerCreateTimerTask)
    xTimerGenericCommand                     0x08007f0d   Thumb Code    98  timers.o(i.xTimerGenericCommand)
    AHBPrescTable                            0x0800801c   Data          16  system_stm32f4xx.o(.constdata)
    APBPrescTable                            0x0800802c   Data           8  system_stm32f4xx.o(.constdata)
    CRC8_TAB                                 0x08008034   Data         256  CRC.o(.constdata)
    wCRC_Table                               0x08008134   Data         512  CRC.o(.constdata)
    Region$$Table$$Base                      0x0800837c   Number         0  anon$$obj.o(Region$$Table)
    Region$$Table$$Limit                     0x0800839c   Number         0  anon$$obj.o(Region$$Table)
    cn1                                      0x20000000   Data           1  BMI088driver.o(.data)
    BMI088_ACCEL_SEN                         0x20000004   Data           4  BMI088driver.o(.data)
    BMI088_GYRO_SEN                          0x20000008   Data           4  BMI088driver.o(.data)
    uwTickFreq                               0x20000030   Data           1  stm32f4xx_hal.o(.data)
    uwTickPrio                               0x20000034   Data           4  stm32f4xx_hal.o(.data)
    uwTick                                   0x20000038   Data           4  stm32f4xx_hal.o(.data)
    pxCurrentTCB                             0x20000068   Data           4  tasks.o(.data)
    Gimbal_taskHandle                        0x200000bc   Data           4  freertos.o(.data)
    shoot_taskHandle                         0x200000c0   Data           4  freertos.o(.data)
    imuTaskHandle                            0x200000c4   Data           4  freertos.o(.data)
    exchangeTaskHandle                       0x200000c8   Data           4  freertos.o(.data)
    defaultTaskHandle                        0x200000cc   Data           4  freertos.o(.data)
    TIM1_flag                                0x200000d0   Data           1  stm32f4xx_it.o(.data)
    TIM1_Count                               0x200000d2   Data           2  stm32f4xx_it.o(.data)
    SystemCoreClock                          0x200000d4   Data           4  system_stm32f4xx.o(.data)
    CRC_INIT                                 0x200000d8   Data           2  CRC.o(.data)
    judge_receive_length                     0x200000e4   Data           1  drv_usart.o(.data)
    Hero_level                               0x200000e8   Data           1  judge.o(.data)
    Hero_id                                  0x200000e9   Data           1  judge.o(.data)
    Hero_42mm_speed_limit                    0x200000ea   Data           2  judge.o(.data)
    Hero_chassis_power_limit                 0x200000ec   Data           2  judge.o(.data)
    newpower                                 0x200000f0   Data           4  judge.o(.data)
    Hero_42mm_speed                          0x200000f4   Data           4  judge.o(.data)
    press_left                               0x200000f8   Data           1  rc_potocal.o(.data)
    press_right                              0x200000f9   Data           1  rc_potocal.o(.data)
    w_flag                                   0x200000fa   Data           2  rc_potocal.o(.data)
    s_flag                                   0x200000fc   Data           2  rc_potocal.o(.data)
    a_flag                                   0x200000fe   Data           2  rc_potocal.o(.data)
    d_flag                                   0x20000100   Data           2  rc_potocal.o(.data)
    q_flag                                   0x20000102   Data           2  rc_potocal.o(.data)
    e_flag                                   0x20000104   Data           2  rc_potocal.o(.data)
    shift_flag                               0x20000106   Data           2  rc_potocal.o(.data)
    ctrl_flag                                0x20000108   Data           2  rc_potocal.o(.data)
    r_flag                                   0x2000010a   Data           2  rc_potocal.o(.data)
    f_flag                                   0x2000010c   Data           2  rc_potocal.o(.data)
    g_flag                                   0x2000010e   Data           2  rc_potocal.o(.data)
    z_flag                                   0x20000110   Data           2  rc_potocal.o(.data)
    x_flag                                   0x20000112   Data           2  rc_potocal.o(.data)
    c_flag                                   0x20000114   Data           2  rc_potocal.o(.data)
    v_flag                                   0x20000116   Data           2  rc_potocal.o(.data)
    b_flag                                   0x20000118   Data           2  rc_potocal.o(.data)
    gyro_update_flag                         0x2000011c   Data           1  INS_task.o(.data)
    accel_update_flag                        0x2000011d   Data           1  INS_task.o(.data)
    accel_temp_update_flag                   0x2000011e   Data           1  INS_task.o(.data)
    imu_start_dma_flag                       0x2000011f   Data           1  INS_task.o(.data)
    accel_temp_dma_tx_buf                    0x20000122   Data           4  INS_task.o(.data)
    twoKp                                    0x20000128   Data           4  INS_task.o(.data)
    twoKi                                    0x2000012c   Data           4  INS_task.o(.data)
    integralFBx                              0x20000130   Data           4  INS_task.o(.data)
    integralFBy                              0x20000134   Data           4  INS_task.o(.data)
    integralFBz                              0x20000138   Data           4  INS_task.o(.data)
    accel_temp_dma_rx_buf                    0x20000144   Data           4  INS_task.o(.data)
    gyro_dma_tx_buf                          0x20000148   Data           8  INS_task.o(.data)
    gyro_dma_rx_buf                          0x20000150   Data           8  INS_task.o(.data)
    accel_dma_tx_buf                         0x20000158   Data           9  INS_task.o(.data)
    gyro_scale_factor                        0x20000164   Data          36  INS_task.o(.data)
    accel_scale_factor                       0x20000188   Data          36  INS_task.o(.data)
    INS_angle_send                           0x200001ac   Data           6  exchange.o(.data)
    ins_buf                                  0x200001b2   Data           8  exchange.o(.data)
    xQueueRegistry                           0x200061c0   Data          64  queue.o(.bss)
    hcan1                                    0x20006400   Data          40  can.o(.bss)
    hcan2                                    0x20006428   Data          40  can.o(.bss)
    hi2c3                                    0x20006af8   Data          84  i2c.o(.bss)
    hspi1                                    0x20006b4c   Data          88  spi.o(.bss)
    hdma_spi1_rx                             0x20006ba4   Data          96  spi.o(.bss)
    hdma_spi1_tx                             0x20006c04   Data          96  spi.o(.bss)
    htim3                                    0x20006c64   Data          72  stm32f4xx_hal_timebase_tim.o(.bss)
    htim1                                    0x20006cac   Data          72  tim.o(.bss)
    htim2                                    0x20006cf4   Data          72  tim.o(.bss)
    htim8                                    0x20006d3c   Data          72  tim.o(.bss)
    htim9                                    0x20006d84   Data          72  tim.o(.bss)
    htim10                                   0x20006dcc   Data          72  tim.o(.bss)
    huart1                                   0x20006e14   Data          68  usart.o(.bss)
    huart3                                   0x20006e58   Data          68  usart.o(.bss)
    huart6                                   0x20006e9c   Data          68  usart.o(.bss)
    hdma_usart1_rx                           0x20006ee0   Data          96  usart.o(.bss)
    hdma_usart1_tx                           0x20006f40   Data          96  usart.o(.bss)
    hdma_usart3_rx                           0x20006fa0   Data          96  usart.o(.bss)
    hdma_usart3_tx                           0x20007000   Data          96  usart.o(.bss)
    hdma_usart6_rx                           0x20007060   Data          96  usart.o(.bss)
    hdma_usart6_tx                           0x200070c0   Data          96  usart.o(.bss)
    powerdata                                0x20007120   Data          16  drv_can.o(.bss)
    judge_dma_buffer                         0x20007130   Data         400  drv_usart.o(.bss)
    usart3_dma_rxbuf                         0x200072c0   Data          48  drv_usart.o(.bss)
    Judge_Hero                               0x200072f0   Data         186  judge.o(.bss)
    powerd                                   0x200073aa   Data          16  judge.o(.bss)
    rc_ctrl                                  0x200073ba   Data          22  rc_potocal.o(.bss)
    gimbal_Pitch                             0x200073d0   Data         184  Gimbal_task.o(.bss)
    INS_gyro                                 0x200074ac   Data          12  INS_task.o(.bss)
    INS_accel                                0x200074b8   Data          12  INS_task.o(.bss)
    INS_mag                                  0x200074c4   Data          12  INS_task.o(.bss)
    INS_quat                                 0x200074d0   Data          16  INS_task.o(.bss)
    INS_angle                                0x200074e0   Data          12  INS_task.o(.bss)
    accel_dma_rx_buf                         0x200074ec   Data           9  INS_task.o(.bss)
    bmi088_real_data                         0x200074f8   Data          36  INS_task.o(.bss)
    accel_offset                             0x2000751c   Data          12  INS_task.o(.bss)
    imu_temp_pid                             0x20007528   Data          72  INS_task.o(.bss)
    gyrooffset                               0x20007570   Data          12  INS_task.o(.bss)
    shooter                                  0x2000757c   Data         296  Shoot_task.o(.bss)
    __initial_sp                             0x200096a8   Data           0  startup_stm32f407xx.o(STACK)



==============================================================================

Memory Map of the image

  Image Entry point : 0x08000189

  Load Region LR_IROM1 (Base: 0x08000000, Size: 0x0000855c, Max: 0x00100000, ABSOLUTE, COMPRESSED[0x000083fc])

    Execution Region ER_IROM1 (Base: 0x08000000, Size: 0x0000839c, Max: 0x00100000, ABSOLUTE)

    Base Addr    Size         Type   Attr      Idx    E Section Name        Object

    0x08000000   0x00000188   Data   RO         7534    RESET               startup_stm32f407xx.o
    0x08000188   0x00000000   Code   RO         7741  * .ARM.Collect$$$$00000000  mc_w.l(entry.o)
    0x08000188   0x00000004   Code   RO         7820    .ARM.Collect$$$$00000001  mc_w.l(entry2.o)
    0x0800018c   0x00000004   Code   RO         7823    .ARM.Collect$$$$00000004  mc_w.l(entry5.o)
    0x08000190   0x00000000   Code   RO         7825    .ARM.Collect$$$$00000008  mc_w.l(entry7b.o)
    0x08000190   0x00000000   Code   RO         7827    .ARM.Collect$$$$0000000A  mc_w.l(entry8b.o)
    0x08000190   0x00000008   Code   RO         7828    .ARM.Collect$$$$0000000B  mc_w.l(entry9a.o)
    0x08000198   0x00000000   Code   RO         7830    .ARM.Collect$$$$0000000D  mc_w.l(entry10a.o)
    0x08000198   0x00000000   Code   RO         7832    .ARM.Collect$$$$0000000F  mc_w.l(entry11a.o)
    0x08000198   0x00000004   Code   RO         7821    .ARM.Collect$$$$00002712  mc_w.l(entry2.o)
    0x0800019c   0x000000be   Code   RO         4973    .emb_text           port.o
    0x0800025a   0x00000002   PAD
    0x0800025c   0x00000024   Code   RO         7535    .text               startup_stm32f407xx.o
    0x08000280   0x00000062   Code   RO         7744    .text               mc_w.l(uldiv.o)
    0x080002e2   0x00000024   Code   RO         7746    .text               mc_w.l(memcpya.o)
    0x08000306   0x00000024   Code   RO         7750    .text               mc_w.l(memseta.o)
    0x0800032a   0x0000000e   Code   RO         7752    .text               mc_w.l(strlen.o)
    0x08000338   0x0000014e   Code   RO         7784    .text               mf_w.l(dadd.o)
    0x08000486   0x000000e4   Code   RO         7786    .text               mf_w.l(dmul.o)
    0x0800056a   0x00000026   Code   RO         7788    .text               mf_w.l(f2d.o)
    0x08000590   0x00000038   Code   RO         7790    .text               mf_w.l(d2f.o)
    0x080005c8   0x0000001e   Code   RO         7834    .text               mc_w.l(llshl.o)
    0x080005e6   0x00000020   Code   RO         7836    .text               mc_w.l(llushr.o)
    0x08000606   0x00000024   Code   RO         7838    .text               mc_w.l(llsshr.o)
    0x0800062a   0x00000000   Code   RO         7849    .text               mc_w.l(iusefp.o)
    0x0800062a   0x0000006e   Code   RO         7850    .text               mf_w.l(fepilogue.o)
    0x08000698   0x000000ba   Code   RO         7852    .text               mf_w.l(depilogue.o)
    0x08000752   0x00000002   PAD
    0x08000754   0x00000024   Code   RO         7854    .text               mc_w.l(init.o)
    0x08000778   0x00000056   Code   RO         7864    .text               mc_w.l(__dczerorl2.o)
    0x080007ce   0x00000002   PAD
    0x080007d0   0x00000020   Code   RO         7341    i.AHRS_init         INS_task.o
    0x080007f0   0x00000010   Code   RO          117    i.BMI088_ACCEL_NS_H  BMI088Middleware.o
    0x08000800   0x00000010   Code   RO          118    i.BMI088_ACCEL_NS_L  BMI088Middleware.o
    0x08000810   0x00000002   Code   RO          119    i.BMI088_GPIO_init  BMI088Middleware.o
    0x08000812   0x00000002   PAD
    0x08000814   0x00000010   Code   RO          120    i.BMI088_GYRO_NS_H  BMI088Middleware.o
    0x08000824   0x00000010   Code   RO          121    i.BMI088_GYRO_NS_L  BMI088Middleware.o
    0x08000834   0x00000080   Code   RO          350    i.BMI088_accel_read_over  BMI088driver.o
    0x080008b4   0x00000002   Code   RO          122    i.BMI088_com_init   BMI088Middleware.o
    0x080008b6   0x00000004   Code   RO          123    i.BMI088_delay_ms   BMI088Middleware.o
    0x080008ba   0x00000004   Code   RO          124    i.BMI088_delay_us   BMI088Middleware.o
    0x080008be   0x00000002   PAD
    0x080008c0   0x00000060   Code   RO          351    i.BMI088_gyro_read_over  BMI088driver.o
    0x08000920   0x0000002e   Code   RO          352    i.BMI088_init       BMI088driver.o
    0x0800094e   0x00000002   PAD
    0x08000950   0x00000158   Code   RO          353    i.BMI088_read       BMI088driver.o
    0x08000aa8   0x00000024   Code   RO          356    i.BMI088_read_muli_reg  BMI088driver.o
    0x08000acc   0x00000016   Code   RO          357    i.BMI088_read_single_reg  BMI088driver.o
    0x08000ae2   0x00000002   PAD
    0x08000ae4   0x00000020   Code   RO          125    i.BMI088_read_write_byte  BMI088Middleware.o
    0x08000b04   0x0000002e   Code   RO          358    i.BMI088_temperature_read_over  BMI088driver.o
    0x08000b32   0x00000012   Code   RO          359    i.BMI088_write_single_reg  BMI088driver.o
    0x08000b44   0x00000002   Code   RO         6415    i.BusFault_Handler  stm32f4xx_it.o
    0x08000b46   0x00000002   PAD
    0x08000b48   0x0000003c   Code   RO         7043    i.CAN1_Init         drv_can.o
    0x08000b84   0x0000000c   Code   RO         6416    i.CAN1_RX0_IRQHandler  stm32f4xx_it.o
    0x08000b90   0x0000000c   Code   RO         6417    i.CAN1_TX_IRQHandler  stm32f4xx_it.o
    0x08000b9c   0x0000003c   Code   RO         7044    i.CAN2_Init         drv_can.o
    0x08000bd8   0x0000000c   Code   RO         6418    i.CAN2_RX0_IRQHandler  stm32f4xx_it.o
    0x08000be4   0x0000000c   Code   RO         6419    i.CAN2_TX_IRQHandler  stm32f4xx_it.o
    0x08000bf0   0x0000000c   Code   RO         6420    i.DMA1_Stream1_IRQHandler  stm32f4xx_it.o
    0x08000bfc   0x0000000c   Code   RO         6421    i.DMA1_Stream3_IRQHandler  stm32f4xx_it.o
    0x08000c08   0x0000000c   Code   RO         6422    i.DMA2_Stream1_IRQHandler  stm32f4xx_it.o
    0x08000c14   0x000000a4   Code   RO         7342    i.DMA2_Stream2_IRQHandler  INS_task.o
    0x08000cb8   0x0000000c   Code   RO         6423    i.DMA2_Stream5_IRQHandler  stm32f4xx_it.o
    0x08000cc4   0x0000000c   Code   RO         6424    i.DMA2_Stream6_IRQHandler  stm32f4xx_it.o
    0x08000cd0   0x0000000c   Code   RO         6425    i.DMA2_Stream7_IRQHandler  stm32f4xx_it.o
    0x08000cdc   0x00000244   Code   RO         7142    i.DMAEx_MultiBufferStart_NoIT  drv_usart.o
    0x08000f20   0x00000028   Code   RO         1465    i.DMA_CalcBaseAndBitshift  stm32f4xx_hal_dma.o
    0x08000f48   0x00000054   Code   RO         1466    i.DMA_CheckFifoParam  stm32f4xx_hal_dma.o
    0x08000f9c   0x00000014   Code   RO         7143    i.DRV_USART3_IRQHandler  drv_usart.o
    0x08000fb0   0x00000014   Code   RO         7144    i.DRV_USART6_IRQHandler  drv_usart.o
    0x08000fc4   0x00000002   Code   RO         6426    i.DebugMon_Handler  stm32f4xx_it.o
    0x08000fc6   0x00000006   Code   RO         6427    i.EXTI0_IRQHandler  stm32f4xx_it.o
    0x08000fcc   0x00000006   Code   RO         6428    i.EXTI3_IRQHandler  stm32f4xx_it.o
    0x08000fd2   0x00000006   Code   RO         6429    i.EXTI4_IRQHandler  stm32f4xx_it.o
    0x08000fd8   0x00000020   Code   RO         6430    i.EXTI9_5_IRQHandler  stm32f4xx_it.o
    0x08000ff8   0x00000004   Code   RO         6214    i.Error_Handler     main.o
    0x08000ffc   0x0000002c   Code   RO         6785    i.Get_CRC16_Check_Sum  CRC.o
    0x08001028   0x0000001c   Code   RO         6786    i.Get_CRC8_Check_Sum  CRC.o
    0x08001044   0x00000078   Code   RO         7299    i.Gimbal_loop_Init  Gimbal_task.o
    0x080010bc   0x00000038   Code   RO         7300    i.Gimbal_task       Gimbal_task.o
    0x080010f4   0x00000024   Code   RO         1097    i.HAL_CAN_ActivateNotification  stm32f4xx_hal_can.o
    0x08001118   0x000000c8   Code   RO         1098    i.HAL_CAN_AddTxMessage  stm32f4xx_hal_can.o
    0x080011e0   0x0000010c   Code   RO         1099    i.HAL_CAN_ConfigFilter  stm32f4xx_hal_can.o
    0x080012ec   0x00000002   Code   RO         1102    i.HAL_CAN_ErrorCallback  stm32f4xx_hal_can.o
    0x080012ee   0x000000e8   Code   RO         1105    i.HAL_CAN_GetRxMessage  stm32f4xx_hal_can.o
    0x080013d6   0x000001fc   Code   RO         1109    i.HAL_CAN_IRQHandler  stm32f4xx_hal_can.o
    0x080015d2   0x0000011a   Code   RO         1110    i.HAL_CAN_Init      stm32f4xx_hal_can.o
    0x080016ec   0x0000011c   Code   RO         5875    i.HAL_CAN_MspInit   can.o
    0x08001808   0x00000002   Code   RO         1117    i.HAL_CAN_RxFifo0FullCallback  stm32f4xx_hal_can.o
    0x0800180a   0x00000002   PAD
    0x0800180c   0x00000170   Code   RO         7045    i.HAL_CAN_RxFifo0MsgPendingCallback  drv_can.o
    0x0800197c   0x00000002   Code   RO         1119    i.HAL_CAN_RxFifo1FullCallback  stm32f4xx_hal_can.o
    0x0800197e   0x00000002   Code   RO         1120    i.HAL_CAN_RxFifo1MsgPendingCallback  stm32f4xx_hal_can.o
    0x08001980   0x00000002   Code   RO         1121    i.HAL_CAN_SleepCallback  stm32f4xx_hal_can.o
    0x08001982   0x00000002   PAD
    0x08001984   0x00000058   Code   RO         1122    i.HAL_CAN_Start     stm32f4xx_hal_can.o
    0x080019dc   0x00000002   Code   RO         1124    i.HAL_CAN_TxMailbox0AbortCallback  stm32f4xx_hal_can.o
    0x080019de   0x00000002   Code   RO         1125    i.HAL_CAN_TxMailbox0CompleteCallback  stm32f4xx_hal_can.o
    0x080019e0   0x00000002   Code   RO         1126    i.HAL_CAN_TxMailbox1AbortCallback  stm32f4xx_hal_can.o
    0x080019e2   0x00000002   Code   RO         1127    i.HAL_CAN_TxMailbox1CompleteCallback  stm32f4xx_hal_can.o
    0x080019e4   0x00000002   Code   RO         1128    i.HAL_CAN_TxMailbox2AbortCallback  stm32f4xx_hal_can.o
    0x080019e6   0x00000002   Code   RO         1129    i.HAL_CAN_TxMailbox2CompleteCallback  stm32f4xx_hal_can.o
    0x080019e8   0x00000002   Code   RO         1131    i.HAL_CAN_WakeUpFromRxMsgCallback  stm32f4xx_hal_can.o
    0x080019ea   0x00000092   Code   RO         1468    i.HAL_DMA_Abort     stm32f4xx_hal_dma.o
    0x08001a7c   0x00000024   Code   RO         1469    i.HAL_DMA_Abort_IT  stm32f4xx_hal_dma.o
    0x08001aa0   0x000001a0   Code   RO         1473    i.HAL_DMA_IRQHandler  stm32f4xx_hal_dma.o
    0x08001c40   0x000000d4   Code   RO         1474    i.HAL_DMA_Init      stm32f4xx_hal_dma.o
    0x08001d14   0x0000006c   Code   RO         7343    i.HAL_GPIO_EXTI_Callback  INS_task.o
    0x08001d80   0x00000018   Code   RO         1882    i.HAL_GPIO_EXTI_IRQHandler  stm32f4xx_hal_gpio.o
    0x08001d98   0x000001f0   Code   RO         1883    i.HAL_GPIO_Init     stm32f4xx_hal_gpio.o
    0x08001f88   0x0000000a   Code   RO         1887    i.HAL_GPIO_WritePin  stm32f4xx_hal_gpio.o
    0x08001f92   0x00000002   PAD
    0x08001f94   0x0000000c   Code   RO          923    i.HAL_GetTick       stm32f4xx_hal.o
    0x08001fa0   0x00000188   Code   RO         1957    i.HAL_I2C_Init      stm32f4xx_hal_i2c.o
    0x08002128   0x00000094   Code   RO         6173    i.HAL_I2C_MspInit   i2c.o
    0x080021bc   0x00000010   Code   RO          929    i.HAL_IncTick       stm32f4xx_hal.o
    0x080021cc   0x00000034   Code   RO          930    i.HAL_Init          stm32f4xx_hal.o
    0x08002200   0x00000098   Code   RO         6376    i.HAL_InitTick      stm32f4xx_hal_timebase_tim.o
    0x08002298   0x00000038   Code   RO         6352    i.HAL_MspInit       stm32f4xx_hal_msp.o
    0x080022d0   0x0000001a   Code   RO         1335    i.HAL_NVIC_EnableIRQ  stm32f4xx_hal_cortex.o
    0x080022ea   0x00000002   PAD
    0x080022ec   0x00000040   Code   RO         1341    i.HAL_NVIC_SetPriority  stm32f4xx_hal_cortex.o
    0x0800232c   0x00000024   Code   RO         1342    i.HAL_NVIC_SetPriorityGrouping  stm32f4xx_hal_cortex.o
    0x08002350   0x00000134   Code   RO         2571    i.HAL_RCC_ClockConfig  stm32f4xx_hal_rcc.o
    0x08002484   0x00000040   Code   RO         2575    i.HAL_RCC_GetClockConfig  stm32f4xx_hal_rcc.o
    0x080024c4   0x00000020   Code   RO         2578    i.HAL_RCC_GetPCLK1Freq  stm32f4xx_hal_rcc.o
    0x080024e4   0x00000020   Code   RO         2579    i.HAL_RCC_GetPCLK2Freq  stm32f4xx_hal_rcc.o
    0x08002504   0x00000064   Code   RO         2580    i.HAL_RCC_GetSysClockFreq  stm32f4xx_hal_rcc.o
    0x08002568   0x0000036c   Code   RO         2583    i.HAL_RCC_OscConfig  stm32f4xx_hal_rcc.o
    0x080028d4   0x00000002   Code   RO         2733    i.HAL_SPI_ErrorCallback  stm32f4xx_hal_spi.o
    0x080028d6   0x00000002   PAD
    0x080028d8   0x000000fc   Code   RO         2736    i.HAL_SPI_IRQHandler  stm32f4xx_hal_spi.o
    0x080029d4   0x000000bc   Code   RO         2737    i.HAL_SPI_Init      stm32f4xx_hal_spi.o
    0x08002a90   0x0000010c   Code   RO         6311    i.HAL_SPI_MspInit   spi.o
    0x08002b9c   0x000001e2   Code   RO         2746    i.HAL_SPI_TransmitReceive  stm32f4xx_hal_spi.o
    0x08002d7e   0x00000002   Code   RO         3754    i.HAL_TIMEx_BreakCallback  stm32f4xx_hal_tim_ex.o
    0x08002d80   0x00000002   Code   RO         3755    i.HAL_TIMEx_CommutCallback  stm32f4xx_hal_tim_ex.o
    0x08002d82   0x00000002   PAD
    0x08002d84   0x00000090   Code   RO         3773    i.HAL_TIMEx_MasterConfigSynchronization  stm32f4xx_hal_tim_ex.o
    0x08002e14   0x0000005a   Code   RO         3050    i.HAL_TIM_Base_Init  stm32f4xx_hal_tim.o
    0x08002e6e   0x00000002   PAD
    0x08002e70   0x000000e0   Code   RO         6650    i.HAL_TIM_Base_MspInit  tim.o
    0x08002f50   0x00000080   Code   RO         3055    i.HAL_TIM_Base_Start_IT  stm32f4xx_hal_tim.o
    0x08002fd0   0x000000dc   Code   RO         3059    i.HAL_TIM_ConfigClockSource  stm32f4xx_hal_tim.o
    0x080030ac   0x00000002   Code   RO         3084    i.HAL_TIM_IC_CaptureCallback  stm32f4xx_hal_tim.o
    0x080030ae   0x00000166   Code   RO         3098    i.HAL_TIM_IRQHandler  stm32f4xx_hal_tim.o
    0x08003214   0x00000054   Code   RO         6651    i.HAL_TIM_MspPostInit  tim.o
    0x08003268   0x00000002   Code   RO         3101    i.HAL_TIM_OC_DelayElapsedCallback  stm32f4xx_hal_tim.o
    0x0800326a   0x000000cc   Code   RO         3122    i.HAL_TIM_PWM_ConfigChannel  stm32f4xx_hal_tim.o
    0x08003336   0x0000005a   Code   RO         3125    i.HAL_TIM_PWM_Init  stm32f4xx_hal_tim.o
    0x08003390   0x00000002   Code   RO         3127    i.HAL_TIM_PWM_MspInit  stm32f4xx_hal_tim.o
    0x08003392   0x00000002   Code   RO         3128    i.HAL_TIM_PWM_PulseFinishedCallback  stm32f4xx_hal_tim.o
    0x08003394   0x000000c8   Code   RO         3130    i.HAL_TIM_PWM_Start  stm32f4xx_hal_tim.o
    0x0800345c   0x00000014   Code   RO         6215    i.HAL_TIM_PeriodElapsedCallback  main.o
    0x08003470   0x00000002   Code   RO         3141    i.HAL_TIM_TriggerCallback  stm32f4xx_hal_tim.o
    0x08003472   0x00000002   Code   RO         4032    i.HAL_UARTEx_RxEventCallback  stm32f4xx_hal_uart.o
    0x08003474   0x00000002   Code   RO         4046    i.HAL_UART_ErrorCallback  stm32f4xx_hal_uart.o
    0x08003476   0x00000002   PAD
    0x08003478   0x00000268   Code   RO         4049    i.HAL_UART_IRQHandler  stm32f4xx_hal_uart.o
    0x080036e0   0x00000062   Code   RO         4050    i.HAL_UART_Init     stm32f4xx_hal_uart.o
    0x08003742   0x00000002   PAD
    0x08003744   0x000002cc   Code   RO         6726    i.HAL_UART_MspInit  usart.o
    0x08003a10   0x00000002   Code   RO         4056    i.HAL_UART_RxCpltCallback  stm32f4xx_hal_uart.o
    0x08003a12   0x00000002   Code   RO         4061    i.HAL_UART_TxCpltCallback  stm32f4xx_hal_uart.o
    0x08003a14   0x00000002   Code   RO         6431    i.HardFault_Handler  stm32f4xx_it.o
    0x08003a16   0x00000002   PAD
    0x08003a18   0x000000b4   Code   RO         7344    i.INS_gyrooffset_calculate  INS_task.o
    0x08003acc   0x00000200   Code   RO         7345    i.INS_task          INS_task.o
    0x08003ccc   0x000001a4   Code   RO         7216    i.JUDGE_Receive     judge.o
    0x08003e70   0x00000044   Code   RO         5876    i.MX_CAN1_Init      can.o
    0x08003eb4   0x00000044   Code   RO         5877    i.MX_CAN2_Init      can.o
    0x08003ef8   0x000000ac   Code   RO         5927    i.MX_DMA_Init       dma.o
    0x08003fa4   0x00000080   Code   RO         6027    i.MX_FREERTOS_Init  freertos.o
    0x08004024   0x00000224   Code   RO         6148    i.MX_GPIO_Init      gpio.o
    0x08004248   0x00000040   Code   RO         6174    i.MX_I2C3_Init      i2c.o
    0x08004288   0x00000048   Code   RO         6312    i.MX_SPI1_Init      spi.o
    0x080042d0   0x00000064   Code   RO         6652    i.MX_TIM10_Init     tim.o
    0x08004334   0x0000006c   Code   RO         6653    i.MX_TIM1_Init      tim.o
    0x080043a0   0x00000064   Code   RO         6654    i.MX_TIM2_Init      tim.o
    0x08004404   0x00000068   Code   RO         6655    i.MX_TIM8_Init      tim.o
    0x0800446c   0x0000004c   Code   RO         6656    i.MX_TIM9_Init      tim.o
    0x080044b8   0x00000038   Code   RO         6727    i.MX_USART1_UART_Init  usart.o
    0x080044f0   0x00000038   Code   RO         6728    i.MX_USART3_UART_Init  usart.o
    0x08004528   0x00000038   Code   RO         6729    i.MX_USART6_UART_Init  usart.o
    0x08004560   0x000001e4   Code   RO         7346    i.MahonyAHRSupdateIMU  INS_task.o
    0x08004744   0x00000002   Code   RO         6432    i.MemManage_Handler  stm32f4xx_it.o
    0x08004746   0x00000002   Code   RO         6433    i.NMI_Handler       stm32f4xx_it.o
    0x08004748   0x00000128   Code   RO         6889    i.PID_calc          pid_imu.o
    0x08004870   0x0000005c   Code   RO         6892    i.PID_init          pid_imu.o
    0x080048cc   0x000000d4   Code   RO         7009    i.SPI1_DMA_enable   bsp_spi.o
    0x080049a0   0x000000f0   Code   RO         7010    i.SPI1_DMA_init     bsp_spi.o
    0x08004a90   0x0000000c   Code   RO         6434    i.SPI1_IRQHandler   stm32f4xx_it.o
    0x08004a9c   0x00000010   Code   RO         2764    i.SPI_DMAAbortOnError  stm32f4xx_hal_spi.o
    0x08004aac   0x00000058   Code   RO         2775    i.SPI_EndRxTxTransaction  stm32f4xx_hal_spi.o
    0x08004b04   0x000000b8   Code   RO         2780    i.SPI_WaitFlagStateUntilTimeout  stm32f4xx_hal_spi.o
    0x08004bbc   0x00000010   Code   RO         7461    i.Shoot_task        Shoot_task.o
    0x08004bcc   0x0000009c   Code   RO         7462    i.Shooter_Inint     Shoot_task.o
    0x08004c68   0x00000008   Code   RO         6028    i.StartDefaultTask  freertos.o
    0x08004c70   0x0000002c   Code   RO         4974    i.SysTick_Handler   port.o
    0x08004c9c   0x00000094   Code   RO         6216    i.SystemClock_Config  main.o
    0x08004d30   0x0000001c   Code   RO         6612    i.SystemInit        system_stm32f4xx.o
    0x08004d4c   0x0000001c   Code   RO         6435    i.TIM1_BRK_TIM9_IRQHandler  stm32f4xx_it.o
    0x08004d68   0x00000050   Code   RO         6436    i.TIM1_UP_TIM10_IRQHandler  stm32f4xx_it.o
    0x08004db8   0x0000000c   Code   RO         6437    i.TIM3_IRQHandler   stm32f4xx_it.o
    0x08004dc4   0x0000000c   Code   RO         6438    i.TIM8_BRK_TIM12_IRQHandler  stm32f4xx_it.o
    0x08004dd0   0x0000000c   Code   RO         6439    i.TIM8_UP_TIM13_IRQHandler  stm32f4xx_it.o
    0x08004ddc   0x000000c8   Code   RO         3143    i.TIM_Base_SetConfig  stm32f4xx_hal_tim.o
    0x08004ea4   0x0000001a   Code   RO         3144    i.TIM_CCxChannelCmd  stm32f4xx_hal_tim.o
    0x08004ebe   0x00000014   Code   RO         3154    i.TIM_ETR_SetConfig  stm32f4xx_hal_tim.o
    0x08004ed2   0x00000010   Code   RO         3155    i.TIM_ITRx_SetConfig  stm32f4xx_hal_tim.o
    0x08004ee2   0x00000002   PAD
    0x08004ee4   0x00000060   Code   RO         3156    i.TIM_OC1_SetConfig  stm32f4xx_hal_tim.o
    0x08004f44   0x0000006c   Code   RO         3157    i.TIM_OC2_SetConfig  stm32f4xx_hal_tim.o
    0x08004fb0   0x00000068   Code   RO         3158    i.TIM_OC3_SetConfig  stm32f4xx_hal_tim.o
    0x08005018   0x00000050   Code   RO         3159    i.TIM_OC4_SetConfig  stm32f4xx_hal_tim.o
    0x08005068   0x00000022   Code   RO         3161    i.TIM_TI1_ConfigInputStage  stm32f4xx_hal_tim.o
    0x0800508a   0x00000024   Code   RO         3163    i.TIM_TI2_ConfigInputStage  stm32f4xx_hal_tim.o
    0x080050ae   0x00000010   Code   RO         4063    i.UART_DMAAbortOnError  stm32f4xx_hal_uart.o
    0x080050be   0x0000004e   Code   RO         4073    i.UART_EndRxTransfer  stm32f4xx_hal_uart.o
    0x0800510c   0x000000c0   Code   RO         4075    i.UART_Receive_IT   stm32f4xx_hal_uart.o
    0x080051cc   0x0000010c   Code   RO         4076    i.UART_SetConfig    stm32f4xx_hal_uart.o
    0x080052d8   0x0000000c   Code   RO         6440    i.USART1_IRQHandler  stm32f4xx_it.o
    0x080052e4   0x00000018   Code   RO         6441    i.USART3_IRQHandler  stm32f4xx_it.o
    0x080052fc   0x0000003c   Code   RO         7145    i.USART3_Init       drv_usart.o
    0x08005338   0x00000104   Code   RO         7263    i.USART3_rxDataHandler  rc_potocal.o
    0x0800543c   0x00000018   Code   RO         6442    i.USART6_IRQHandler  stm32f4xx_it.o
    0x08005454   0x0000003c   Code   RO         7146    i.USART6_Init       drv_usart.o
    0x08005490   0x0000007c   Code   RO         7502    i.Up_send_to_down   exchange.o
    0x0800550c   0x0000003c   Code   RO         7217    i.Update_data       judge.o
    0x08005548   0x00000002   Code   RO         6443    i.UsageFault_Handler  stm32f4xx_it.o
    0x0800554a   0x00000002   PAD
    0x0800554c   0x0000003c   Code   RO         6787    i.Verify_CRC16_Check_Sum  CRC.o
    0x08005588   0x00000026   Code   RO         6788    i.Verify_CRC8_Check_Sum  CRC.o
    0x080055ae   0x00000026   Code   RO         7792    i.__ARM_fpclassifyf  m_wm.l(fpclassifyf.o)
    0x080055d4   0x00000020   Code   RO         1348    i.__NVIC_SetPriority  stm32f4xx_hal_cortex.o
    0x080055f4   0x0000012c   Code   RO         7717    i.__hardfp_asinf    m_wm.l(asinf.o)
    0x08005720   0x00000250   Code   RO         7729    i.__hardfp_atan2f   m_wm.l(atan2f.o)
    0x08005970   0x00000006   Code   RO         7795    i.__mathlib_flt_infnan  m_wm.l(funder.o)
    0x08005976   0x00000006   Code   RO         7796    i.__mathlib_flt_infnan2  m_wm.l(funder.o)
    0x0800597c   0x00000010   Code   RO         7797    i.__mathlib_flt_invalid  m_wm.l(funder.o)
    0x0800598c   0x00000010   Code   RO         7800    i.__mathlib_flt_underflow  m_wm.l(funder.o)
    0x0800599c   0x0000000e   Code   RO         7858    i.__scatterload_copy  mc_w.l(handlers.o)
    0x080059aa   0x00000002   Code   RO         7859    i.__scatterload_null  mc_w.l(handlers.o)
    0x080059ac   0x0000000e   Code   RO         7860    i.__scatterload_zeroinit  mc_w.l(handlers.o)
    0x080059ba   0x00000002   PAD
    0x080059bc   0x0000000c   Code   RO         7844    i.__set_errno       mc_w.l(errno.o)
    0x080059c8   0x00000128   Code   RO          360    i.bmi088_accel_init  BMI088driver.o
    0x08005af0   0x000002d4   Code   RO          361    i.bmi088_accel_self_test  BMI088driver.o
    0x08005dc4   0x000000dc   Code   RO          362    i.bmi088_gyro_init  BMI088driver.o
    0x08005ea0   0x000000ca   Code   RO          363    i.bmi088_gyro_self_test  BMI088driver.o
    0x08005f6a   0x00000002   PAD
    0x08005f6c   0x00000024   Code   RO         7046    i.can_remote        drv_can.o
    0x08005f90   0x00000028   Code   RO         6940    i.delay_init        bsp_delay.o
    0x08005fb8   0x00000034   Code   RO         6942    i.delay_us          bsp_delay.o
    0x08005fec   0x0000004c   Code   RO         7147    i.dma_m0_rxcplt_callback  drv_usart.o
    0x08006038   0x00000048   Code   RO         7148    i.dma_m1_rxcplt_callback  drv_usart.o
    0x08006080   0x0000000c   Code   RO         7503    i.exchange_task     exchange.o
    0x0800608c   0x000000f4   Code   RO         7349    i.get_angle         INS_task.o
    0x08006180   0x000000a4   Code   RO         7351    i.imu_cali_slove    INS_task.o
    0x08006224   0x000000fc   Code   RO         7352    i.imu_cmd_spi_dma   INS_task.o
    0x08006320   0x0000000c   Code   RO         6981    i.imu_pwm_set       bsp_imu_pwm.o
    0x0800632c   0x0000007c   Code   RO         7353    i.imu_temp_control  INS_task.o
    0x080063a8   0x0000002c   Code   RO         7354    i.invSqrt           INS_task.o
    0x080063d4   0x00000080   Code   RO         6217    i.main              main.o
    0x08006454   0x0000000c   Code   RO         4380    i.makeFreeRtosPriority  cmsis_os.o
    0x08006460   0x00000064   Code   RO         7463    i.model_choice      Shoot_task.o
    0x080064c4   0x0000000e   Code   RO         4382    i.osDelay           cmsis_os.o
    0x080064d2   0x0000000a   Code   RO         4385    i.osKernelStart     cmsis_os.o
    0x080064dc   0x00000054   Code   RO         4419    i.osThreadCreate    cmsis_os.o
    0x08006530   0x00000020   Code   RO         5381    i.pcTaskGetName     tasks.o
    0x08006550   0x0000005c   Code   RO         6847    i.pid_init          pid.o
    0x080065ac   0x00000018   Code   RO         7047    i.process_MotorInfo  drv_can.o
    0x080065c4   0x00000078   Code   RO         5382    i.prvAddCurrentTaskToDelayedList  tasks.o
    0x0800663c   0x000000d0   Code   RO         5383    i.prvAddNewTaskToReadyList  tasks.o
    0x0800670c   0x00000058   Code   RO         5730    i.prvCheckForValidListAndQueue  timers.o
    0x08006764   0x00000026   Code   RO         5051    i.prvCopyDataFromQueue  queue.o
    0x0800678a   0x0000006c   Code   RO         5052    i.prvCopyDataToQueue  queue.o
    0x080067f6   0x00000034   Code   RO         5384    i.prvDeleteTCB      tasks.o
    0x0800682a   0x00000002   PAD
    0x0800682c   0x0000004c   Code   RO         4906    i.prvHeapInit       heap_4.o
    0x08006878   0x00000060   Code   RO         5385    i.prvIdleTask       tasks.o
    0x080068d8   0x00000016   Code   RO         5054    i.prvInitialiseNewQueue  queue.o
    0x080068ee   0x00000002   PAD
    0x080068f0   0x000000b4   Code   RO         5386    i.prvInitialiseNewTask  tasks.o
    0x080069a4   0x0000004c   Code   RO         4907    i.prvInsertBlockIntoFreeList  heap_4.o
    0x080069f0   0x00000038   Code   RO         5732    i.prvInsertTimerInActiveList  timers.o
    0x08006a28   0x0000001c   Code   RO         5055    i.prvIsQueueEmpty   queue.o
    0x08006a44   0x000000fc   Code   RO         5733    i.prvProcessReceivedCommands  timers.o
    0x08006b40   0x000000c0   Code   RO         5734    i.prvProcessTimerOrBlockTask  timers.o
    0x08006c00   0x00000020   Code   RO         5387    i.prvResetNextTaskUnblockTime  tasks.o
    0x08006c20   0x00000028   Code   RO         5735    i.prvSampleTimeNow  timers.o
    0x08006c48   0x00000058   Code   RO         5388    i.prvSearchForNameWithinSingleList  tasks.o
    0x08006ca0   0x0000006c   Code   RO         5736    i.prvSwitchTimerLists  timers.o
    0x08006d0c   0x00000028   Code   RO         4975    i.prvTaskExitError  port.o
    0x08006d34   0x00000024   Code   RO         5737    i.prvTimerTask      timers.o
    0x08006d58   0x0000006a   Code   RO         5056    i.prvUnlockQueue    queue.o
    0x08006dc2   0x00000002   PAD
    0x08006dc4   0x000000dc   Code   RO         4908    i.pvPortMalloc      heap_4.o
    0x08006ea0   0x0000002c   Code   RO         4976    i.pxPortInitialiseStack  port.o
    0x08006ecc   0x0000003e   Code   RO         7810    i.sqrtf             m_wm.l(sqrtf_full.o)
    0x08006f0a   0x00000002   PAD
    0x08006f0c   0x0000009c   Code   RO         7149    i.uart_rx_idle_callback  drv_usart.o
    0x08006fa8   0x00000068   Code   RO         5391    i.ulTaskNotifyTake  tasks.o
    0x08007010   0x00000026   Code   RO         4870    i.uxListRemove      list.o
    0x08007036   0x00000002   PAD
    0x08007038   0x00000014   Code   RO         6029    i.vApplicationGetIdleTaskMemory  freertos.o
    0x0800704c   0x00000018   Code   RO         6030    i.vApplicationGetTimerTaskMemory  freertos.o
    0x08007064   0x00000016   Code   RO         4871    i.vListInitialise   list.o
    0x0800707a   0x00000006   Code   RO         4872    i.vListInitialiseItem  list.o
    0x08007080   0x00000030   Code   RO         4873    i.vListInsert       list.o
    0x080070b0   0x00000018   Code   RO         4874    i.vListInsertEnd    list.o
    0x080070c8   0x00000040   Code   RO         4978    i.vPortEnterCritical  port.o
    0x08007108   0x00000028   Code   RO         4979    i.vPortExitCritical  port.o
    0x08007130   0x00000064   Code   RO         4909    i.vPortFree         heap_4.o
    0x08007194   0x00000024   Code   RO         4980    i.vPortSetupTimerInterrupt  port.o
    0x080071b8   0x00000054   Code   RO         4981    i.vPortValidateInterruptPriority  port.o
    0x0800720c   0x00000028   Code   RO         5060    i.vQueueAddToRegistry  queue.o
    0x08007234   0x00000044   Code   RO         5063    i.vQueueWaitForMessageRestricted  queue.o
    0x08007278   0x0000004c   Code   RO         5398    i.vTaskDelay        tasks.o
    0x080072c4   0x00000010   Code   RO         5402    i.vTaskInternalSetTimeOutState  tasks.o
    0x080072d4   0x0000000c   Code   RO         5403    i.vTaskMissedYield  tasks.o
    0x080072e0   0x000000b4   Code   RO         5404    i.vTaskNotifyGiveFromISR  tasks.o
    0x08007394   0x00000030   Code   RO         5405    i.vTaskPlaceOnEventList  tasks.o
    0x080073c4   0x00000038   Code   RO         5406    i.vTaskPlaceOnEventListRestricted  tasks.o
    0x080073fc   0x00000088   Code   RO         5413    i.vTaskStartScheduler  tasks.o
    0x08007484   0x00000010   Code   RO         5415    i.vTaskSuspendAll   tasks.o
    0x08007494   0x0000005c   Code   RO         5416    i.vTaskSwitchContext  tasks.o
    0x080074f0   0x000000f4   Code   RO         4982    i.xPortStartScheduler  port.o
    0x080075e4   0x00000066   Code   RO         5067    i.xQueueGenericCreateStatic  queue.o
    0x0800764a   0x00000002   PAD
    0x0800764c   0x00000088   Code   RO         5068    i.xQueueGenericReset  queue.o
    0x080076d4   0x00000160   Code   RO         5069    i.xQueueGenericSend  queue.o
    0x08007834   0x000000be   Code   RO         5070    i.xQueueGenericSendFromISR  queue.o
    0x080078f2   0x00000002   PAD
    0x080078f4   0x00000138   Code   RO         5078    i.xQueueReceive     queue.o
    0x08007a2c   0x00000088   Code   RO         5419    i.xTaskCheckForTimeOut  tasks.o
    0x08007ab4   0x0000005a   Code   RO         5420    i.xTaskCreate       tasks.o
    0x08007b0e   0x00000056   Code   RO         5421    i.xTaskCreateStatic  tasks.o
    0x08007b64   0x00000084   Code   RO         5425    i.xTaskGetHandle    tasks.o
    0x08007be8   0x0000001c   Code   RO         5426    i.xTaskGetSchedulerState  tasks.o
    0x08007c04   0x0000000c   Code   RO         5427    i.xTaskGetTickCount  tasks.o
    0x08007c10   0x000000cc   Code   RO         5429    i.xTaskIncrementTick  tasks.o
    0x08007cdc   0x00000098   Code   RO         5432    i.xTaskPriorityDisinherit  tasks.o
    0x08007d74   0x00000074   Code   RO         5434    i.xTaskRemoveFromEventList  tasks.o
    0x08007de8   0x000000c4   Code   RO         5435    i.xTaskResumeAll    tasks.o
    0x08007eac   0x00000060   Code   RO         5744    i.xTimerCreateTimerTask  timers.o
    0x08007f0c   0x00000068   Code   RO         5745    i.xTimerGenericCommand  timers.o
    0x08007f74   0x00000012   Data   RO          368    .constdata          BMI088driver.o
    0x08007f86   0x00000008   Data   RO         1480    .constdata          stm32f4xx_hal_dma.o
    0x08007f8e   0x00000002   PAD
    0x08007f90   0x0000008c   Data   RO         6032    .constdata          freertos.o
    0x0800801c   0x00000010   Data   RO         6613    .constdata          system_stm32f4xx.o
    0x0800802c   0x00000008   Data   RO         6614    .constdata          system_stm32f4xx.o
    0x08008034   0x00000300   Data   RO         6790    .constdata          CRC.o
    0x08008334   0x0000000c   Data   RO         7356    .constdata          INS_task.o
    0x08008340   0x0000003c   Data   RO         6033    .conststring        freertos.o
    0x0800837c   0x00000020   Data   RO         7856    Region$$Table       anon$$obj.o


    Execution Region RW_IRAM1 (Base: 0x20000000, Size: 0x000096a8, Max: 0x0001c000, ABSOLUTE, COMPRESSED[0x00000060])

    Base Addr    Size         Type   Attr      Idx    E Section Name        Object

    0x20000000   0x00000030   Data   RW          369    .data               BMI088driver.o
    0x20000030   0x0000000c   Data   RW          937    .data               stm32f4xx_hal.o
    0x2000003c   0x00000020   Data   RW         4915    .data               heap_4.o
    0x2000005c   0x0000000c   Data   RW         4983    .data               port.o
    0x20000068   0x0000003c   Data   RW         5438    .data               tasks.o
    0x200000a4   0x00000014   Data   RW         5753    .data               timers.o
    0x200000b8   0x00000004   Data   RW         5879    .data               can.o
    0x200000bc   0x00000014   Data   RW         6035    .data               freertos.o
    0x200000d0   0x00000004   Data   RW         6444    .data               stm32f4xx_it.o
    0x200000d4   0x00000004   Data   RW         6615    .data               system_stm32f4xx.o
    0x200000d8   0x00000002   Data   RW         6791    .data               CRC.o
    0x200000da   0x00000002   PAD
    0x200000dc   0x00000008   Data   RW         6943    .data               bsp_delay.o
    0x200000e4   0x00000001   Data   RW         7151    .data               drv_usart.o
    0x200000e5   0x00000003   PAD
    0x200000e8   0x00000010   Data   RW         7221    .data               judge.o
    0x200000f8   0x00000022   Data   RW         7266    .data               rc_potocal.o
    0x2000011a   0x00000002   PAD
    0x2000011c   0x00000090   Data   RW         7358    .data               INS_task.o
    0x200001ac   0x0000000e   Data   RW         7504    .data               exchange.o
    0x200001ba   0x00000002   PAD
    0x200001bc   0x00000004   Data   RW         7845    .data               mc_w.l(errno.o)
    0x200001c0   0x00006000   Zero   RW         4914    .bss                heap_4.o
    0x200061c0   0x00000040   Zero   RW         5081    .bss                queue.o
    0x20006200   0x000000f0   Zero   RW         5437    .bss                tasks.o
    0x200062f0   0x00000110   Zero   RW         5752    .bss                timers.o
    0x20006400   0x00000050   Zero   RW         5878    .bss                can.o
    0x20006450   0x000006a8   Zero   RW         6031    .bss                freertos.o
    0x20006af8   0x00000054   Zero   RW         6175    .bss                i2c.o
    0x20006b4c   0x00000118   Zero   RW         6313    .bss                spi.o
    0x20006c64   0x00000048   Zero   RW         6379    .bss                stm32f4xx_hal_timebase_tim.o
    0x20006cac   0x00000168   Zero   RW         6657    .bss                tim.o
    0x20006e14   0x0000030c   Zero   RW         6730    .bss                usart.o
    0x20007120   0x00000010   Zero   RW         7053    .bss                drv_can.o
    0x20007130   0x000001c0   Zero   RW         7150    .bss                drv_usart.o
    0x200072f0   0x000000ca   Zero   RW         7218    .bss                judge.o
    0x200073ba   0x00000016   Zero   RW         7264    .bss                rc_potocal.o
    0x200073d0   0x000000b8   Zero   RW         7302    .bss                Gimbal_task.o
    0x20007488   0x000000f4   Zero   RW         7355    .bss                INS_task.o
    0x2000757c   0x00000128   Zero   RW         7464    .bss                Shoot_task.o
    0x200076a4   0x00000004   PAD
    0x200076a8   0x00002000   Zero   RW         7532    STACK               startup_stm32f407xx.o


    Execution Region RW_IRAM2 (Base: 0x2001c000, Size: 0x00000000, Max: 0x00004000, ABSOLUTE)

    **** No section assigned to this execution region ****


==============================================================================

Image component sizes


      Code (inc. data)   RO Data    RW Data    ZI Data      Debug   Object Name

       108         28          0          0          0     613916   BMI088Middleware.o
      2178         36         18         48          0      16455   BMI088driver.o
       170         16        768          2          0       3727   CRC.o
       176         38          0          0        184       2106   Gimbal_task.o
      2308        174         12        144        244      12853   INS_task.o
         0          0          0          0          0     564376   QuaternionEKF.o
       272         26          0          0        296       2513   Shoot_task.o
        92         18          0          8          0       1356   bsp_delay.o
        12          4          0          0          0        522   bsp_imu_pwm.o
       452         40          0          0          0       1538   bsp_spi.o
       420         42          0          4         80       2514   can.o
       120          0          0          0          0      23245   cmsis_os.o
       172          4          0          0          0     691338   dma.o
       548         40          0          0         16       4483   drv_can.o
      1044         84          0          1        448       6120   drv_usart.o
         0          0          0          0          0      17268   event_groups.o
       136         14          0         14          0       1773   exchange.o
       180         20        200         20       1704      27339   freertos.o
       548         32          0          0          0       1287   gpio.o
       472         24          0         32      24576      22207   heap_4.o
       212         32          0          0         84       1737   i2c.o
       480         24          0         16        202       7450   judge.o
       138          0          0          0          0       3618   list.o
       300         24          0          0          0       2916   main.o
        92          6          0          0          0       1099   pid.o
       388          8          0          0          0       2642   pid_imu.o
       786         82          0         12          0      12409   port.o
      1502         20          0          0         64      17468   queue.o
       260         10          0         34         22       2511   rc_potocal.o
       340         34          0          0        280       1927   spi.o
        36          8        392          0       8192        816   startup_stm32f407xx.o
        80         14          0         12          0       8146   stm32f4xx_hal.o
      1638          6          0          0          0      14499   stm32f4xx_hal_can.o
       158         14          0          0          0      33218   stm32f4xx_hal_cortex.o
       934         16          8          0          0       5695   stm32f4xx_hal_dma.o
       530         52          0          0          0       2867   stm32f4xx_hal_gpio.o
       392         16          0          0          0       3143   stm32f4xx_hal_i2c.o
        56          4          0          0          0        862   stm32f4xx_hal_msp.o
      1412         86          0          0          0       5985   stm32f4xx_hal_rcc.o
      1212         18          0          0          0       7246   stm32f4xx_hal_spi.o
      2020        136          0          0          0      17146   stm32f4xx_hal_tim.o
       148         28          0          0          0       2501   stm32f4xx_hal_tim_ex.o
       152         20          0          0         72       1487   stm32f4xx_hal_timebase_tim.o
      1276         16          0          0          0       8468   stm32f4xx_hal_uart.o
       398        130          0          4          0      14277   stm32f4xx_it.o
        28          6         24          4          0       1167   system_stm32f4xx.o
      2696        188          0         60        240      32193   tasks.o
       796         74          0          0        360       5130   tim.o
       972         80          0         20        272      12747   timers.o
       884         72          0          0        780       3770   usart.o
         0          0          0          0          0     165064   user_lib.o

    ----------------------------------------------------------------------
     29774       1864       1456        444      38120    2417140   Object Totals
         0          0         32          0          0          0   (incl. Generated)
        50          0          2          9          4          0   (incl. Padding)

    ----------------------------------------------------------------------

      Code (inc. data)   RO Data    RW Data    ZI Data      Debug   Library Member Name

       300         42          0          0          0        176   asinf.o
       592         90          0          0          0        184   atan2f.o
        38          0          0          0          0        116   fpclassifyf.o
        44         12          0          0          0        464   funder.o
        62          0          0          0          0        136   sqrtf_full.o
        86          0          0          0          0          0   __dczerorl2.o
         0          0          0          0          0          0   entry.o
         0          0          0          0          0          0   entry10a.o
         0          0          0          0          0          0   entry11a.o
         8          4          0          0          0          0   entry2.o
         4          0          0          0          0          0   entry5.o
         0          0          0          0          0          0   entry7b.o
         0          0          0          0          0          0   entry8b.o
         8          4          0          0          0          0   entry9a.o
        12          6          0          4          0         68   errno.o
        30          0          0          0          0          0   handlers.o
        36          8          0          0          0         68   init.o
         0          0          0          0          0          0   iusefp.o
        30          0          0          0          0         68   llshl.o
        36          0          0          0          0         68   llsshr.o
        32          0          0          0          0         68   llushr.o
        36          0          0          0          0         68   memcpya.o
        36          0          0          0          0        108   memseta.o
        14          0          0          0          0         68   strlen.o
        98          0          0          0          0         92   uldiv.o
        56          0          0          0          0         88   d2f.o
       334          0          0          0          0        148   dadd.o
       186          0          0          0          0        176   depilogue.o
       228          0          0          0          0         96   dmul.o
        38          0          0          0          0         68   f2d.o
       110          0          0          0          0        168   fepilogue.o

    ----------------------------------------------------------------------
      2462        166          0          4          0       2496   Library Totals
         8          0          0          0          0          0   (incl. Padding)

    ----------------------------------------------------------------------

      Code (inc. data)   RO Data    RW Data    ZI Data      Debug   Library Name

      1036        144          0          0          0       1076   m_wm.l
       466         22          0          4          0        676   mc_w.l
       952          0          0          0          0        744   mf_w.l

    ----------------------------------------------------------------------
      2462        166          0          4          0       2496   Library Totals

    ----------------------------------------------------------------------

==============================================================================


      Code (inc. data)   RO Data    RW Data    ZI Data      Debug   

     32236       2030       1456        448      38120    2391596   Grand Totals
     32236       2030       1456         96      38120    2391596   ELF Image Totals (compressed)
     32236       2030       1456         96          0          0   ROM Totals

==============================================================================

    Total RO  Size (Code + RO Data)                33692 (  32.90kB)
    Total RW  Size (RW Data + ZI Data)             38568 (  37.66kB)
    Total ROM Size (Code + RO Data + RW Data)      33788 (  33.00kB)

==============================================================================

